
===========================================================================
 report_power
============================================================================
======================= nom_tt_025C_5v00 Corner ===================================

Group                    Internal    Switching      Leakage        Total
                            Power        Power        Power        Power (Watts)
------------------------------------------------------------------------
Sequential           3.057144e-03 4.182694e-04 2.958673e-08 3.475443e-03  26.7%
Combinational        1.444715e-03 7.970920e-04 4.097686e-08 2.241848e-03  17.2%
Clock                5.838778e-03 1.441764e-03 5.596376e-08 7.280598e-03  56.0%
Macro                0.000000e+00 0.000000e+00 0.000000e+00 0.000000e+00   0.0%
Pad                  0.000000e+00 0.000000e+00 0.000000e+00 0.000000e+00   0.0%
------------------------------------------------------------------------
Total                1.034064e-02 2.657125e-03 1.265273e-07 1.299789e-02 100.0%
                            79.6%        20.4%         0.0%

