Clock: clk
Sources: clk 
Generated: no
Virtual: no
Propagated: no
Period: 24.000000

===========================================================================
report_clock_properties
============================================================================
Clock                   Period          Waveform
----------------------------------------------------
clk                  24.000000    0.000000 12.000000

===========================================================================
report_clock_latency
============================================================================
Clock clk
rise -> rise
    min     max
0.000000 0.000000 source latency
0.350133         network latency _314_/CLK
        0.350133 network latency _314_/CLK
---------------
0.350133 0.350133 latency
        0.000000 skew

fall -> fall
    min     max
0.000000 0.000000 source latency
0.219490         network latency _314_/CLK
        0.219490 network latency _314_/CLK
---------------
0.219490 0.219490 latency
        0.000000 skew



===========================================================================
report_clock_min_period
============================================================================
clk period_min = 0.00 fmax = inf
