OpenROAD 26Q3-2075-g18e98f9e44 
Features included (+) or not (-): -GPU +GUI -Python
This program is licensed under the BSD-3 license. See the LICENSE file for details.
Components of this program may be licensed under more restrictive licenses which must be honored.
[INFO ODB-0227] LEF file: /foss/pdks/sky130A/libs.ref/sky130_fd_sc_hd/techlef/sky130_fd_sc_hd__nom.tlef, created 14 layers, 25 vias
[WARNING ODB-0220] WARNING (LEFPARS-2008): NOWIREEXTENSIONATPIN statement is obsolete in version 5.6 or later.
The NOWIREEXTENSIONATPIN statement will be ignored. See file /foss/pdks/sky130A/libs.ref/sky130_fd_sc_hd/lef/sky130_fd_sc_hd.lef at line 2.

[INFO ODB-0227] LEF file: /foss/pdks/sky130A/libs.ref/sky130_fd_sc_hd/lef/sky130_fd_sc_hd.lef, created 437 library cells
[WARNING IFP-0028] Core area lower left (2.000, 2.000) snapped to (2.300, 2.720).
[INFO IFP-0001] Added 12 rows of 77 site unithd.
[INFO IFP-0100] Die BBox:  (  0.000  0.000 ) ( 40.000 40.000 ) um
[INFO IFP-0101] Core BBox: (  2.300  2.720 ) ( 37.720 35.360 ) um
[INFO IFP-0102] Core area:                         1156.109 um^2
[INFO IFP-0103] Total instances area:                 7.507 um^2
[INFO IFP-0104] Effective utilization:                0.006
[INFO IFP-0105] Number of instances:                      2
Found 0 macro blocks.
Using 2 tracks default min distance between IO pins.
[INFO PPL-0001] Number of available slots 136
[INFO PPL-0002] Number of I/O             2
[INFO PPL-0003] Number of I/O w/sink      2
[INFO PPL-0004] Number of I/O w/o sink    0
[INFO PPL-0005] Slots per section         200
[INFO PPL-0008] Successfully assigned pins to sections.
[INFO PPL-0012] I/O nets HPWL: 40.92 um.
[INFO GPL-0001] ---- Initialize GPL Main Data Structures
[INFO GPL-0002] DBU: 1000
[INFO GPL-0003] SiteSize: (  0.460  2.720 ) um
[INFO GPL-0004] CoreBBox: (  2.300  2.720 ) ( 37.720 35.360 ) um
[INFO GPL-0016] Core area:                    1156.109 um^2
[INFO GPL-0036] Movable instances area:          7.507 um^2
[INFO GPL-0037] Total instances area:            7.507 um^2
[INFO GPL-0035] Pin density area adjust:         0.000 um^2
[INFO GPL-0032] ---- Initialize Region: Top-level
[INFO GPL-0006] Number of instances:                 2
[INFO GPL-0007] Movable instances:                   2
[INFO GPL-0008] Fixed instances:                     0
[INFO GPL-0009] Dummy instances:                     0
[INFO GPL-0010] Number of nets:                      3
[INFO GPL-0011] Number of pins:                      6
[INFO GPL-0012] Die BBox:       (  0.000  0.000 ) ( 40.000 40.000 ) um
[INFO GPL-0013] Placement BBox: (  2.300  2.720 ) ( 37.720 35.360 ) um
[INFO GPL-0014] Region name: top-level.
[INFO GPL-0015] Region area:                  1156.109 um^2
[INFO GPL-0017] Fixed instances area:            0.000 um^2
[INFO GPL-0018] Movable instances area:          7.507 um^2
[INFO GPL-0019] Utilization:                     0.649 %
[INFO GPL-0020] Standard cells area:             7.507 um^2
[INFO GPL-0021] Large instances area:            0.000 um^2
[INFO GPL-0005] ---- Execute Conjugate Gradient Initial Placement.
[INFO GPL-0051] Source of initial instance position counters:
	Odb location = 0	Core center = 2	Region center = 0
[InitialPlace]  Iter: 1 conjugate gradient residual: 0.00000009 HPWL: 49700
[InitialPlace]  Iter: 2 conjugate gradient residual: 0.00000000 HPWL: 15187
[InitialPlace]  Iter: 3 conjugate gradient residual: 0.00000000 HPWL: 15187
[InitialPlace]  Iter: 4 conjugate gradient residual: 0.00000000 HPWL: 15187
[InitialPlace]  Iter: 5 conjugate gradient residual: 0.00000000 HPWL: 15187
[INFO GPL-0033] ---- Initialize Nesterov Region: Top-level
[INFO GPL-0023] Placement target density:       0.7000
[INFO GPL-0024] Movable insts average area:      3.754 um^2
[INFO GPL-0025] Ideal bin area:                  5.362 um^2
[INFO GPL-0026] Ideal bin count:                   215
[INFO GPL-0027] Total bin area:               1156.109 um^2
[INFO GPL-0028] Bin count (X, Y):           8 ,      8
[INFO GPL-0029] Bin size (W * H):       4.428 *  4.080 um
[INFO GPL-0030] Number of bins:                     64
[INFO GPL-0084] ---- Execute Nesterov Global Placement.
[INFO GPL-0031] HPWL: Half-Perimeter Wirelength
Iteration | Overflow |     HPWL (um) |  HPWL(%) |   Penalty | Group
---------------------------------------------------------------
        0 |   0.0000 |  1.248400e+01 |   +0.00% |  6.43e-13 |      
        0 |   0.0000 |  1.248400e+01 |          |  6.68e-13 |      
---------------------------------------------------------------
[INFO GPL-1001] Global placement finished at iteration 0
[INFO GPL-1002] Placed Cell Area                7.5072
[INFO GPL-1003] Available Free Area          1156.1088
[INFO GPL-1004] Minimum Feasible Density        0.0100 (cell_area / free_area)
[INFO GPL-1006]   Suggested Target Densities:
[INFO GPL-1007]     - For 90% usage of free space: 0.0072
[INFO GPL-1008]     - For 80% usage of free space: 0.0081
[INFO GPL-1009]     - For 50% usage of free space: 0.0130
[INFO GPL-1014] Final placement area: 7.51 (+0.00%)
[INFO GPL-1018] Final HPWL (um): 12.28
[INFO DPL-0006] Core area: 1156.11 um^2
[INFO DPL-0007] Movable instances area: 7.51 um^2
[INFO DPL-0008] Fixed instances area within core: 0.00 um^2
[INFO DPL-0009] Utilization: 0.6%
[INFO DPL-0005] Diamond search max displacement: +/- 500 sites horizontally, +/- 100 rows vertically.
[INFO DPL-1102] Legalizing using negotiation legalizer.
[INFO DPL-1103] Negotiation base search window: +/-20 sites horizontally, +/-5 rows vertically 
	Automatic search window extension enabled.
	Search window extendable up to the max displacement cap of +/-500 sites, +/-100 rows near walls.
[INFO DPL-1104] NegotiationLegalizer DRC penalty: 5.
[INFO DPL-0392] Negotiation cell height distribution (1 unique row-count(s)):
[INFO DPL-0393]   height 1 row(s): 2 cells
          |      Total |  Illegal |  Illegal
Iteration | Violations |    Cells |    Sites
---------------------------------------------
        0 |          0 |         0 |         0
Negotiation phase 1 converged at iteration 0.
[INFO DPL-0500] Runtime: 0.00s
Placement Analysis
---------------------------------
total displacement          9.4 u
average displacement        4.7 u
max displacement            5.2 u
original HPWL              12.3 u
legalized HPWL             17.1 u
delta HPWL                   39 %

[INFO DRT-0149] Reading tech and libs.
[WARNING DRT-0349] LEF58_ENCLOSURE with no CUTCLASS is not supported. Skipping for layer mcon
[WARNING DRT-0349] LEF58_ENCLOSURE with no CUTCLASS is not supported. Skipping for layer mcon
[WARNING DRT-0349] LEF58_ENCLOSURE with no CUTCLASS is not supported. Skipping for layer via
[WARNING DRT-0349] LEF58_ENCLOSURE with no CUTCLASS is not supported. Skipping for layer via
[WARNING DRT-0349] LEF58_ENCLOSURE with no CUTCLASS is not supported. Skipping for layer via2
[WARNING DRT-0349] LEF58_ENCLOSURE with no CUTCLASS is not supported. Skipping for layer via2
[WARNING DRT-0349] LEF58_ENCLOSURE with no CUTCLASS is not supported. Skipping for layer via3
[WARNING DRT-0349] LEF58_ENCLOSURE with no CUTCLASS is not supported. Skipping for layer via3
[WARNING DRT-0349] LEF58_ENCLOSURE with no CUTCLASS is not supported. Skipping for layer via4
[WARNING DRT-0349] LEF58_ENCLOSURE with no CUTCLASS is not supported. Skipping for layer via4

Units:                1000
Number of layers:     13
Number of macros:     437
Number of vias:       25
Number of viarulegen: 25

[INFO DRT-0150] Reading design.

Design:                   cal_chain
Die area:                 ( 0 0 ) ( 40000 40000 )
Number of track patterns: 12
Number of DEF vias:       0
Number of components:     2
Number of terminals:      2
Number of snets:          0
Number of nets:           3

[INFO DRT-0167] List of default vias:
  Layer via
    default via: M1M2_PR
  Layer via2
    default via: M2M3_PR
  Layer via3
    default via: M3M4_PR
  Layer via4
    default via: M4M5_PR
[INFO DRT-0162] Library cell analysis.
[INFO DRT-0163] Instance analysis.
[INFO DRT-0164] Number of unique instances = 1.
[INFO DRT-0168] Init region query.
[INFO DRT-0024]   Complete FR_MASTERSLICE.
[INFO DRT-0024]   Complete licon.
[INFO DRT-0024]   Complete li1.
[INFO DRT-0024]   Complete mcon.
[INFO DRT-0024]   Complete met1.
[INFO DRT-0024]   Complete via.
[INFO DRT-0024]   Complete met2.
[INFO DRT-0024]   Complete via2.
[INFO DRT-0024]   Complete met3.
[INFO DRT-0024]   Complete via3.
[INFO DRT-0024]   Complete met4.
[INFO DRT-0024]   Complete via4.
[INFO DRT-0024]   Complete met5.
[INFO DRT-0033] FR_MASTERSLICE shape region query size = 0.
[INFO DRT-0033] licon shape region query size = 0.
[INFO DRT-0033] li1 shape region query size = 20.
[INFO DRT-0033] mcon shape region query size = 0.
[INFO DRT-0033] met1 shape region query size = 4.
[INFO DRT-0033] via shape region query size = 0.
[INFO DRT-0033] met2 shape region query size = 2.
[INFO DRT-0033] via2 shape region query size = 0.
[INFO DRT-0033] met3 shape region query size = 0.
[INFO DRT-0033] via3 shape region query size = 0.
[INFO DRT-0033] met4 shape region query size = 0.
[INFO DRT-0033] via4 shape region query size = 0.
[INFO DRT-0033] met5 shape region query size = 0.
[INFO DRT-0165] Start pin access.
[INFO DRT-0078]   Complete 6 pins.
[INFO DRT-0081]   Complete 1 unique inst patterns.
[INFO DRT-0084]   Complete 1 groups.
#scanned instances     = 2
#unique  instances     = 1
#stdCellGenAp          = 22
#stdCellValidPlanarAp  = 0
#stdCellValidViaAp     = 22
#stdCellPinNoAp        = 0
#stdCellPinCnt         = 4
#instTermValidViaApCnt = 0
#macroGenAp            = 0
#macroValidPlanarAp    = 0
#macroValidViaAp       = 0
#macroNoAp             = 0
[INFO DRT-0166] Complete pin access.
[INFO DRT-0267] cpu time = 00:00:00, elapsed time = 00:00:00, memory = 226.79 (MB), peak = 226.25 (MB)

[INFO DRT-0157] Number of guides:     8

[INFO DRT-0169] Post process guides.
[INFO DRT-0176] GCELLGRID X 0 DO 5 STEP 6900 ;
[INFO DRT-0177] GCELLGRID Y 0 DO 5 STEP 6900 ;
[INFO DRT-0028]   Complete FR_MASTERSLICE.
[INFO DRT-0028]   Complete licon.
[INFO DRT-0028]   Complete li1.
[INFO DRT-0028]   Complete mcon.
[INFO DRT-0028]   Complete met1.
[INFO DRT-0028]   Complete via.
[INFO DRT-0028]   Complete met2.
[INFO DRT-0028]   Complete via2.
[INFO DRT-0028]   Complete met3.
[INFO DRT-0028]   Complete via3.
[INFO DRT-0028]   Complete met4.
[INFO DRT-0028]   Complete via4.
[INFO DRT-0028]   Complete met5.
[INFO DRT-0178] Init guide query.
[INFO DRT-0035]   Complete FR_MASTERSLICE (guide).
[INFO DRT-0035]   Complete licon (guide).
[INFO DRT-0035]   Complete li1 (guide).
[INFO DRT-0035]   Complete mcon (guide).
[INFO DRT-0035]   Complete met1 (guide).
[INFO DRT-0035]   Complete via (guide).
[INFO DRT-0035]   Complete met2 (guide).
[INFO DRT-0035]   Complete via2 (guide).
[INFO DRT-0035]   Complete met3 (guide).
[INFO DRT-0035]   Complete via3 (guide).
[INFO DRT-0035]   Complete met4 (guide).
[INFO DRT-0035]   Complete via4 (guide).
[INFO DRT-0035]   Complete met5 (guide).
[INFO DRT-0036] FR_MASTERSLICE guide region query size = 0.
[INFO DRT-0036] licon guide region query size = 0.
[INFO DRT-0036] li1 guide region query size = 3.
[INFO DRT-0036] mcon guide region query size = 0.
[INFO DRT-0036] met1 guide region query size = 2.
[INFO DRT-0036] via guide region query size = 0.
[INFO DRT-0036] met2 guide region query size = 2.
[INFO DRT-0036] via2 guide region query size = 0.
[INFO DRT-0036] met3 guide region query size = 0.
[INFO DRT-0036] via3 guide region query size = 0.
[INFO DRT-0036] met4 guide region query size = 0.
[INFO DRT-0036] via4 guide region query size = 0.
[INFO DRT-0036] met5 guide region query size = 0.
[INFO DRT-0179] Init gr pin query.
[INFO DRT-0267] cpu time = 00:00:00, elapsed time = 00:00:00, memory = 226.91 (MB), peak = 226.50 (MB)
[INFO DRT-0245] skipped writing guide updates to database.
[INFO DRT-0181] Start track assignment.
[INFO DRT-0184] Done with 5 vertical wires in 1 frboxes and 2 horizontal wires in 1 frboxes.
[INFO DRT-0186] Done with 0 vertical wires in 1 frboxes and 0 horizontal wires in 1 frboxes.
[INFO DRT-0182] Complete track assignment.
[INFO DRT-0267] cpu time = 00:00:00, elapsed time = 00:00:00, memory = 227.01 (MB), peak = 226.50 (MB)
[INFO DRT-0187] Start routing data preparation.
[INFO DRT-0267] cpu time = 00:00:00, elapsed time = 00:00:00, memory = 227.01 (MB), peak = 226.50 (MB)
[INFO DRT-0194] Start detail routing.
[INFO DRT-0195] Start 0th optimization iteration.
    Completing 100% with 0 violations.
    elapsed time = 00:00:00, memory = 227.34 (MB).
[INFO DRT-0199]   Number of violations = 0.
[INFO DRT-0267] cpu time = 00:00:00, elapsed time = 00:00:00, memory = 241.31 (MB), peak = 522.00 (MB)
Total wire length = 16 um.
Total wire length on LAYER li1 = 0 um.
Total wire length on LAYER met1 = 4 um.
Total wire length on LAYER met2 = 12 um.
Total wire length on LAYER met3 = 0 um.
Total wire length on LAYER met4 = 0 um.
Total wire length on LAYER met5 = 0 um.
Total number of vias = 6.
Up-via summary (total 6):

--------------------
 FR_MASTERSLICE    0
            li1    4
           met1    2
           met2    0
           met3    0
           met4    0
--------------------
               6


[WARNING DRT-0290] Warning: no DRC report specified, skipped writing DRC report
[INFO DRT-0198] Complete detail routing.
Total wire length = 16 um.
Total wire length on LAYER li1 = 0 um.
Total wire length on LAYER met1 = 4 um.
Total wire length on LAYER met2 = 12 um.
Total wire length on LAYER met3 = 0 um.
Total wire length on LAYER met4 = 0 um.
Total wire length on LAYER met5 = 0 um.
Total number of vias = 6.
Up-via summary (total 6):

--------------------
 FR_MASTERSLICE    0
            li1    4
           met1    2
           met2    0
           met3    0
           met4    0
--------------------
               6


[INFO DRT-0267] cpu time = 00:00:00, elapsed time = 00:00:00, memory = 241.43 (MB), peak = 522.00 (MB)

[INFO DRT-0702] Post-route verification: 0 violation(s).
[WARNING DRT-0290] Warning: no DRC report specified, skipped writing DRC report
[INFO DRT-0180] Post processing.
[INFO DRT-0501] Runtime: 0.22s
CAL_ROUTE_DONE
REPAIR_ANTENNA_REROUTE_NONFATAL: DRT-1010
REPAIR_ANTENNA_REROUTE_NONFATAL: DRT-1010
ANTENNA_POSTROUTE_DONE
