OpenROAD 26Q3-2963-gc73a322d30 
Features included (+) or not (-): -GPU +GUI -Python
This program is licensed under the BSD-3 license. See the LICENSE file for details.
Components of this program may be licensed under more restrictive licenses which must be honored.
[INFO ODB-0388] unsupported LEF58_EOLENCLOSURE property for layer Via1 :"
  	EOLENCLOSURE 0.34 0.06 ;"
[INFO ODB-0388] unsupported LEF58_EOLENCLOSURE property for layer Via2 :" EOLENCLOSURE 0.34 0.06 ; "
[INFO ODB-0388] unsupported LEF58_EOLENCLOSURE property for layer Via3 :" EOLENCLOSURE 0.34 0.06 ; "
[INFO ODB-0388] unsupported LEF58_EOLENCLOSURE property for layer Via4 :" EOLENCLOSURE 0.34 0.06 ; "
[INFO ODB-0227] LEF file: <project>/phase3/stage3/pnr/active_via_legalized.tlef, created 15 layers, 56 vias
[WARNING ODB-0220] WARNING (LEFPARS-2008): NOWIREEXTENSIONATPIN statement is obsolete in version 5.6 or later.
The NOWIREEXTENSIONATPIN statement will be ignored. See file /foss/pdks/ciel/gf180mcu/versions/b344c97eacc2aaf8e14ae7e43e2e9dc0871de2c0/gf180mcuD/libs.ref/gf180mcu_fd_sc_mcu7t5v0/lef/gf180mcu_fd_sc_mcu7t5v0.lef at line 2.

[INFO ODB-0227] LEF file: /foss/pdks/ciel/gf180mcu/versions/b344c97eacc2aaf8e14ae7e43e2e9dc0871de2c0/gf180mcuD/libs.ref/gf180mcu_fd_sc_mcu7t5v0/lef/gf180mcu_fd_sc_mcu7t5v0.lef, created 229 library cells
[WARNING ODB-0220] WARNING (LEFPARS-2008): NOWIREEXTENSIONATPIN statement is obsolete in version 5.6 or later.
The NOWIREEXTENSIONATPIN statement will be ignored. See file /foss/pdks/ciel/gf180mcu/versions/b344c97eacc2aaf8e14ae7e43e2e9dc0871de2c0/gf180mcuD/libs.ref/gf180mcu_fd_io/lef/gf180mcu_ef_io__bi_t.lef at line 2.

[WARNING ODB-0186] macro gf180mcu_ef_io__bi_t references unknown site GF_IO_Site
[INFO ODB-0227] LEF file: /foss/pdks/ciel/gf180mcu/versions/b344c97eacc2aaf8e14ae7e43e2e9dc0871de2c0/gf180mcuD/libs.ref/gf180mcu_fd_io/lef/gf180mcu_ef_io__bi_t.lef, created 1 library cells
[WARNING ODB-0220] WARNING (LEFPARS-2008): NOWIREEXTENSIONATPIN statement is obsolete in version 5.6 or later.
The NOWIREEXTENSIONATPIN statement will be ignored. See file /foss/pdks/ciel/gf180mcu/versions/b344c97eacc2aaf8e14ae7e43e2e9dc0871de2c0/gf180mcuD/libs.ref/gf180mcu_fd_io/lef/gf180mcu_fd_io__asig_5p0.lef at line 2.

[WARNING ODB-0186] macro gf180mcu_fd_io__asig_5p0 references unknown site GF_IO_Site
[INFO ODB-0227] LEF file: /foss/pdks/ciel/gf180mcu/versions/b344c97eacc2aaf8e14ae7e43e2e9dc0871de2c0/gf180mcuD/libs.ref/gf180mcu_fd_io/lef/gf180mcu_fd_io__asig_5p0.lef, created 1 library cells
[WARNING ODB-0220] WARNING (LEFPARS-2008): NOWIREEXTENSIONATPIN statement is obsolete in version 5.6 or later.
The NOWIREEXTENSIONATPIN statement will be ignored. See file /foss/pdks/ciel/gf180mcu/versions/b344c97eacc2aaf8e14ae7e43e2e9dc0871de2c0/gf180mcuD/libs.ref/gf180mcu_fd_io/lef/gf180mcu_fd_io__bi_24t.lef at line 2.

[WARNING ODB-0186] macro gf180mcu_fd_io__bi_24t references unknown site GF_IO_Site
[INFO ODB-0227] LEF file: /foss/pdks/ciel/gf180mcu/versions/b344c97eacc2aaf8e14ae7e43e2e9dc0871de2c0/gf180mcuD/libs.ref/gf180mcu_fd_io/lef/gf180mcu_fd_io__bi_24t.lef, created 1 library cells
[WARNING ODB-0220] WARNING (LEFPARS-2008): NOWIREEXTENSIONATPIN statement is obsolete in version 5.6 or later.
The NOWIREEXTENSIONATPIN statement will be ignored. See file /foss/pdks/ciel/gf180mcu/versions/b344c97eacc2aaf8e14ae7e43e2e9dc0871de2c0/gf180mcuD/libs.ref/gf180mcu_fd_io/lef/gf180mcu_fd_io__bi_t.lef at line 2.

[WARNING ODB-0186] macro gf180mcu_fd_io__bi_t references unknown site GF_IO_Site
[INFO ODB-0227] LEF file: /foss/pdks/ciel/gf180mcu/versions/b344c97eacc2aaf8e14ae7e43e2e9dc0871de2c0/gf180mcuD/libs.ref/gf180mcu_fd_io/lef/gf180mcu_fd_io__bi_t.lef, created 1 library cells
[WARNING ODB-0220] WARNING (LEFPARS-2008): NOWIREEXTENSIONATPIN statement is obsolete in version 5.6 or later.
The NOWIREEXTENSIONATPIN statement will be ignored. See file /foss/pdks/ciel/gf180mcu/versions/b344c97eacc2aaf8e14ae7e43e2e9dc0871de2c0/gf180mcuD/libs.ref/gf180mcu_fd_io/lef/gf180mcu_fd_io__brk2.lef at line 2.

[WARNING ODB-0186] macro gf180mcu_fd_io__brk2 references unknown site GF_IO_Site
[INFO ODB-0227] LEF file: /foss/pdks/ciel/gf180mcu/versions/b344c97eacc2aaf8e14ae7e43e2e9dc0871de2c0/gf180mcuD/libs.ref/gf180mcu_fd_io/lef/gf180mcu_fd_io__brk2.lef, created 1 library cells
[WARNING ODB-0220] WARNING (LEFPARS-2008): NOWIREEXTENSIONATPIN statement is obsolete in version 5.6 or later.
The NOWIREEXTENSIONATPIN statement will be ignored. See file /foss/pdks/ciel/gf180mcu/versions/b344c97eacc2aaf8e14ae7e43e2e9dc0871de2c0/gf180mcuD/libs.ref/gf180mcu_fd_io/lef/gf180mcu_fd_io__brk5.lef at line 2.

[WARNING ODB-0186] macro gf180mcu_fd_io__brk5 references unknown site GF_IO_Site
[INFO ODB-0227] LEF file: /foss/pdks/ciel/gf180mcu/versions/b344c97eacc2aaf8e14ae7e43e2e9dc0871de2c0/gf180mcuD/libs.ref/gf180mcu_fd_io/lef/gf180mcu_fd_io__brk5.lef, created 1 library cells
[WARNING ODB-0220] WARNING (LEFPARS-2008): NOWIREEXTENSIONATPIN statement is obsolete in version 5.6 or later.
The NOWIREEXTENSIONATPIN statement will be ignored. See file /foss/pdks/ciel/gf180mcu/versions/b344c97eacc2aaf8e14ae7e43e2e9dc0871de2c0/gf180mcuD/libs.ref/gf180mcu_fd_io/lef/gf180mcu_fd_io__cor.lef at line 2.

[WARNING ODB-0186] macro gf180mcu_fd_io__cor references unknown site GF_COR_Site
[INFO ODB-0227] LEF file: /foss/pdks/ciel/gf180mcu/versions/b344c97eacc2aaf8e14ae7e43e2e9dc0871de2c0/gf180mcuD/libs.ref/gf180mcu_fd_io/lef/gf180mcu_fd_io__cor.lef, created 1 library cells
[WARNING ODB-0220] WARNING (LEFPARS-2008): NOWIREEXTENSIONATPIN statement is obsolete in version 5.6 or later.
The NOWIREEXTENSIONATPIN statement will be ignored. See file /foss/pdks/ciel/gf180mcu/versions/b344c97eacc2aaf8e14ae7e43e2e9dc0871de2c0/gf180mcuD/libs.ref/gf180mcu_fd_io/lef/gf180mcu_fd_io__dvdd.lef at line 2.

[WARNING ODB-0186] macro gf180mcu_fd_io__dvdd references unknown site GF_IO_Site
[INFO ODB-0227] LEF file: /foss/pdks/ciel/gf180mcu/versions/b344c97eacc2aaf8e14ae7e43e2e9dc0871de2c0/gf180mcuD/libs.ref/gf180mcu_fd_io/lef/gf180mcu_fd_io__dvdd.lef, created 1 library cells
[WARNING ODB-0220] WARNING (LEFPARS-2008): NOWIREEXTENSIONATPIN statement is obsolete in version 5.6 or later.
The NOWIREEXTENSIONATPIN statement will be ignored. See file /foss/pdks/ciel/gf180mcu/versions/b344c97eacc2aaf8e14ae7e43e2e9dc0871de2c0/gf180mcuD/libs.ref/gf180mcu_fd_io/lef/gf180mcu_fd_io__dvss.lef at line 2.

[WARNING ODB-0186] macro gf180mcu_fd_io__dvss references unknown site GF_IO_Site
[INFO ODB-0227] LEF file: /foss/pdks/ciel/gf180mcu/versions/b344c97eacc2aaf8e14ae7e43e2e9dc0871de2c0/gf180mcuD/libs.ref/gf180mcu_fd_io/lef/gf180mcu_fd_io__dvss.lef, created 1 library cells
[WARNING ODB-0220] WARNING (LEFPARS-2008): NOWIREEXTENSIONATPIN statement is obsolete in version 5.6 or later.
The NOWIREEXTENSIONATPIN statement will be ignored. See file /foss/pdks/ciel/gf180mcu/versions/b344c97eacc2aaf8e14ae7e43e2e9dc0871de2c0/gf180mcuD/libs.ref/gf180mcu_fd_io/lef/gf180mcu_fd_io__fill1.lef at line 2.

[WARNING ODB-0186] macro gf180mcu_fd_io__fill1 references unknown site GF_IO_Site
[INFO ODB-0227] LEF file: /foss/pdks/ciel/gf180mcu/versions/b344c97eacc2aaf8e14ae7e43e2e9dc0871de2c0/gf180mcuD/libs.ref/gf180mcu_fd_io/lef/gf180mcu_fd_io__fill1.lef, created 1 library cells
[WARNING ODB-0220] WARNING (LEFPARS-2008): NOWIREEXTENSIONATPIN statement is obsolete in version 5.6 or later.
The NOWIREEXTENSIONATPIN statement will be ignored. See file /foss/pdks/ciel/gf180mcu/versions/b344c97eacc2aaf8e14ae7e43e2e9dc0871de2c0/gf180mcuD/libs.ref/gf180mcu_fd_io/lef/gf180mcu_fd_io__fill10.lef at line 2.

[WARNING ODB-0186] macro gf180mcu_fd_io__fill10 references unknown site GF_IO_Site
[INFO ODB-0227] LEF file: /foss/pdks/ciel/gf180mcu/versions/b344c97eacc2aaf8e14ae7e43e2e9dc0871de2c0/gf180mcuD/libs.ref/gf180mcu_fd_io/lef/gf180mcu_fd_io__fill10.lef, created 1 library cells
[WARNING ODB-0220] WARNING (LEFPARS-2008): NOWIREEXTENSIONATPIN statement is obsolete in version 5.6 or later.
The NOWIREEXTENSIONATPIN statement will be ignored. See file /foss/pdks/ciel/gf180mcu/versions/b344c97eacc2aaf8e14ae7e43e2e9dc0871de2c0/gf180mcuD/libs.ref/gf180mcu_fd_io/lef/gf180mcu_fd_io__fill5.lef at line 2.

[WARNING ODB-0186] macro gf180mcu_fd_io__fill5 references unknown site GF_IO_Site
[INFO ODB-0227] LEF file: /foss/pdks/ciel/gf180mcu/versions/b344c97eacc2aaf8e14ae7e43e2e9dc0871de2c0/gf180mcuD/libs.ref/gf180mcu_fd_io/lef/gf180mcu_fd_io__fill5.lef, created 1 library cells
[WARNING ODB-0220] WARNING (LEFPARS-2008): NOWIREEXTENSIONATPIN statement is obsolete in version 5.6 or later.
The NOWIREEXTENSIONATPIN statement will be ignored. See file /foss/pdks/ciel/gf180mcu/versions/b344c97eacc2aaf8e14ae7e43e2e9dc0871de2c0/gf180mcuD/libs.ref/gf180mcu_fd_io/lef/gf180mcu_fd_io__fillnc.lef at line 2.

[WARNING ODB-0186] macro gf180mcu_fd_io__fillnc references unknown site GF_IO_Site
[INFO ODB-0227] LEF file: /foss/pdks/ciel/gf180mcu/versions/b344c97eacc2aaf8e14ae7e43e2e9dc0871de2c0/gf180mcuD/libs.ref/gf180mcu_fd_io/lef/gf180mcu_fd_io__fillnc.lef, created 1 library cells
[WARNING ODB-0220] WARNING (LEFPARS-2008): NOWIREEXTENSIONATPIN statement is obsolete in version 5.6 or later.
The NOWIREEXTENSIONATPIN statement will be ignored. See file /foss/pdks/ciel/gf180mcu/versions/b344c97eacc2aaf8e14ae7e43e2e9dc0871de2c0/gf180mcuD/libs.ref/gf180mcu_fd_io/lef/gf180mcu_fd_io__in_c.lef at line 2.

[WARNING ODB-0186] macro gf180mcu_fd_io__in_c references unknown site GF_IO_Site
[INFO ODB-0227] LEF file: /foss/pdks/ciel/gf180mcu/versions/b344c97eacc2aaf8e14ae7e43e2e9dc0871de2c0/gf180mcuD/libs.ref/gf180mcu_fd_io/lef/gf180mcu_fd_io__in_c.lef, created 1 library cells
[WARNING ODB-0220] WARNING (LEFPARS-2008): NOWIREEXTENSIONATPIN statement is obsolete in version 5.6 or later.
The NOWIREEXTENSIONATPIN statement will be ignored. See file /foss/pdks/ciel/gf180mcu/versions/b344c97eacc2aaf8e14ae7e43e2e9dc0871de2c0/gf180mcuD/libs.ref/gf180mcu_fd_io/lef/gf180mcu_fd_io__in_s.lef at line 2.

[WARNING ODB-0186] macro gf180mcu_fd_io__in_s references unknown site GF_IO_Site
[INFO ODB-0227] LEF file: /foss/pdks/ciel/gf180mcu/versions/b344c97eacc2aaf8e14ae7e43e2e9dc0871de2c0/gf180mcuD/libs.ref/gf180mcu_fd_io/lef/gf180mcu_fd_io__in_s.lef, created 1 library cells
[INFO ODB-0127] Reading DEF file: <project>/phase3/stage3/pnr/<top>.def
[INFO ODB-0128] Design: chip_top
[INFO ODB-0130]     Created 38 pins.
[INFO ODB-0131]     Created 26417 components and 85322 component-terminals.
[INFO ODB-0132]     Created 38 special nets and 30842 connections.
[INFO ODB-0133]     Created 1224 nets and 2803 connections.
[INFO ODB-0134] Finished DEF file: <project>/phase3/stage3/pnr/<top>.def
VIBEIC_INPUT_DELAY_PORTS 34 of 35 (clock port(s) excluded — OpenSTA rejects set_input_delay on the port its own clock is defined on)
[ERROR EST-0015] layer NULL not found.
[ERROR EST-0015] layer NULL not found.
[ERROR EST-0015] layer NULL not found.
=== DYN_IR_REF VDD quasi-static ===
[INFO PSM-0040] All shapes on net VDD are connected.
########## IR report #################
Net              : VDD
Corner           : default
Total power      : 2.19e-02 W
Supply voltage   : 5.00e+00 V
Worstcase voltage: 4.99e+00 V
Average voltage  : 5.00e+00 V
Average IR drop  : 4.02e-03 V
Worstcase IR drop: 7.41e-03 V
Percentage drop  : 0.15 %
######################################
########## Dynamic (transient) IR report ##########
Net                    : VDD
Corner                 : default
Supply voltage         : 5.00e+00 V
Timestep               : 2.40e-10 s
Steps                  : 100
Capacitance model      : quasi-static (no on-die cap supplied)
Worst static IR drop   : 7.41e-03 V
Worst dynamic IR drop  : 1.48e-02 V
Dynamic/static ratio   : 2.00
Current model          : vectorless (simultaneous worst case)
Worst droop time       : 1.20e-08 s (step 50)
###################################################
=== DYN_IR PSM VDD transient period=24.0ns decap_f=1e-12 ===
[INFO PSM-0040] All shapes on net VDD are connected.
########## IR report #################
Net              : VDD
Corner           : default
Total power      : 2.19e-02 W
Supply voltage   : 5.00e+00 V
Worstcase voltage: 4.99e+00 V
Average voltage  : 5.00e+00 V
Average IR drop  : 4.02e-03 V
Worstcase IR drop: 7.41e-03 V
Percentage drop  : 0.15 %
######################################
########## Dynamic (transient) IR report ##########
Net                    : VDD
Corner                 : default
Supply voltage         : 5.00e+00 V
Timestep               : 2.40e-10 s
Steps                  : 100
On-die capacitance     : 1.00e-12 F
Worst static IR drop   : 7.41e-03 V
Worst dynamic IR drop  : 1.48e-02 V
Dynamic/static ratio   : 2.00
Current model          : vectorless (simultaneous worst case)
Worst droop time       : 1.20e-08 s (step 50)
###################################################
=== DYN_IR_REF VSS quasi-static ===
[INFO PSM-0040] All shapes on net VSS are connected.
########## IR report #################
Net              : VSS
Corner           : default
Total power      : 2.19e-02 W
Supply voltage   : 0.00e+00 V
Worstcase voltage: 8.39e-03 V
Average voltage  : 5.03e-03 V
Average IR drop  : 5.03e-03 V
Worstcase IR drop: 8.39e-03 V
Percentage drop  : 0.17 %
######################################
########## Dynamic (transient) IR report ##########
Net                    : VSS
Corner                 : default
Supply voltage         : 0.00e+00 V
Timestep               : 2.40e-10 s
Steps                  : 100
Capacitance model      : quasi-static (no on-die cap supplied)
Worst static IR drop   : 8.39e-03 V
Worst dynamic IR drop  : 1.68e-02 V
Dynamic/static ratio   : 2.00
Current model          : vectorless (simultaneous worst case)
Worst droop time       : 1.20e-08 s (step 50)
###################################################
=== DYN_IR PSM VSS transient period=24.0ns decap_f=1e-12 ===
[INFO PSM-0040] All shapes on net VSS are connected.
########## IR report #################
Net              : VSS
Corner           : default
Total power      : 2.19e-02 W
Supply voltage   : 0.00e+00 V
Worstcase voltage: 8.39e-03 V
Average voltage  : 5.03e-03 V
Average IR drop  : 5.03e-03 V
Worstcase IR drop: 8.39e-03 V
Percentage drop  : 0.17 %
######################################
########## Dynamic (transient) IR report ##########
Net                    : VSS
Corner                 : default
Supply voltage         : 0.00e+00 V
Timestep               : 2.40e-10 s
Steps                  : 100
On-die capacitance     : 1.00e-12 F
Worst static IR drop   : 8.39e-03 V
Worst dynamic IR drop  : 1.68e-02 V
Dynamic/static ratio   : 2.00
Current model          : vectorless (simultaneous worst case)
Worst droop time       : 1.20e-08 s (step 50)
###################################################
