
 /----------------------------------------------------------------------------\
 |  yosys -- Yosys Open SYnthesis Suite                                       |
 |  Copyright (C) 2012 - 2026  Claire Xenia Wolf <claire@yosyshq.com>         |
 |  Distributed under an ISC-like license, type "license" to see terms        |
 \----------------------------------------------------------------------------/
 Yosys 0.69+ (git sha1 4d572059c, Release, GNU /usr/bin/c++ 13.3.0) [github.com/vibeic/yosys at HEAD]

-- Executing script file `<cal>/cal.ys' --

1. Executing Verilog-2005 frontend: <cal>/cal_gold.v
Parsing Verilog input from `<cal>/cal_gold.v' to AST representation.
Generating RTLIL representation for module `\cal_pair'.
Successfully finished Verilog frontend.

2. Executing PROC pass (convert processes to netlists).

2.1. Executing PROC_CLEAN pass (remove empty switches from decision trees).
Cleaned up 0 empty switches.

2.2. Executing PROC_RMDEAD pass (remove dead branches from decision trees).
Marked 1 switch rules as full_case in process $proc$<cal>/cal_gold.v:2$1 in module cal_pair.
Removed a total of 0 dead cases.

2.3. Executing PROC_PRUNE pass (remove redundant assignments in processes).
Removed 2 redundant assignments.
Promoted 0 assignments to connections.

2.4. Executing PROC_INIT pass (extract init attributes).

2.5. Executing PROC_ARST pass (detect async resets in processes).

2.6. Executing PROC_ROM pass (convert switches to ROMs).
Converted 0 switches.
<suppressed ~1 debug messages>

2.7. Executing PROC_MUX pass (convert decision trees to multiplexers).
Creating decoders for process `\cal_pair.$proc$<cal>/cal_gold.v:2$1'.
     1/2: $0\y[0:0]
     2/2: $0\x[0:0]

2.8. Executing PROC_DLATCH pass (convert process syncs to latches).

2.9. Executing PROC_DFF pass (convert process syncs to FFs).
Creating register for signal `\cal_pair.\y' using process `\cal_pair.$proc$<cal>/cal_gold.v:2$1'.
  created $dff cell `$procdff$10' with positive edge clock.
Creating register for signal `\cal_pair.\x' using process `\cal_pair.$proc$<cal>/cal_gold.v:2$1'.
  created $dff cell `$procdff$11' with positive edge clock.

2.10. Executing PROC_MEMWR pass (convert process memory writes to cells).

2.11. Executing PROC_CLEAN pass (remove empty switches from decision trees).
Found and cleaned up 1 empty switch in `\cal_pair.$proc$<cal>/cal_gold.v:2$1'.
Removing empty process `cal_pair.$proc$<cal>/cal_gold.v:2$1'.
Cleaned up 1 empty switch.

2.12. Executing OPT_EXPR pass (perform const folding).
Optimizing module cal_pair.
Renaming module \cal_pair to \gold.

3. Executing Verilog-2005 frontend: <cal>/cal_gate.v
Parsing Verilog input from `<cal>/cal_gate.v' to AST representation.
Generating RTLIL representation for module `\cal_pair'.
Successfully finished Verilog frontend.

4. Executing PROC pass (convert processes to netlists).

4.1. Executing PROC_CLEAN pass (remove empty switches from decision trees).
Cleaned up 0 empty switches.

4.2. Executing PROC_RMDEAD pass (remove dead branches from decision trees).
Marked 1 switch rules as full_case in process $proc$<cal>/cal_gate.v:2$12 in module cal_pair.
Removed a total of 0 dead cases.

4.3. Executing PROC_PRUNE pass (remove redundant assignments in processes).
Removed 2 redundant assignments.
Promoted 0 assignments to connections.

4.4. Executing PROC_INIT pass (extract init attributes).

4.5. Executing PROC_ARST pass (detect async resets in processes).

4.6. Executing PROC_ROM pass (convert switches to ROMs).
Converted 0 switches.
<suppressed ~1 debug messages>

4.7. Executing PROC_MUX pass (convert decision trees to multiplexers).
Creating decoders for process `\cal_pair.$proc$<cal>/cal_gate.v:2$12'.
     1/2: $0\y[0:0]
     2/2: $0\x[0:0]

4.8. Executing PROC_DLATCH pass (convert process syncs to latches).

4.9. Executing PROC_DFF pass (convert process syncs to FFs).
Creating register for signal `\cal_pair.\y' using process `\cal_pair.$proc$<cal>/cal_gate.v:2$12'.
  created $dff cell `$procdff$21' with positive edge clock.
Creating register for signal `\cal_pair.\x' using process `\cal_pair.$proc$<cal>/cal_gate.v:2$12'.
  created $dff cell `$procdff$22' with positive edge clock.

4.10. Executing PROC_MEMWR pass (convert process memory writes to cells).

4.11. Executing PROC_CLEAN pass (remove empty switches from decision trees).
Found and cleaned up 1 empty switch in `\cal_pair.$proc$<cal>/cal_gate.v:2$12'.
Removing empty process `cal_pair.$proc$<cal>/cal_gate.v:2$12'.
Cleaned up 1 empty switch.

4.12. Executing OPT_EXPR pass (perform const folding).
Optimizing module cal_pair.
Renaming module \cal_pair to \gate.

5. Executing EQUIV_MAKE pass (creating equiv checking module).
Presumably equivalent wires: y_gold (\y_gold), y_gate (\y_gate) -> y
Presumably equivalent wires: x_gold (\x_gold), x_gate (\x_gate) -> x
Presumably equivalent wires: rst_gold (\rst_gold), rst_gate (\rst_gate) -> rst
Presumably equivalent wires: clk_gold (\clk_gold), clk_gate (\clk_gate) -> clk
Changing input A of cell $not$<cal>/cal_gate.v:3$14_gate ($not): \x_gate -> \x
Changing input A of cell $not$<cal>/cal_gate.v:3$13_gate ($not): \x_gate -> \x
Changing input A of cell $not$<cal>/cal_gold.v:3$3_gold ($not): \y_gold -> \y
Changing input A of cell $not$<cal>/cal_gold.v:3$2_gold ($not): \x_gold -> \x

6. Executing HIERARCHY pass (managing design hierarchy).

6.1. Analyzing design hierarchy..
Top module:  \equiv

6.2. Analyzing design hierarchy..
Top module:  \equiv
Removing unused module `\gate'.
Removing unused module `\gold'.
Removed 2 unused modules.

7. Executing EQUIV_STATUS pass.
Found 2 $equiv cells in equiv:
  Of those cells 0 are proven and 2 are unproven.
  Unproven $equiv $auto$equiv_make.cc:258:find_same_wires$24: \x_gold \x_gate
  Unproven $equiv $auto$equiv_make.cc:258:find_same_wires$23: \y_gold \y_gate
Found a total of 2 unproven $equiv cells.

8. Executing EQUIV_INDUCT pass.
Found 2 unproven $equiv cells in module equiv:
