Starting…
Running 'Verilator.Lint' at 'runs/t78_ref_0925/01-verilator-lint'…
Logging subprocess to [repr.filename]'runs/t78_ref_0925/01-verilator-lint/verilator-lint.log'[/repr.filename]…
Running 'Checker.LintTimingConstructs' at 'runs/t78_ref_0925/02-checker-linttimingconstructs'…
Running 'Checker.LintErrors' at 'runs/t78_ref_0925/03-checker-linterrors'…
Running 'Checker.LintWarnings' at 'runs/t78_ref_0925/04-checker-lintwarnings'…
Running 'Yosys.JsonHeader' at 'runs/t78_ref_0925/05-yosys-jsonheader'…
Logging subprocess to [repr.filename]'runs/t78_ref_0925/05-yosys-jsonheader/yosys-jsonheader.log'[/repr.filename]…
Running 'Yosys.Synthesis' at 'runs/t78_ref_0925/06-yosys-synthesis'…
Logging subprocess to [repr.filename]'runs/t78_ref_0925/06-yosys-synthesis/yosys-synthesis.log'[/repr.filename]…
Running 'Checker.YosysUnmappedCells' at 'runs/t78_ref_0925/07-checker-yosysunmappedcells'…
Running 'Checker.YosysSynthChecks' at 'runs/t78_ref_0925/08-checker-yosyssynthchecks'…
Running 'Checker.NetlistAssignStatements' at 'runs/t78_ref_0925/09-checker-netlistassignstatements'…
Running 'OpenROAD.CheckSDCFiles' at 'runs/t78_ref_0925/10-openroad-checksdcfiles'…
Running 'OpenROAD.CheckMacroInstances' at 'runs/t78_ref_0925/11-openroad-checkmacroinstances'…
Running 'OpenROAD.STAPrePNR' at 'runs/t78_ref_0925/12-openroad-staprepnr'…
Skipping corner min_tt_025C_5v00 for STA (identical to nom_tt_025C_5v00 at this stage)…
Skipping corner min_ss_125C_4v50 for STA (identical to nom_ss_125C_4v50 at this stage)…
Skipping corner min_ff_n40C_5v50 for STA (identical to nom_ff_n40C_5v50 at this stage)…
Skipping corner max_tt_025C_5v00 for STA (identical to nom_tt_025C_5v00 at this stage)…
Logging subprocess to [repr.filename]'runs/t78_ref_0925/12-openroad-staprepnr/nom_tt_025C_5v00/sta.log'[/repr.filename]…
Skipping corner max_ss_125C_4v50 for STA (identical to nom_ss_125C_4v50 at this stage)…
Logging subprocess to [repr.filename]'runs/t78_ref_0925/12-openroad-staprepnr/nom_ss_125C_4v50/sta.log'[/repr.filename]…
Logging subprocess to [repr.filename]'runs/t78_ref_0925/12-openroad-staprepnr/nom_ff_n40C_5v50/sta.log'[/repr.filename]…
Skipping corner max_ff_n40C_5v50 for STA (identical to nom_ff_n40C_5v50 at this stage)…
Running 'OpenROAD.Floorplan' at 'runs/t78_ref_0925/13-openroad-floorplan'…
Logging subprocess to [repr.filename]'runs/t78_ref_0925/13-openroad-floorplan/openroad-floorplan.log'[/repr.filename]…
Running 'OpenROAD.DumpRCValues' at 'runs/t78_ref_0925/14-openroad-dumprcvalues'…
Logging subprocess to [repr.filename]'runs/t78_ref_0925/14-openroad-dumprcvalues/openroad-dumprcvalues.log'[/repr.filename]…
Running 'Odb.CheckMacroAntennaProperties' at 'runs/t78_ref_0925/15-odb-checkmacroantennaproperties'…
Running 'Odb.SetPowerConnections' at 'runs/t78_ref_0925/16-odb-setpowerconnections'…
Logging subprocess to [repr.filename]'runs/t78_ref_0925/16-odb-setpowerconnections/odb-setpowerconnections.log'[/repr.filename]…
Running 'OpenROAD.PadRing' at 'runs/t78_ref_0925/17-openroad-padring'…
Logging subprocess to [repr.filename]'runs/t78_ref_0925/17-openroad-padring/openroad-padring.log'[/repr.filename]…
Running 'Odb.ManualMacroPlacement' at 'runs/t78_ref_0925/18-odb-manualmacroplacement'…
Running 'OpenROAD.CutRows' at 'runs/t78_ref_0925/19-openroad-cutrows'…
Logging subprocess to [repr.filename]'runs/t78_ref_0925/19-openroad-cutrows/openroad-cutrows.log'[/repr.filename]…
Running 'OpenROAD.TapEndcapInsertion' at 'runs/t78_ref_0925/20-openroad-tapendcapinsertion'…
Logging subprocess to [repr.filename]'runs/t78_ref_0925/20-openroad-tapendcapinsertion/openroad-tapendcapinsertion.log'[/repr.filename]…
Running 'Odb.AddPDNObstructions' at 'runs/t78_ref_0925/21-odb-addpdnobstructions'…
Running 'OpenROAD.GeneratePDN' at 'runs/t78_ref_0925/22-openroad-generatepdn'…
Logging subprocess to [repr.filename]'runs/t78_ref_0925/22-openroad-generatepdn/openroad-generatepdn.log'[/repr.filename]…
Running 'Odb.RemovePDNObstructions' at 'runs/t78_ref_0925/23-odb-removepdnobstructions'…
Running 'Odb.AddRoutingObstructions' at 'runs/t78_ref_0925/24-odb-addroutingobstructions'…
Running 'OpenROAD.GlobalPlacementSkipIO' at 'runs/t78_ref_0925/25-openroad-globalplacementskipio'…
Logging subprocess to [repr.filename]'runs/t78_ref_0925/25-openroad-globalplacementskipio/openroad-globalplacementskipio.log'[/repr.filename]…
Running 'Odb.ApplyDEFTemplate' at 'runs/t78_ref_0925/26-odb-applydeftemplate'…
Running 'OpenROAD.GlobalPlacement' at 'runs/t78_ref_0925/27-openroad-globalplacement'…
Logging subprocess to [repr.filename]'runs/t78_ref_0925/27-openroad-globalplacement/openroad-globalplacement.log'[/repr.filename]…
Running 'Odb.WriteVerilogHeader' at 'runs/t78_ref_0925/28-odb-writeverilogheader'…
Logging subprocess to [repr.filename]'runs/t78_ref_0925/28-odb-writeverilogheader/odb-writeverilogheader.log'[/repr.filename]…
Running 'Checker.PowerGridViolations' at 'runs/t78_ref_0925/29-checker-powergridviolations'…
Running 'OpenROAD.STAMidPNR' at 'runs/t78_ref_0925/30-openroad-stamidpnr'…
Logging subprocess to [repr.filename]'runs/t78_ref_0925/30-openroad-stamidpnr/openroad-stamidpnr.log'[/repr.filename]…
Running 'OpenROAD.RepairDesignPostGPL' at 'runs/t78_ref_0925/31-openroad-repairdesignpostgpl'…
Logging subprocess to [repr.filename]'runs/t78_ref_0925/31-openroad-repairdesignpostgpl/openroad-repairdesignpostgpl.log'[/repr.filename]…
Running 'Odb.ManualGlobalPlacement' at 'runs/t78_ref_0925/32-odb-manualglobalplacement'…
Running 'OpenROAD.DetailedPlacement' at 'runs/t78_ref_0925/33-openroad-detailedplacement'…
Logging subprocess to [repr.filename]'runs/t78_ref_0925/33-openroad-detailedplacement/openroad-detailedplacement.log'[/repr.filename]…
Running 'OpenROAD.CTS' at 'runs/t78_ref_0925/34-openroad-cts'…
Logging subprocess to [repr.filename]'runs/t78_ref_0925/34-openroad-cts/openroad-cts.log'[/repr.filename]…
Running 'OpenROAD.STAMidPNR-1' at 'runs/t78_ref_0925/35-openroad-stamidpnr-1'…
Logging subprocess to [repr.filename]'runs/t78_ref_0925/35-openroad-stamidpnr-1/openroad-stamidpnr-1.log'[/repr.filename]…
Running 'OpenROAD.ResizerTimingPostCTS' at 'runs/t78_ref_0925/36-openroad-resizertimingpostcts'…
Logging subprocess to [repr.filename]'runs/t78_ref_0925/36-openroad-resizertimingpostcts/openroad-resizertimingpostcts.log'[/repr.filename]…
Running 'OpenROAD.STAMidPNR-2' at 'runs/t78_ref_0925/37-openroad-stamidpnr-2'…
Logging subprocess to [repr.filename]'runs/t78_ref_0925/37-openroad-stamidpnr-2/openroad-stamidpnr-2.log'[/repr.filename]…
Running 'OpenROAD.GlobalRouting' at 'runs/t78_ref_0925/38-openroad-globalrouting'…
Logging subprocess to [repr.filename]'runs/t78_ref_0925/38-openroad-globalrouting/openroad-globalrouting.log'[/repr.filename]…
Running 'OpenROAD.CheckAntennas' at 'runs/t78_ref_0925/39-openroad-checkantennas'…
Logging subprocess to [repr.filename]'runs/t78_ref_0925/39-openroad-checkantennas/openroad-checkantennas.log'[/repr.filename]…
Skipping step 'Repair Design (Post-Global Routing)'…
Running 'Odb.DiodesOnPorts' at 'runs/t78_ref_0925/40-odb-diodesonports'…
Skipping step 'Heuristic Diode Insertion'…
Running 'OpenROAD.RepairAntennas' at 'runs/t78_ref_0925/41-openroad-repairantennas'…
Running 'OpenROAD.DiodeInsertion' at 'runs/t78_ref_0925/41-openroad-repairantennas/1-openroad-diodeinsertion'…
Logging subprocess to [repr.filename]'runs/t78_ref_0925/41-openroad-repairantennas/1-openroad-diodeinsertion/openroad-diodeinsertion.log'[/repr.filename]…
Running 'OpenROAD.CheckAntennas' at 'runs/t78_ref_0925/41-openroad-repairantennas/2-openroad-checkantennas'…
Logging subprocess to [repr.filename]'runs/t78_ref_0925/41-openroad-repairantennas/2-openroad-checkantennas/openroad-checkantennas.log'[/repr.filename]…
Skipping step 'Resizer Timing Optimizations (Post-Global Routing)'…
Running 'OpenROAD.STAMidPNR-3' at 'runs/t78_ref_0925/42-openroad-stamidpnr-3'…
Logging subprocess to [repr.filename]'runs/t78_ref_0925/42-openroad-stamidpnr-3/openroad-stamidpnr-3.log'[/repr.filename]…
Running 'OpenROAD.DetailedRouting' at 'runs/t78_ref_0925/43-openroad-detailedrouting'…
Logging subprocess to [repr.filename]'runs/t78_ref_0925/43-openroad-detailedrouting/openroad-detailedrouting.log'[/repr.filename]…
Running 'Odb.RemoveRoutingObstructions' at 'runs/t78_ref_0925/44-odb-removeroutingobstructions'…
Running 'OpenROAD.CheckAntennas-1' at 'runs/t78_ref_0925/45-openroad-checkantennas-1'…
Logging subprocess to [repr.filename]'runs/t78_ref_0925/45-openroad-checkantennas-1/openroad-checkantennas-1.log'[/repr.filename]…
Running 'Checker.TrDRC' at 'runs/t78_ref_0925/46-checker-trdrc'…
Running 'Odb.ReportDisconnectedPins' at 'runs/t78_ref_0925/47-odb-reportdisconnectedpins'…
Logging subprocess to [repr.filename]'runs/t78_ref_0925/47-odb-reportdisconnectedpins/odb-reportdisconnectedpins.log'[/repr.filename]…
Running 'Checker.DisconnectedPins' at 'runs/t78_ref_0925/48-checker-disconnectedpins'…
Running 'Odb.ReportWireLength' at 'runs/t78_ref_0925/49-odb-reportwirelength'…
Logging subprocess to [repr.filename]'runs/t78_ref_0925/49-odb-reportwirelength/odb-reportwirelength.log'[/repr.filename]…
Running 'Checker.WireLength' at 'runs/t78_ref_0925/50-checker-wirelength'…
Running 'OpenROAD.FillInsertion' at 'runs/t78_ref_0925/51-openroad-fillinsertion'…
Logging subprocess to [repr.filename]'runs/t78_ref_0925/51-openroad-fillinsertion/openroad-fillinsertion.log'[/repr.filename]…
Running 'Odb.CellFrequencyTables' at 'runs/t78_ref_0925/52-odb-cellfrequencytables'…
Logging subprocess to [repr.filename]'runs/t78_ref_0925/52-odb-cellfrequencytables/buffer_list.txt'[/repr.filename]…
Logging subprocess to [repr.filename]'runs/t78_ref_0925/52-odb-cellfrequencytables/odb-cellfrequencytables.log'[/repr.filename]…
Running 'OpenROAD.RCX' at 'runs/t78_ref_0925/53-openroad-rcx'…
Logging subprocess to [repr.filename]'runs/t78_ref_0925/53-openroad-rcx/nom/rcx.log'[/repr.filename]…
Logging subprocess to [repr.filename]'runs/t78_ref_0925/53-openroad-rcx/min/rcx.log'[/repr.filename]…
Logging subprocess to [repr.filename]'runs/t78_ref_0925/53-openroad-rcx/max/rcx.log'[/repr.filename]…
Running 'OpenROAD.STAPostPNR' at 'runs/t78_ref_0925/54-openroad-stapostpnr'…
Logging subprocess to [repr.filename]'runs/t78_ref_0925/54-openroad-stapostpnr/nom_ss_125C_4v50/sta.log'[/repr.filename]…
Logging subprocess to [repr.filename]'runs/t78_ref_0925/54-openroad-stapostpnr/nom_tt_025C_5v00/sta.log'[/repr.filename]…
Logging subprocess to [repr.filename]'runs/t78_ref_0925/54-openroad-stapostpnr/min_tt_025C_5v00/sta.log'[/repr.filename]…
Logging subprocess to [repr.filename]'runs/t78_ref_0925/54-openroad-stapostpnr/nom_ff_n40C_5v50/sta.log'[/repr.filename]…
Logging subprocess to [repr.filename]'runs/t78_ref_0925/54-openroad-stapostpnr/min_ss_125C_4v50/sta.log'[/repr.filename]…
Logging subprocess to [repr.filename]'runs/t78_ref_0925/54-openroad-stapostpnr/max_ss_125C_4v50/sta.log'[/repr.filename]…
Logging subprocess to [repr.filename]'runs/t78_ref_0925/54-openroad-stapostpnr/min_ff_n40C_5v50/sta.log'[/repr.filename]…
Logging subprocess to [repr.filename]'runs/t78_ref_0925/54-openroad-stapostpnr/max_ff_n40C_5v50/sta.log'[/repr.filename]…
Logging subprocess to [repr.filename]'runs/t78_ref_0925/54-openroad-stapostpnr/max_tt_025C_5v00/sta.log'[/repr.filename]…
Logging subprocess to [repr.filename]'runs/t78_ref_0925/54-openroad-stapostpnr/nom_ss_125C_4v50/filter_unannotated.log'[/repr.filename]…
Logging subprocess to [repr.filename]'runs/t78_ref_0925/54-openroad-stapostpnr/nom_tt_025C_5v00/filter_unannotated.log'[/repr.filename]…
Logging subprocess to [repr.filename]'runs/t78_ref_0925/54-openroad-stapostpnr/min_tt_025C_5v00/filter_unannotated.log'[/repr.filename]…
Logging subprocess to [repr.filename]'runs/t78_ref_0925/54-openroad-stapostpnr/max_tt_025C_5v00/filter_unannotated.log'[/repr.filename]…
Logging subprocess to [repr.filename]'runs/t78_ref_0925/54-openroad-stapostpnr/max_ss_125C_4v50/filter_unannotated.log'[/repr.filename]…
Logging subprocess to [repr.filename]'runs/t78_ref_0925/54-openroad-stapostpnr/max_ff_n40C_5v50/filter_unannotated.log'[/repr.filename]…
Logging subprocess to [repr.filename]'runs/t78_ref_0925/54-openroad-stapostpnr/min_ss_125C_4v50/filter_unannotated.log'[/repr.filename]…
Logging subprocess to [repr.filename]'runs/t78_ref_0925/54-openroad-stapostpnr/min_ff_n40C_5v50/filter_unannotated.log'[/repr.filename]…
Logging subprocess to [repr.filename]'runs/t78_ref_0925/54-openroad-stapostpnr/nom_ff_n40C_5v50/filter_unannotated.log'[/repr.filename]…
Running 'OpenROAD.IRDropReport' at 'runs/t78_ref_0925/55-openroad-irdropreport'…
Logging subprocess to [repr.filename]'runs/t78_ref_0925/55-openroad-irdropreport/openroad-irdropreport.log'[/repr.filename]…
Running 'Magic.StreamOut' at 'runs/t78_ref_0925/56-magic-streamout'…
Logging subprocess to [repr.filename]'runs/t78_ref_0925/56-magic-streamout/magic-streamout.log'[/repr.filename]…
Running 'KLayout.StreamOut' at 'runs/t78_ref_0925/57-klayout-streamout'…
Logging subprocess to [repr.filename]'runs/t78_ref_0925/57-klayout-streamout/klayout-streamout.log'[/repr.filename]…
Running 'KLayout.Render' at 'runs/t78_ref_0925/58-klayout-render'…
Logging subprocess to [repr.filename]'runs/t78_ref_0925/58-klayout-render/klayout-render.log'[/repr.filename]…
Running 'KLayout.XOR' at 'runs/t78_ref_0925/59-klayout-xor'…
Logging subprocess to [repr.filename]'runs/t78_ref_0925/59-klayout-xor/klayout-xor.log'[/repr.filename]…
Running 'Checker.XOR' at 'runs/t78_ref_0925/60-checker-xor'…
Running 'KLayout.Antenna' at 'runs/t78_ref_0925/61-klayout-antenna'…
Logging subprocess to [repr.filename]'runs/t78_ref_0925/61-klayout-antenna/klayout-antenna.log'[/repr.filename]…
Logging subprocess to [repr.filename]'runs/t78_ref_0925/61-klayout-antenna/xml_drc_report_to_json.log'[/repr.filename]…
Running 'Checker.KLayoutAntenna' at 'runs/t78_ref_0925/62-checker-klayoutantenna'…
Running 'KLayout.SealRing' at 'runs/t78_ref_0925/63-klayout-sealring'…
Logging subprocess to [repr.filename]'runs/t78_ref_0925/63-klayout-sealring/klayout-sealring.log'[/repr.filename]…
Running 'KLayout.Filler' at 'runs/t78_ref_0925/64-klayout-filler'…
Logging subprocess to [repr.filename]'runs/t78_ref_0925/64-klayout-filler/klayout-filler.log'[/repr.filename]…
Running 'KLayout.Density' at 'runs/t78_ref_0925/65-klayout-density'…
Logging subprocess to [repr.filename]'runs/t78_ref_0925/65-klayout-density/klayout-density.log'[/repr.filename]…
Logging subprocess to [repr.filename]'runs/t78_ref_0925/65-klayout-density/xml_drc_report_to_json.log'[/repr.filename]…
Running 'Checker.KLayoutDensity' at 'runs/t78_ref_0925/66-checker-klayoutdensity'…
Running 'Magic.DRC' at 'runs/t78_ref_0925/67-magic-drc'…
Logging subprocess to [repr.filename]'runs/t78_ref_0925/67-magic-drc/magic-drc.log'[/repr.filename]…
Running 'KLayout.DRC' at 'runs/t78_ref_0925/68-klayout-drc'…
Logging subprocess to [repr.filename]'runs/t78_ref_0925/68-klayout-drc/klayout-drc.log'[/repr.filename]…
Logging subprocess to [repr.filename]'runs/t78_ref_0925/68-klayout-drc/xml_drc_report_to_json.log'[/repr.filename]…
Running 'Checker.MagicDRC' at 'runs/t78_ref_0925/69-checker-magicdrc'…
Running 'Checker.KLayoutDRC' at 'runs/t78_ref_0925/70-checker-klayoutdrc'…
Running 'Magic.SpiceExtraction' at 'runs/t78_ref_0925/71-magic-spiceextraction'…
Logging subprocess to [repr.filename]'runs/t78_ref_0925/71-magic-spiceextraction/magic-spiceextraction.log'[/repr.filename]…
Running 'Checker.IllegalOverlap' at 'runs/t78_ref_0925/72-checker-illegaloverlap'…
Running 'Netgen.LVS' at 'runs/t78_ref_0925/73-netgen-lvs'…
Logging subprocess to [repr.filename]'runs/t78_ref_0925/73-netgen-lvs/netgen-lvs.log'[/repr.filename]…
Running 'Checker.LVS' at 'runs/t78_ref_0925/74-checker-lvs'…
Skipping step 'Equivalence Check'…
Running 'Checker.SetupViolations' at 'runs/t78_ref_0925/75-checker-setupviolations'…
Running 'Checker.HoldViolations' at 'runs/t78_ref_0925/76-checker-holdviolations'…
Running 'Checker.MaxSlewViolations' at 'runs/t78_ref_0925/77-checker-maxslewviolations'…
Running 'Checker.MaxCapViolations' at 'runs/t78_ref_0925/78-checker-maxcapviolations'…
Running 'Misc.ReportManufacturability' at 'runs/t78_ref_0925/79-misc-reportmanufacturability'…
Saving views to '/work/runs/t78_ref_0925/final'…
Flow complete.
