Starting…
Running 'Verilator.Lint' at 'runs/t89_ref_077/01-verilator-lint'…
Logging subprocess to [repr.filename]'runs/t89_ref_077/01-verilator-lint/verilator-lint.log'[/repr.filename]…
Running 'Checker.LintTimingConstructs' at 'runs/t89_ref_077/02-checker-linttimingconstructs'…
Running 'Checker.LintErrors' at 'runs/t89_ref_077/03-checker-linterrors'…
Running 'Checker.LintWarnings' at 'runs/t89_ref_077/04-checker-lintwarnings'…
Running 'Yosys.JsonHeader' at 'runs/t89_ref_077/05-yosys-jsonheader'…
Logging subprocess to [repr.filename]'runs/t89_ref_077/05-yosys-jsonheader/yosys-jsonheader.log'[/repr.filename]…
Running 'Yosys.Synthesis' at 'runs/t89_ref_077/06-yosys-synthesis'…
Logging subprocess to [repr.filename]'runs/t89_ref_077/06-yosys-synthesis/yosys-synthesis.log'[/repr.filename]…
Running 'Checker.YosysUnmappedCells' at 'runs/t89_ref_077/07-checker-yosysunmappedcells'…
Running 'Checker.YosysSynthChecks' at 'runs/t89_ref_077/08-checker-yosyssynthchecks'…
Running 'Checker.NetlistAssignStatements' at 'runs/t89_ref_077/09-checker-netlistassignstatements'…
Running 'OpenROAD.CheckSDCFiles' at 'runs/t89_ref_077/10-openroad-checksdcfiles'…
Running 'OpenROAD.CheckMacroInstances' at 'runs/t89_ref_077/11-openroad-checkmacroinstances'…
Running 'OpenROAD.STAPrePNR' at 'runs/t89_ref_077/12-openroad-staprepnr'…
Skipping corner min_tt_025C_5v00 for STA (identical to nom_tt_025C_5v00 at this stage)…
Skipping corner min_ss_125C_4v50 for STA (identical to nom_ss_125C_4v50 at this stage)…
Skipping corner min_ff_n40C_5v50 for STA (identical to nom_ff_n40C_5v50 at this stage)…
Skipping corner max_tt_025C_5v00 for STA (identical to nom_tt_025C_5v00 at this stage)…
Skipping corner max_ss_125C_4v50 for STA (identical to nom_ss_125C_4v50 at this stage)…
Skipping corner max_ff_n40C_5v50 for STA (identical to nom_ff_n40C_5v50 at this stage)…
Logging subprocess to [repr.filename]'runs/t89_ref_077/12-openroad-staprepnr/nom_ss_125C_4v50/sta.log'[/repr.filename]…
Logging subprocess to [repr.filename]'runs/t89_ref_077/12-openroad-staprepnr/nom_tt_025C_5v00/sta.log'[/repr.filename]…
Logging subprocess to [repr.filename]'runs/t89_ref_077/12-openroad-staprepnr/nom_ff_n40C_5v50/sta.log'[/repr.filename]…
Running 'OpenROAD.Floorplan' at 'runs/t89_ref_077/13-openroad-floorplan'…
Logging subprocess to [repr.filename]'runs/t89_ref_077/13-openroad-floorplan/openroad-floorplan.log'[/repr.filename]…
Running 'OpenROAD.DumpRCValues' at 'runs/t89_ref_077/14-openroad-dumprcvalues'…
Logging subprocess to [repr.filename]'runs/t89_ref_077/14-openroad-dumprcvalues/openroad-dumprcvalues.log'[/repr.filename]…
Running 'Odb.CheckMacroAntennaProperties' at 'runs/t89_ref_077/15-odb-checkmacroantennaproperties'…
Running 'Odb.SetPowerConnections' at 'runs/t89_ref_077/16-odb-setpowerconnections'…
Logging subprocess to [repr.filename]'runs/t89_ref_077/16-odb-setpowerconnections/odb-setpowerconnections.log'[/repr.filename]…
Running 'OpenROAD.PadRing' at 'runs/t89_ref_077/17-openroad-padring'…
Logging subprocess to [repr.filename]'runs/t89_ref_077/17-openroad-padring/openroad-padring.log'[/repr.filename]…
Running 'Odb.ManualMacroPlacement' at 'runs/t89_ref_077/18-odb-manualmacroplacement'…
Running 'OpenROAD.CutRows' at 'runs/t89_ref_077/19-openroad-cutrows'…
Logging subprocess to [repr.filename]'runs/t89_ref_077/19-openroad-cutrows/openroad-cutrows.log'[/repr.filename]…
Running 'OpenROAD.TapEndcapInsertion' at 'runs/t89_ref_077/20-openroad-tapendcapinsertion'…
Logging subprocess to [repr.filename]'runs/t89_ref_077/20-openroad-tapendcapinsertion/openroad-tapendcapinsertion.log'[/repr.filename]…
Running 'Odb.AddPDNObstructions' at 'runs/t89_ref_077/21-odb-addpdnobstructions'…
Running 'OpenROAD.GeneratePDN' at 'runs/t89_ref_077/22-openroad-generatepdn'…
Logging subprocess to [repr.filename]'runs/t89_ref_077/22-openroad-generatepdn/openroad-generatepdn.log'[/repr.filename]…
Running 'Odb.RemovePDNObstructions' at 'runs/t89_ref_077/23-odb-removepdnobstructions'…
Running 'Odb.AddRoutingObstructions' at 'runs/t89_ref_077/24-odb-addroutingobstructions'…
Running 'OpenROAD.GlobalPlacementSkipIO' at 'runs/t89_ref_077/25-openroad-globalplacementskipio'…
Logging subprocess to [repr.filename]'runs/t89_ref_077/25-openroad-globalplacementskipio/openroad-globalplacementskipio.log'[/repr.filename]…
Running 'Odb.ApplyDEFTemplate' at 'runs/t89_ref_077/26-odb-applydeftemplate'…
Running 'OpenROAD.GlobalPlacement' at 'runs/t89_ref_077/27-openroad-globalplacement'…
Logging subprocess to [repr.filename]'runs/t89_ref_077/27-openroad-globalplacement/openroad-globalplacement.log'[/repr.filename]…
Running 'Odb.WriteVerilogHeader' at 'runs/t89_ref_077/28-odb-writeverilogheader'…
Logging subprocess to [repr.filename]'runs/t89_ref_077/28-odb-writeverilogheader/odb-writeverilogheader.log'[/repr.filename]…
Running 'Checker.PowerGridViolations' at 'runs/t89_ref_077/29-checker-powergridviolations'…
Running 'OpenROAD.STAMidPNR' at 'runs/t89_ref_077/30-openroad-stamidpnr'…
Logging subprocess to [repr.filename]'runs/t89_ref_077/30-openroad-stamidpnr/openroad-stamidpnr.log'[/repr.filename]…
