Running 'Verilator.Lint' at 'runs/cmp3/01-verilator-lint'…
Logging subprocess to [repr.filename]'runs/cmp3/01-verilator-lint/verilator-lint.log'[/repr.filename]…
Running 'Checker.LintTimingConstructs' at 'runs/cmp3/02-checker-linttimingconstructs'…
Running 'Checker.LintErrors' at 'runs/cmp3/03-checker-linterrors'…
Running 'Checker.LintWarnings' at 'runs/cmp3/04-checker-lintwarnings'…
Running 'Yosys.JsonHeader' at 'runs/cmp3/05-yosys-jsonheader'…
Logging subprocess to [repr.filename]'runs/cmp3/05-yosys-jsonheader/yosys-jsonheader.log'[/repr.filename]…
Running 'Yosys.Synthesis' at 'runs/cmp3/06-yosys-synthesis'…
Logging subprocess to [repr.filename]'runs/cmp3/06-yosys-synthesis/yosys-synthesis.log'[/repr.filename]…
Running 'Checker.YosysUnmappedCells' at 'runs/cmp3/07-checker-yosysunmappedcells'…
Running 'Checker.YosysSynthChecks' at 'runs/cmp3/08-checker-yosyssynthchecks'…
Running 'Checker.NetlistAssignStatements' at 'runs/cmp3/09-checker-netlistassignstatements'…
Running 'OpenROAD.CheckSDCFiles' at 'runs/cmp3/10-openroad-checksdcfiles'…
Running 'OpenROAD.CheckMacroInstances' at 'runs/cmp3/11-openroad-checkmacroinstances'…
Running 'OpenROAD.STAPrePNR' at 'runs/cmp3/12-openroad-staprepnr'…
Logging subprocess to [repr.filename]'runs/cmp3/12-openroad-staprepnr/nom_tt_025C_5v00/sta.log'[/repr.filename]…
Logging subprocess to [repr.filename]'runs/cmp3/12-openroad-staprepnr/nom_ss_125C_4v50/sta.log'[/repr.filename]…
Logging subprocess to [repr.filename]'runs/cmp3/12-openroad-staprepnr/nom_ff_n40C_5v50/sta.log'[/repr.filename]…
Running 'OpenROAD.Floorplan' at 'runs/cmp3/13-openroad-floorplan'…
Logging subprocess to [repr.filename]'runs/cmp3/13-openroad-floorplan/openroad-floorplan.log'[/repr.filename]…
Running 'OpenROAD.DumpRCValues' at 'runs/cmp3/14-openroad-dumprcvalues'…
Logging subprocess to [repr.filename]'runs/cmp3/14-openroad-dumprcvalues/openroad-dumprcvalues.log'[/repr.filename]…
Running 'Odb.CheckMacroAntennaProperties' at 'runs/cmp3/15-odb-checkmacroantennaproperties'…
Running 'Odb.SetPowerConnections' at 'runs/cmp3/16-odb-setpowerconnections'…
Logging subprocess to [repr.filename]'runs/cmp3/16-odb-setpowerconnections/odb-setpowerconnections.log'[/repr.filename]…
Running 'Odb.ManualMacroPlacement' at 'runs/cmp3/17-odb-manualmacroplacement'…
Running 'OpenROAD.CutRows' at 'runs/cmp3/18-openroad-cutrows'…
Logging subprocess to [repr.filename]'runs/cmp3/18-openroad-cutrows/openroad-cutrows.log'[/repr.filename]…
Running 'OpenROAD.TapEndcapInsertion' at 'runs/cmp3/19-openroad-tapendcapinsertion'…
Logging subprocess to [repr.filename]'runs/cmp3/19-openroad-tapendcapinsertion/openroad-tapendcapinsertion.log'[/repr.filename]…
Running 'Odb.AddPDNObstructions' at 'runs/cmp3/20-odb-addpdnobstructions'…
'PDN_OBSTRUCTIONS' is not defined. Skipping 'Odb.AddPDNObstructions'…
Running 'OpenROAD.GeneratePDN' at 'runs/cmp3/21-openroad-generatepdn'…
Logging subprocess to [repr.filename]'runs/cmp3/21-openroad-generatepdn/openroad-generatepdn.log'[/repr.filename]…
Running 'Odb.RemovePDNObstructions' at 'runs/cmp3/22-odb-removepdnobstructions'…
'PDN_OBSTRUCTIONS' is not defined. Skipping 'Odb.RemovePDNObstructions'…
Running 'Odb.AddRoutingObstructions' at 'runs/cmp3/23-odb-addroutingobstructions'…
'ROUTING_OBSTRUCTIONS' is not defined. Skipping 'Odb.AddRoutingObstructions'…
Running 'OpenROAD.GlobalPlacementSkipIO' at 'runs/cmp3/24-openroad-globalplacementskipio'…
I/O pins to be placed from /host/cmp3/librelane_8HD-4/design/pin_order.cfg. Returning state unaltered…
Running 'OpenROAD.IOPlacement' at 'runs/cmp3/25-openroad-ioplacement'…
IO_PIN_ORDER_CFG is set. Skipping 'OpenROAD.IOPlacement'…
Running 'Odb.CustomIOPlacement' at 'runs/cmp3/26-odb-customioplacement'…
Logging subprocess to [repr.filename]'runs/cmp3/26-odb-customioplacement/odb-customioplacement.log'[/repr.filename]…
Running 'Odb.ApplyDEFTemplate' at 'runs/cmp3/27-odb-applydeftemplate'…
Running 'OpenROAD.GlobalPlacement' at 'runs/cmp3/28-openroad-globalplacement'…
Logging subprocess to [repr.filename]'runs/cmp3/28-openroad-globalplacement/openroad-globalplacement.log'[/repr.filename]…
Running 'Odb.WriteVerilogHeader' at 'runs/cmp3/29-odb-writeverilogheader'…
Logging subprocess to [repr.filename]'runs/cmp3/29-odb-writeverilogheader/odb-writeverilogheader.log'[/repr.filename]…
Running 'Checker.PowerGridViolations' at 'runs/cmp3/30-checker-powergridviolations'…
Running 'OpenROAD.STAMidPNR' at 'runs/cmp3/31-openroad-stamidpnr'…
Logging subprocess to [repr.filename]'runs/cmp3/31-openroad-stamidpnr/openroad-stamidpnr.log'[/repr.filename]…
Running 'OpenROAD.RepairDesignPostGPL' at 'runs/cmp3/32-openroad-repairdesignpostgpl'…
Logging subprocess to [repr.filename]'runs/cmp3/32-openroad-repairdesignpostgpl/openroad-repairdesignpostgpl.log'[/repr.filename]…
Running 'Odb.ManualGlobalPlacement' at 'runs/cmp3/33-odb-manualglobalplacement'…
'MANUAL_GLOBAL_PLACEMENTS' not set. Skipping 'Odb.ManualGlobalPlacement'…
Running 'OpenROAD.DetailedPlacement' at 'runs/cmp3/34-openroad-detailedplacement'…
Logging subprocess to [repr.filename]'runs/cmp3/34-openroad-detailedplacement/openroad-detailedplacement.log'[/repr.filename]…
Running 'OpenROAD.CTS' at 'runs/cmp3/35-openroad-cts'…
Logging subprocess to [repr.filename]'runs/cmp3/35-openroad-cts/openroad-cts.log'[/repr.filename]…
Running 'OpenROAD.STAMidPNR-1' at 'runs/cmp3/36-openroad-stamidpnr-1'…
Logging subprocess to [repr.filename]'runs/cmp3/36-openroad-stamidpnr-1/openroad-stamidpnr-1.log'[/repr.filename]…
Running 'OpenROAD.ResizerTimingPostCTS' at 'runs/cmp3/37-openroad-resizertimingpostcts'…
Logging subprocess to [repr.filename]'runs/cmp3/37-openroad-resizertimingpostcts/openroad-resizertimingpostcts.log'[/repr.filename]…
Running 'OpenROAD.STAMidPNR-2' at 'runs/cmp3/38-openroad-stamidpnr-2'…
Logging subprocess to [repr.filename]'runs/cmp3/38-openroad-stamidpnr-2/openroad-stamidpnr-2.log'[/repr.filename]…
Running 'OpenROAD.GlobalRouting' at 'runs/cmp3/39-openroad-globalrouting'…
Logging subprocess to [repr.filename]'runs/cmp3/39-openroad-globalrouting/openroad-globalrouting.log'[/repr.filename]…
Running 'OpenROAD.CheckAntennas' at 'runs/cmp3/40-openroad-checkantennas'…
Logging subprocess to [repr.filename]'runs/cmp3/40-openroad-checkantennas/openroad-checkantennas.log'[/repr.filename]…
Running 'Odb.DiodesOnPorts' at 'runs/cmp3/41-odb-diodesonports'…
Running 'OpenROAD.RepairAntennas' at 'runs/cmp3/42-openroad-repairantennas'…
Running 'OpenROAD.DiodeInsertion' at 'runs/cmp3/42-openroad-repairantennas/1-openroad-diodeinsertion'…
Logging subprocess to [repr.filename]'runs/cmp3/42-openroad-repairantennas/1-openroad-diodeinsertion/openroad-diodeinsertion.log'[/repr.filename]…
Running 'OpenROAD.CheckAntennas' at 'runs/cmp3/42-openroad-repairantennas/2-openroad-checkantennas'…
Logging subprocess to [repr.filename]'runs/cmp3/42-openroad-repairantennas/2-openroad-checkantennas/openroad-checkantennas.log'[/repr.filename]…
Running 'OpenROAD.STAMidPNR-3' at 'runs/cmp3/43-openroad-stamidpnr-3'…
Logging subprocess to [repr.filename]'runs/cmp3/43-openroad-stamidpnr-3/openroad-stamidpnr-3.log'[/repr.filename]…
