Running 'Verilator.Lint' at 'runs/cmp3/01-verilator-lint'…
Running 'Checker.LintTimingConstructs' at 'runs/cmp3/02-checker-linttimingconstructs'…
Running 'Checker.LintErrors' at 'runs/cmp3/03-checker-linterrors'…
Running 'Checker.LintWarnings' at 'runs/cmp3/04-checker-lintwarnings'…
Running 'Yosys.JsonHeader' at 'runs/cmp3/05-yosys-jsonheader'…
Running 'Yosys.Synthesis' at 'runs/cmp3/06-yosys-synthesis'…
Running 'Checker.YosysUnmappedCells' at 'runs/cmp3/07-checker-yosysunmappedcells'…
Running 'Checker.YosysSynthChecks' at 'runs/cmp3/08-checker-yosyssynthchecks'…
Running 'Checker.NetlistAssignStatements' at 'runs/cmp3/09-checker-netlistassignstatements'…
Running 'OpenROAD.CheckSDCFiles' at 'runs/cmp3/10-openroad-checksdcfiles'…
Running 'OpenROAD.CheckMacroInstances' at 'runs/cmp3/11-openroad-checkmacroinstances'…
Running 'OpenROAD.STAPrePNR' at 'runs/cmp3/12-openroad-staprepnr'…
Running 'OpenROAD.Floorplan' at 'runs/cmp3/13-openroad-floorplan'…
Running 'OpenROAD.DumpRCValues' at 'runs/cmp3/14-openroad-dumprcvalues'…
Running 'Odb.CheckMacroAntennaProperties' at 'runs/cmp3/15-odb-checkmacroantennaproperties'…
Running 'Odb.SetPowerConnections' at 'runs/cmp3/16-odb-setpowerconnections'…
Running 'Odb.ManualMacroPlacement' at 'runs/cmp3/17-odb-manualmacroplacement'…
Running 'OpenROAD.CutRows' at 'runs/cmp3/18-openroad-cutrows'…
Running 'OpenROAD.TapEndcapInsertion' at 'runs/cmp3/19-openroad-tapendcapinsertion'…
Running 'Odb.AddPDNObstructions' at 'runs/cmp3/20-odb-addpdnobstructions'…
Running 'OpenROAD.GeneratePDN' at 'runs/cmp3/21-openroad-generatepdn'…
Running 'Odb.RemovePDNObstructions' at 'runs/cmp3/22-odb-removepdnobstructions'…
Running 'Odb.AddRoutingObstructions' at 'runs/cmp3/23-odb-addroutingobstructions'…
Running 'OpenROAD.GlobalPlacementSkipIO' at 'runs/cmp3/24-openroad-globalplacementskipio'…
Running 'OpenROAD.IOPlacement' at 'runs/cmp3/25-openroad-ioplacement'…
Running 'Odb.CustomIOPlacement' at 'runs/cmp3/26-odb-customioplacement'…
Running 'Odb.ApplyDEFTemplate' at 'runs/cmp3/27-odb-applydeftemplate'…
Running 'OpenROAD.GlobalPlacement' at 'runs/cmp3/28-openroad-globalplacement'…
Running 'Odb.WriteVerilogHeader' at 'runs/cmp3/29-odb-writeverilogheader'…
Running 'Checker.PowerGridViolations' at 'runs/cmp3/30-checker-powergridviolations'…
Running 'OpenROAD.STAMidPNR' at 'runs/cmp3/31-openroad-stamidpnr'…
Running 'OpenROAD.RepairDesignPostGPL' at 'runs/cmp3/32-openroad-repairdesignpostgpl'…
Running 'Odb.ManualGlobalPlacement' at 'runs/cmp3/33-odb-manualglobalplacement'…
Running 'OpenROAD.DetailedPlacement' at 'runs/cmp3/34-openroad-detailedplacement'…
Running 'OpenROAD.CTS' at 'runs/cmp3/35-openroad-cts'…
Running 'OpenROAD.STAMidPNR-1' at 'runs/cmp3/36-openroad-stamidpnr-1'…
Running 'OpenROAD.ResizerTimingPostCTS' at 'runs/cmp3/37-openroad-resizertimingpostcts'…
Running 'OpenROAD.STAMidPNR-2' at 'runs/cmp3/38-openroad-stamidpnr-2'…
Running 'OpenROAD.GlobalRouting' at 'runs/cmp3/39-openroad-globalrouting'…
Running 'OpenROAD.CheckAntennas' at 'runs/cmp3/40-openroad-checkantennas'…
Running 'Odb.DiodesOnPorts' at 'runs/cmp3/41-odb-diodesonports'…
Running 'OpenROAD.RepairAntennas' at 'runs/cmp3/42-openroad-repairantennas'…
Running 'OpenROAD.DiodeInsertion' at 'runs/cmp3/42-openroad-repairantennas/1-openroad-diodeinsertion'…
Running 'OpenROAD.CheckAntennas' at 'runs/cmp3/42-openroad-repairantennas/2-openroad-checkantennas'…
Running 'OpenROAD.STAMidPNR-3' at 'runs/cmp3/43-openroad-stamidpnr-3'…
Running 'OpenROAD.DetailedRouting' at 'runs/cmp3/44-openroad-detailedrouting'…
Running 'Odb.RemoveRoutingObstructions' at 'runs/cmp3/45-odb-removeroutingobstructions'…
Running 'OpenROAD.CheckAntennas-1' at 'runs/cmp3/46-openroad-checkantennas-1'…
Running 'Checker.TrDRC' at 'runs/cmp3/47-checker-trdrc'…
Running 'Odb.ReportDisconnectedPins' at 'runs/cmp3/48-odb-reportdisconnectedpins'…
Running 'Checker.DisconnectedPins' at 'runs/cmp3/49-checker-disconnectedpins'…
Running 'Odb.ReportWireLength' at 'runs/cmp3/50-odb-reportwirelength'…
Running 'Checker.WireLength' at 'runs/cmp3/51-checker-wirelength'…
Running 'OpenROAD.FillInsertion' at 'runs/cmp3/52-openroad-fillinsertion'…
Running 'Odb.CellFrequencyTables' at 'runs/cmp3/53-odb-cellfrequencytables'…
Running 'OpenROAD.RCX' at 'runs/cmp3/54-openroad-rcx'…
Running 'OpenROAD.STAPostPNR' at 'runs/cmp3/55-openroad-stapostpnr'…
Running 'OpenROAD.IRDropReport' at 'runs/cmp3/56-openroad-irdropreport'…
Running 'Magic.StreamOut' at 'runs/cmp3/57-magic-streamout'…
Running 'KLayout.StreamOut' at 'runs/cmp3/58-klayout-streamout'…
Running 'KLayout.Render' at 'runs/cmp3/59-klayout-render'…
Running 'Magic.WriteLEF' at 'runs/cmp3/60-magic-writelef'…
Running 'Odb.CheckDesignAntennaProperties' at 'runs/cmp3/61-odb-checkdesignantennaproperties'…
Running 'KLayout.XOR' at 'runs/cmp3/62-klayout-xor'…
Running 'Checker.XOR' at 'runs/cmp3/63-checker-xor'…
Running 'Magic.DRC' at 'runs/cmp3/64-magic-drc'…
Running 'KLayout.DRC' at 'runs/cmp3/65-klayout-drc'…
Running 'Checker.MagicDRC' at 'runs/cmp3/66-checker-magicdrc'…
Running 'Checker.KLayoutDRC' at 'runs/cmp3/67-checker-klayoutdrc'…
Running 'Magic.SpiceExtraction' at 'runs/cmp3/68-magic-spiceextraction'…
Running 'Checker.IllegalOverlap' at 'runs/cmp3/69-checker-illegaloverlap'…
Running 'Netgen.LVS' at 'runs/cmp3/70-netgen-lvs'…
Running 'Checker.LVS' at 'runs/cmp3/71-checker-lvs'…
Running 'Checker.SetupViolations' at 'runs/cmp3/72-checker-setupviolations'…
Running 'Checker.HoldViolations' at 'runs/cmp3/73-checker-holdviolations'…
Running 'Checker.MaxSlewViolations' at 'runs/cmp3/74-checker-maxslewviolations'…
Running 'Checker.MaxCapViolations' at 'runs/cmp3/75-checker-maxcapviolations'…
Running 'Misc.ReportManufacturability' at 'runs/cmp3/76-misc-reportmanufacturability'…
Flow complete.
