Starting…
Skipping step 'Verilator Lint'…
Skipping step 'Lint Timing Error Checker'…
Skipping step 'Lint Errors Checker'…
Skipping step 'Lint Warnings Checker'…
Skipping step 'Generate JSON Header'…
Skipping step 'Synthesis'…
Skipping step 'Unmapped Cells Checker'…
Skipping step 'Yosys Synth Checks'…
Skipping step 'Netlist Assign Statement Checker'…
Running 'OpenROAD.CheckSDCFiles' at 'runs/s2cl/01-openroad-checksdcfiles'…
Running 'OpenROAD.CheckMacroInstances' at 'runs/s2cl/02-openroad-checkmacroinstances'…
No macros found, skipping instance check…
Running 'OpenROAD.STAPrePNR' at 'runs/s2cl/03-openroad-staprepnr'…
Starting STA for the nom_tt_025C_5v00 timing corner…
Starting STA for the nom_ss_125C_4v50 timing corner…
Starting STA for the nom_ff_n40C_5v50 timing corner…
Skipping corner min_tt_025C_5v00 for STA (identical to nom_tt_025C_5v00 at this stage)…
Skipping corner min_ss_125C_4v50 for STA (identical to nom_ss_125C_4v50 at this stage)…
Skipping corner min_ff_n40C_5v50 for STA (identical to nom_ff_n40C_5v50 at this stage)…
Skipping corner max_tt_025C_5v00 for STA (identical to nom_tt_025C_5v00 at this stage)…
Skipping corner max_ss_125C_4v50 for STA (identical to nom_ss_125C_4v50 at this stage)…
Skipping corner max_ff_n40C_5v50 for STA (identical to nom_ff_n40C_5v50 at this stage)…
Logging subprocess to [repr.filename]'runs/s2cl/03-openroad-staprepnr/nom_tt_025C_5v00/sta.log'[/repr.filename]…
Logging subprocess to [repr.filename]'runs/s2cl/03-openroad-staprepnr/nom_ss_125C_4v50/sta.log'[/repr.filename]…
Logging subprocess to [repr.filename]'runs/s2cl/03-openroad-staprepnr/nom_ff_n40C_5v50/sta.log'[/repr.filename]…
Finished STA for the nom_ss_125C_4v50 timing corner.
Finished STA for the nom_ff_n40C_5v50 timing corner.
Finished STA for the nom_tt_025C_5v00 timing corner.
Running 'OpenROAD.Floorplan' at 'runs/s2cl/04-openroad-floorplan'…
Logging subprocess to [repr.filename]'runs/s2cl/04-openroad-floorplan/openroad-floorplan.log'[/repr.filename]…
Running 'OpenROAD.DumpRCValues' at 'runs/s2cl/05-openroad-dumprcvalues'…
Logging subprocess to [repr.filename]'runs/s2cl/05-openroad-dumprcvalues/openroad-dumprcvalues.log'[/repr.filename]…
Running 'Odb.CheckMacroAntennaProperties' at 'runs/s2cl/06-odb-checkmacroantennaproperties'…
No cells provided, skipping 'Odb.CheckMacroAntennaProperties'…
Running 'Odb.SetPowerConnections' at 'runs/s2cl/07-odb-setpowerconnections'…
Logging subprocess to [repr.filename]'runs/s2cl/07-odb-setpowerconnections/odb-setpowerconnections.log'[/repr.filename]…
Running 'Odb.ManualMacroPlacement' at 'runs/s2cl/08-odb-manualmacroplacement'…
No instances found, skipping 'Odb.ManualMacroPlacement'…
Running 'OpenROAD.CutRows' at 'runs/s2cl/09-openroad-cutrows'…
Logging subprocess to [repr.filename]'runs/s2cl/09-openroad-cutrows/openroad-cutrows.log'[/repr.filename]…
Running 'OpenROAD.TapEndcapInsertion' at 'runs/s2cl/10-openroad-tapendcapinsertion'…
Logging subprocess to [repr.filename]'runs/s2cl/10-openroad-tapendcapinsertion/openroad-tapendcapinsertion.log'[/repr.filename]…
Running 'Odb.AddPDNObstructions' at 'runs/s2cl/11-odb-addpdnobstructions'…
'PDN_OBSTRUCTIONS' is not defined. Skipping 'Odb.AddPDNObstructions'…
Running 'OpenROAD.GeneratePDN' at 'runs/s2cl/12-openroad-generatepdn'…
'PDN_CFG' not explicitly set, setting it to /usr/local/lib/python3.12/dist-packages/librelane/scripts/openroad/common/pdn_cfg.tcl…
Logging subprocess to [repr.filename]'runs/s2cl/12-openroad-generatepdn/openroad-generatepdn.log'[/repr.filename]…
[PDN-1051] No instances found for grid (macro).
Running 'Odb.RemovePDNObstructions' at 'runs/s2cl/13-odb-removepdnobstructions'…
'PDN_OBSTRUCTIONS' is not defined. Skipping 'Odb.RemovePDNObstructions'…
Running 'Odb.AddRoutingObstructions' at 'runs/s2cl/14-odb-addroutingobstructions'…
'ROUTING_OBSTRUCTIONS' is not defined. Skipping 'Odb.AddRoutingObstructions'…
Running 'OpenROAD.GlobalPlacementSkipIO' at 'runs/s2cl/15-openroad-globalplacementskipio'…
'PL_TARGET_DENSITY_PCT' not explicitly set, using dynamically calculated target density: 64.948600…
Logging subprocess to [repr.filename]'runs/s2cl/15-openroad-globalplacementskipio/openroad-globalplacementskipio.log'[/repr.filename]…
Running 'OpenROAD.IOPlacement' at 'runs/s2cl/16-openroad-ioplacement'…
Logging subprocess to [repr.filename]'runs/s2cl/16-openroad-ioplacement/openroad-ioplacement.log'[/repr.filename]…
Running 'Odb.CustomIOPlacement' at 'runs/s2cl/17-odb-customioplacement'…
No custom I/O placement file configured, skipping 'Odb.CustomIOPlacement'…
Running 'Odb.ApplyDEFTemplate' at 'runs/s2cl/18-odb-applydeftemplate'…
No DEF template provided, skipping 'Odb.ApplyDEFTemplate'…
Running 'OpenROAD.GlobalPlacement' at 'runs/s2cl/19-openroad-globalplacement'…
'PL_TARGET_DENSITY_PCT' not explicitly set, using dynamically calculated target density: 64.948600…
Logging subprocess to [repr.filename]'runs/s2cl/19-openroad-globalplacement/openroad-globalplacement.log'[/repr.filename]…
Running 'Odb.WriteVerilogHeader' at 'runs/s2cl/20-odb-writeverilogheader'…
Logging subprocess to [repr.filename]'runs/s2cl/20-odb-writeverilogheader/odb-writeverilogheader.log'[/repr.filename]…
Running 'Checker.PowerGridViolations' at 'runs/s2cl/21-checker-powergridviolations'…
Check for power grid violations (as reported by OpenROAD PSM- you may ignore these if LVS passes) clear.
Running 'OpenROAD.STAMidPNR' at 'runs/s2cl/22-openroad-stamidpnr'…
Logging subprocess to [repr.filename]'runs/s2cl/22-openroad-stamidpnr/openroad-stamidpnr.log'[/repr.filename]…
Running 'OpenROAD.RepairDesignPostGPL' at 'runs/s2cl/23-openroad-repairdesignpostgpl'…
Logging subprocess to [repr.filename]'runs/s2cl/23-openroad-repairdesignpostgpl/openroad-repairdesignpostgpl.log'[/repr.filename]…
[STA-1140] /pdk/gf180mcuD/libs.ref/gf180mcu_fd_sc_mcu7t5v0/lib/gf180mcu_fd_sc_mcu7t5v0__ff_n40C_5v50.lib line 17, library gf180mcu_fd_sc_mcu7t5v0__ff_n40C_5v50 already exists.
[STA-1140] /pdk/gf180mcuD/libs.ref/gf180mcu_fd_io/lib/gf180mcu_fd_io__ff_n40C_5v50.lib line 17, library gf180mcu_fd_io__ff_n40C_5v50 already exists.
[STA-1140] /pdk/gf180mcuD/libs.ref/gf180mcu_fd_sc_mcu7t5v0/lib/gf180mcu_fd_sc_mcu7t5v0__tt_025C_5v00.lib line 17, library gf180mcu_fd_sc_mcu7t5v0__tt_025C_5v00 already exists.
[STA-1140] /pdk/gf180mcuD/libs.ref/gf180mcu_fd_io/lib/gf180mcu_fd_io__tt_025C_5v00.lib line 17, library gf180mcu_fd_io__tt_025C_5v00 already exists.
[STA-1140] /pdk/gf180mcuD/libs.ref/gf180mcu_fd_sc_mcu7t5v0/lib/gf180mcu_fd_sc_mcu7t5v0__ff_n40C_5v50.lib line 17, library gf180mcu_fd_sc_mcu7t5v0__ff_n40C_5v50 already exists.
[STA-1140] /pdk/gf180mcuD/libs.ref/gf180mcu_fd_io/lib/gf180mcu_fd_io__ff_n40C_5v50.lib line 17, library gf180mcu_fd_io__ff_n40C_5v50 already exists.
[STA-1140] /pdk/gf180mcuD/libs.ref/gf180mcu_fd_sc_mcu7t5v0/lib/gf180mcu_fd_sc_mcu7t5v0__tt_025C_5v00.lib line 17, library gf180mcu_fd_sc_mcu7t5v0__tt_025C_5v00 already exists.
[STA-1140] /pdk/gf180mcuD/libs.ref/gf180mcu_fd_io/lib/gf180mcu_fd_io__tt_025C_5v00.lib line 17, library gf180mcu_fd_io__tt_025C_5v00 already exists.
[STA-1140] /pdk/gf180mcuD/libs.ref/gf180mcu_fd_sc_mcu7t5v0/lib/gf180mcu_fd_sc_mcu7t5v0__ss_125C_4v50.lib line 17, library gf180mcu_fd_sc_mcu7t5v0__ss_125C_4v50 already exists.
[STA-1140] /pdk/gf180mcuD/libs.ref/gf180mcu_fd_io/lib/gf180mcu_fd_io__ss_125C_4v50.lib line 17, library gf180mcu_fd_io__ss_125C_4v50 already exists.
[STA-1140] /pdk/gf180mcuD/libs.ref/gf180mcu_fd_sc_mcu7t5v0/lib/gf180mcu_fd_sc_mcu7t5v0__ss_125C_4v50.lib line 17, library gf180mcu_fd_sc_mcu7t5v0__ss_125C_4v50 already exists.
[STA-1140] /pdk/gf180mcuD/libs.ref/gf180mcu_fd_io/lib/gf180mcu_fd_io__ss_125C_4v50.lib line 17, library gf180mcu_fd_io__ss_125C_4v50 already exists.
Running 'Odb.ManualGlobalPlacement' at 'runs/s2cl/24-odb-manualglobalplacement'…
'MANUAL_GLOBAL_PLACEMENTS' not set. Skipping 'Odb.ManualGlobalPlacement'…
Running 'OpenROAD.DetailedPlacement' at 'runs/s2cl/25-openroad-detailedplacement'…
Logging subprocess to [repr.filename]'runs/s2cl/25-openroad-detailedplacement/openroad-detailedplacement.log'[/repr.filename]…
Running 'OpenROAD.CTS' at 'runs/s2cl/26-openroad-cts'…
Logging subprocess to [repr.filename]'runs/s2cl/26-openroad-cts/openroad-cts.log'[/repr.filename]…
[STA-1140] /pdk/gf180mcuD/libs.ref/gf180mcu_fd_sc_mcu7t5v0/lib/gf180mcu_fd_sc_mcu7t5v0__ff_n40C_5v50.lib line 17, library gf180mcu_fd_sc_mcu7t5v0__ff_n40C_5v50 already exists.
[STA-1140] /pdk/gf180mcuD/libs.ref/gf180mcu_fd_io/lib/gf180mcu_fd_io__ff_n40C_5v50.lib line 17, library gf180mcu_fd_io__ff_n40C_5v50 already exists.
[STA-1140] /pdk/gf180mcuD/libs.ref/gf180mcu_fd_sc_mcu7t5v0/lib/gf180mcu_fd_sc_mcu7t5v0__tt_025C_5v00.lib line 17, library gf180mcu_fd_sc_mcu7t5v0__tt_025C_5v00 already exists.
[STA-1140] /pdk/gf180mcuD/libs.ref/gf180mcu_fd_io/lib/gf180mcu_fd_io__tt_025C_5v00.lib line 17, library gf180mcu_fd_io__tt_025C_5v00 already exists.
[STA-1140] /pdk/gf180mcuD/libs.ref/gf180mcu_fd_sc_mcu7t5v0/lib/gf180mcu_fd_sc_mcu7t5v0__ff_n40C_5v50.lib line 17, library gf180mcu_fd_sc_mcu7t5v0__ff_n40C_5v50 already exists.
[STA-1140] /pdk/gf180mcuD/libs.ref/gf180mcu_fd_io/lib/gf180mcu_fd_io__ff_n40C_5v50.lib line 17, library gf180mcu_fd_io__ff_n40C_5v50 already exists.
[STA-1140] /pdk/gf180mcuD/libs.ref/gf180mcu_fd_sc_mcu7t5v0/lib/gf180mcu_fd_sc_mcu7t5v0__tt_025C_5v00.lib line 17, library gf180mcu_fd_sc_mcu7t5v0__tt_025C_5v00 already exists.
[STA-1140] /pdk/gf180mcuD/libs.ref/gf180mcu_fd_io/lib/gf180mcu_fd_io__tt_025C_5v00.lib line 17, library gf180mcu_fd_io__tt_025C_5v00 already exists.
[STA-1140] /pdk/gf180mcuD/libs.ref/gf180mcu_fd_sc_mcu7t5v0/lib/gf180mcu_fd_sc_mcu7t5v0__ss_125C_4v50.lib line 17, library gf180mcu_fd_sc_mcu7t5v0__ss_125C_4v50 already exists.
[STA-1140] /pdk/gf180mcuD/libs.ref/gf180mcu_fd_io/lib/gf180mcu_fd_io__ss_125C_4v50.lib line 17, library gf180mcu_fd_io__ss_125C_4v50 already exists.
[STA-1140] /pdk/gf180mcuD/libs.ref/gf180mcu_fd_sc_mcu7t5v0/lib/gf180mcu_fd_sc_mcu7t5v0__ss_125C_4v50.lib line 17, library gf180mcu_fd_sc_mcu7t5v0__ss_125C_4v50 already exists.
[STA-1140] /pdk/gf180mcuD/libs.ref/gf180mcu_fd_io/lib/gf180mcu_fd_io__ss_125C_4v50.lib line 17, library gf180mcu_fd_io__ss_125C_4v50 already exists.
Running 'OpenROAD.STAMidPNR-1' at 'runs/s2cl/27-openroad-stamidpnr-1'…
Logging subprocess to [repr.filename]'runs/s2cl/27-openroad-stamidpnr-1/openroad-stamidpnr-1.log'[/repr.filename]…
Running 'OpenROAD.ResizerTimingPostCTS' at 'runs/s2cl/28-openroad-resizertimingpostcts'…
Logging subprocess to [repr.filename]'runs/s2cl/28-openroad-resizertimingpostcts/openroad-resizertimingpostcts.log'[/repr.filename]…
[STA-1140] /pdk/gf180mcuD/libs.ref/gf180mcu_fd_sc_mcu7t5v0/lib/gf180mcu_fd_sc_mcu7t5v0__ff_n40C_5v50.lib line 17, library gf180mcu_fd_sc_mcu7t5v0__ff_n40C_5v50 already exists.
[STA-1140] /pdk/gf180mcuD/libs.ref/gf180mcu_fd_io/lib/gf180mcu_fd_io__ff_n40C_5v50.lib line 17, library gf180mcu_fd_io__ff_n40C_5v50 already exists.
[STA-1140] /pdk/gf180mcuD/libs.ref/gf180mcu_fd_sc_mcu7t5v0/lib/gf180mcu_fd_sc_mcu7t5v0__tt_025C_5v00.lib line 17, library gf180mcu_fd_sc_mcu7t5v0__tt_025C_5v00 already exists.
[STA-1140] /pdk/gf180mcuD/libs.ref/gf180mcu_fd_io/lib/gf180mcu_fd_io__tt_025C_5v00.lib line 17, library gf180mcu_fd_io__tt_025C_5v00 already exists.
[STA-1140] /pdk/gf180mcuD/libs.ref/gf180mcu_fd_sc_mcu7t5v0/lib/gf180mcu_fd_sc_mcu7t5v0__ff_n40C_5v50.lib line 17, library gf180mcu_fd_sc_mcu7t5v0__ff_n40C_5v50 already exists.
[STA-1140] /pdk/gf180mcuD/libs.ref/gf180mcu_fd_io/lib/gf180mcu_fd_io__ff_n40C_5v50.lib line 17, library gf180mcu_fd_io__ff_n40C_5v50 already exists.
[STA-1140] /pdk/gf180mcuD/libs.ref/gf180mcu_fd_sc_mcu7t5v0/lib/gf180mcu_fd_sc_mcu7t5v0__tt_025C_5v00.lib line 17, library gf180mcu_fd_sc_mcu7t5v0__tt_025C_5v00 already exists.
[STA-1140] /pdk/gf180mcuD/libs.ref/gf180mcu_fd_io/lib/gf180mcu_fd_io__tt_025C_5v00.lib line 17, library gf180mcu_fd_io__tt_025C_5v00 already exists.
[STA-1140] /pdk/gf180mcuD/libs.ref/gf180mcu_fd_sc_mcu7t5v0/lib/gf180mcu_fd_sc_mcu7t5v0__ss_125C_4v50.lib line 17, library gf180mcu_fd_sc_mcu7t5v0__ss_125C_4v50 already exists.
[STA-1140] /pdk/gf180mcuD/libs.ref/gf180mcu_fd_io/lib/gf180mcu_fd_io__ss_125C_4v50.lib line 17, library gf180mcu_fd_io__ss_125C_4v50 already exists.
[STA-1140] /pdk/gf180mcuD/libs.ref/gf180mcu_fd_sc_mcu7t5v0/lib/gf180mcu_fd_sc_mcu7t5v0__ss_125C_4v50.lib line 17, library gf180mcu_fd_sc_mcu7t5v0__ss_125C_4v50 already exists.
[STA-1140] /pdk/gf180mcuD/libs.ref/gf180mcu_fd_io/lib/gf180mcu_fd_io__ss_125C_4v50.lib line 17, library gf180mcu_fd_io__ss_125C_4v50 already exists.
Running 'OpenROAD.STAMidPNR-2' at 'runs/s2cl/29-openroad-stamidpnr-2'…
Logging subprocess to [repr.filename]'runs/s2cl/29-openroad-stamidpnr-2/openroad-stamidpnr-2.log'[/repr.filename]…
Running 'OpenROAD.GlobalRouting' at 'runs/s2cl/30-openroad-globalrouting'…
Logging subprocess to [repr.filename]'runs/s2cl/30-openroad-globalrouting/openroad-globalrouting.log'[/repr.filename]…
Running 'OpenROAD.CheckAntennas' at 'runs/s2cl/31-openroad-checkantennas'…
Logging subprocess to [repr.filename]'runs/s2cl/31-openroad-checkantennas/openroad-checkantennas.log'[/repr.filename]…
Gating variable for step 'OpenROAD.RepairDesignPostGRT' set to 'False'- the step will be skipped.
Skipping step 'Repair Design (Post-Global Routing)'…
Running 'Odb.DiodesOnPorts' at 'runs/s2cl/32-odb-diodesonports'…
'DIODE_ON_PORTS' is set to 'none': skipping 'Odb.DiodesOnPorts'…
Gating variable for step 'Odb.HeuristicDiodeInsertion' set to 'False'- the step will be skipped.
Skipping step 'Heuristic Diode Insertion'…
Running 'OpenROAD.RepairAntennas' at 'runs/s2cl/33-openroad-repairantennas'…
Running 'OpenROAD.DiodeInsertion' at 'runs/s2cl/33-openroad-repairantennas/1-openroad-diodeinsertion'…
Logging subprocess to [repr.filename]'runs/s2cl/33-openroad-repairantennas/1-openroad-diodeinsertion/openroad-diodeinsertion.log'[/repr.filename]…
Running 'OpenROAD.CheckAntennas' at 'runs/s2cl/33-openroad-repairantennas/2-openroad-checkantennas'…
Logging subprocess to [repr.filename]'runs/s2cl/33-openroad-repairantennas/2-openroad-checkantennas/openroad-checkantennas.log'[/repr.filename]…
Gating variable for step 'OpenROAD.ResizerTimingPostGRT' set to 'False'- the step will be skipped.
Skipping step 'Resizer Timing Optimizations (Post-Global Routing)'…
Running 'OpenROAD.STAMidPNR-3' at 'runs/s2cl/34-openroad-stamidpnr-3'…
Logging subprocess to [repr.filename]'runs/s2cl/34-openroad-stamidpnr-3/openroad-stamidpnr-3.log'[/repr.filename]…
Running 'OpenROAD.DetailedRouting' at 'runs/s2cl/35-openroad-detailedrouting'…
Running TritonRoute with 32 threads…
Logging subprocess to [repr.filename]'runs/s2cl/35-openroad-detailedrouting/openroad-detailedrouting.log'[/repr.filename]…
[DRT-0349] LEF58_ENCLOSURE with no CUTCLASS is not supported. Skipping for layer Via1
[DRT-0349] LEF58_ENCLOSURE with no CUTCLASS is not supported. Skipping for layer Via1
[DRT-0349] LEF58_ENCLOSURE with no CUTCLASS is not supported. Skipping for layer Via2
[DRT-0349] LEF58_ENCLOSURE with no CUTCLASS is not supported. Skipping for layer Via2
[DRT-0349] LEF58_ENCLOSURE with no CUTCLASS is not supported. Skipping for layer Via3
[DRT-0349] LEF58_ENCLOSURE with no CUTCLASS is not supported. Skipping for layer Via3
[DRT-0349] LEF58_ENCLOSURE with no CUTCLASS is not supported. Skipping for layer Via4
[DRT-0349] LEF58_ENCLOSURE with no CUTCLASS is not supported. Skipping for layer Via4
[DRT-0701] Post-route verification found 3 violation(s) that the routing loop did not report (0 in-loop). The published result is the verified one.
Running 'Odb.RemoveRoutingObstructions' at 'runs/s2cl/36-odb-removeroutingobstructions'…
'ROUTING_OBSTRUCTIONS' is not defined. Skipping 'Odb.RemoveRoutingObstructions'…
Running 'OpenROAD.CheckAntennas-1' at 'runs/s2cl/37-openroad-checkantennas-1'…
Logging subprocess to [repr.filename]'runs/s2cl/37-openroad-checkantennas-1/openroad-checkantennas-1.log'[/repr.filename]…
Running 'Checker.TrDRC' at 'runs/s2cl/38-checker-trdrc'…
Check for Routing DRC errors clear.
Running 'Odb.ReportDisconnectedPins' at 'runs/s2cl/39-odb-reportdisconnectedpins'…
Logging subprocess to [repr.filename]'runs/s2cl/39-odb-reportdisconnectedpins/odb-reportdisconnectedpins.log'[/repr.filename]…
Running 'Checker.DisconnectedPins' at 'runs/s2cl/40-checker-disconnectedpins'…
Check for critical disconnected pins clear.
Running 'Odb.ReportWireLength' at 'runs/s2cl/41-odb-reportwirelength'…
Logging subprocess to [repr.filename]'runs/s2cl/41-odb-reportwirelength/odb-reportwirelength.log'[/repr.filename]…
Running 'Checker.WireLength' at 'runs/s2cl/42-checker-wirelength'…
Threshold for Threshold-surpassing long wires is not set. The checker will be skipped.
Running 'OpenROAD.FillInsertion' at 'runs/s2cl/43-openroad-fillinsertion'…
Logging subprocess to [repr.filename]'runs/s2cl/43-openroad-fillinsertion/openroad-fillinsertion.log'[/repr.filename]…
Running 'Odb.CellFrequencyTables' at 'runs/s2cl/44-odb-cellfrequencytables'…
Logging subprocess to [repr.filename]'runs/s2cl/44-odb-cellfrequencytables/buffer_list.txt'[/repr.filename]…
Logging subprocess to [repr.filename]'runs/s2cl/44-odb-cellfrequencytables/odb-cellfrequencytables.log'[/repr.filename]…
Running 'OpenROAD.RCX' at 'runs/s2cl/45-openroad-rcx'…
Running RCX for corners matching nom_* (/tmp/lla/spike/runs/s2cl/45-openroad-rcx/nom/rcx.log)…
Running RCX for corners matching min_* (/tmp/lla/spike/runs/s2cl/45-openroad-rcx/min/rcx.log)…
Running RCX for corners matching max_* (/tmp/lla/spike/runs/s2cl/45-openroad-rcx/max/rcx.log)…
Logging subprocess to [repr.filename]'runs/s2cl/45-openroad-rcx/nom/rcx.log'[/repr.filename]…
Logging subprocess to [repr.filename]'runs/s2cl/45-openroad-rcx/min/rcx.log'[/repr.filename]…
Logging subprocess to [repr.filename]'runs/s2cl/45-openroad-rcx/max/rcx.log'[/repr.filename]…
[RCX-0514] The ext_model_file option is deprecated. Use set_extraction_rules_file command instead.
[RCX-0514] The ext_model_file option is deprecated. Use set_extraction_rules_file command instead.
[RCX-0514] The ext_model_file option is deprecated. Use set_extraction_rules_file command instead.
Finished RCX for corners matching nom_*.
Finished RCX for corners matching max_*.
Finished RCX for corners matching min_*.
Running 'OpenROAD.STAPostPNR' at 'runs/s2cl/46-openroad-stapostpnr'…
Starting STA for the nom_tt_025C_5v00 timing corner…
Starting STA for the nom_ss_125C_4v50 timing corner…
Starting STA for the nom_ff_n40C_5v50 timing corner…
Starting STA for the min_tt_025C_5v00 timing corner…
Starting STA for the min_ss_125C_4v50 timing corner…
Starting STA for the min_ff_n40C_5v50 timing corner…
Starting STA for the max_tt_025C_5v00 timing corner…
Starting STA for the max_ss_125C_4v50 timing corner…
Logging subprocess to [repr.filename]'runs/s2cl/46-openroad-stapostpnr/nom_tt_025C_5v00/sta.log'[/repr.filename]…
Starting STA for the max_ff_n40C_5v50 timing corner…
Logging subprocess to [repr.filename]'runs/s2cl/46-openroad-stapostpnr/nom_ff_n40C_5v50/sta.log'[/repr.filename]…
Logging subprocess to [repr.filename]'runs/s2cl/46-openroad-stapostpnr/nom_ss_125C_4v50/sta.log'[/repr.filename]…
Logging subprocess to [repr.filename]'runs/s2cl/46-openroad-stapostpnr/min_tt_025C_5v00/sta.log'[/repr.filename]…
Logging subprocess to [repr.filename]'runs/s2cl/46-openroad-stapostpnr/min_ss_125C_4v50/sta.log'[/repr.filename]…
Logging subprocess to [repr.filename]'runs/s2cl/46-openroad-stapostpnr/min_ff_n40C_5v50/sta.log'[/repr.filename]…
Logging subprocess to [repr.filename]'runs/s2cl/46-openroad-stapostpnr/max_ss_125C_4v50/sta.log'[/repr.filename]…
Logging subprocess to [repr.filename]'runs/s2cl/46-openroad-stapostpnr/max_ff_n40C_5v50/sta.log'[/repr.filename]…
Logging subprocess to [repr.filename]'runs/s2cl/46-openroad-stapostpnr/max_tt_025C_5v00/sta.log'[/repr.filename]…
Finished STA for the nom_ff_n40C_5v50 timing corner.
Finished STA for the min_ff_n40C_5v50 timing corner.
Logging subprocess to [repr.filename]'runs/s2cl/46-openroad-stapostpnr/nom_ff_n40C_5v50/filter_unannotated.log'[/repr.filename]…
Finished STA for the nom_tt_025C_5v00 timing corner.
Logging subprocess to [repr.filename]'runs/s2cl/46-openroad-stapostpnr/min_ff_n40C_5v50/filter_unannotated.log'[/repr.filename]…
Finished STA for the max_tt_025C_5v00 timing corner.
Logging subprocess to [repr.filename]'runs/s2cl/46-openroad-stapostpnr/nom_tt_025C_5v00/filter_unannotated.log'[/repr.filename]…
Logging subprocess to [repr.filename]'runs/s2cl/46-openroad-stapostpnr/max_tt_025C_5v00/filter_unannotated.log'[/repr.filename]…
Finished STA for the max_ss_125C_4v50 timing corner.
Logging subprocess to [repr.filename]'runs/s2cl/46-openroad-stapostpnr/max_ss_125C_4v50/filter_unannotated.log'[/repr.filename]…
Finished STA for the min_ss_125C_4v50 timing corner.
Logging subprocess to [repr.filename]'runs/s2cl/46-openroad-stapostpnr/min_ss_125C_4v50/filter_unannotated.log'[/repr.filename]…
Finished STA for the max_ff_n40C_5v50 timing corner.
Finished STA for the min_tt_025C_5v00 timing corner.
Logging subprocess to [repr.filename]'runs/s2cl/46-openroad-stapostpnr/max_ff_n40C_5v50/filter_unannotated.log'[/repr.filename]…
Logging subprocess to [repr.filename]'runs/s2cl/46-openroad-stapostpnr/min_tt_025C_5v00/filter_unannotated.log'[/repr.filename]…
Finished STA for the nom_ss_125C_4v50 timing corner.
Logging subprocess to [repr.filename]'runs/s2cl/46-openroad-stapostpnr/nom_ss_125C_4v50/filter_unannotated.log'[/repr.filename]…
Running 'OpenROAD.IRDropReport' at 'runs/s2cl/47-openroad-irdropreport'…
'VSRC_LOC_FILES' was not given a value, which may make the results of IR drop analysis inaccurate. If you are not integrating a top-level chip for manufacture, you may ignore this warning, otherwise, see the documentation for 'VSRC_LOC_FILES'.
Logging subprocess to [repr.filename]'runs/s2cl/47-openroad-irdropreport/openroad-irdropreport.log'[/repr.filename]…
+ analyze_power_grid -net VDD -voltage_file /tmp/lla/spike/runs/s2cl/47-openroad-irdropreport/net-VDD.csv
[INFO PSM-0040] All shapes on net VDD are connected.
########## IR report #################
Net              : VDD
Corner           : nom_tt_025C_5v00
Total power      : 3.76e-03 W
Supply voltage   : 5.00e+00 V
Worstcase voltage: 5.00e+00 V
Average voltage  : 5.00e+00 V
Average IR drop  : 3.12e-04 V
Worstcase IR drop: 1.69e-03 V
Percentage drop  : 0.03 %
######################################
+ analyze_power_grid -net VSS -voltage_file /tmp/lla/spike/runs/s2cl/47-openroad-irdropreport/net-VSS.csv
[INFO PSM-0040] All shapes on net VSS are connected.
########## IR report #################
Net              : VSS
Corner           : nom_tt_025C_5v00
Total power      : 3.76e-03 W
Supply voltage   : 0.00e+00 V
Worstcase voltage: 5.94e-04 V
Average voltage  : 2.25e-04 V
Average IR drop  : 2.25e-04 V
Worstcase IR drop: 5.94e-04 V
Percentage drop  : 0.01 %
######################################

Running 'Magic.StreamOut' at 'runs/s2cl/48-magic-streamout'…
Logging subprocess to [repr.filename]'runs/s2cl/48-magic-streamout/magic-streamout.log'[/repr.filename]…
Running 'KLayout.StreamOut' at 'runs/s2cl/49-klayout-streamout'…
Logging subprocess to [repr.filename]'runs/s2cl/49-klayout-streamout/klayout-streamout.log'[/repr.filename]…
Running 'KLayout.Render' at 'runs/s2cl/50-klayout-render'…
Logging subprocess to [repr.filename]'runs/s2cl/50-klayout-render/klayout-render.log'[/repr.filename]…
Running 'Magic.WriteLEF' at 'runs/s2cl/51-magic-writelef'…
Logging subprocess to [repr.filename]'runs/s2cl/51-magic-writelef/magic-writelef.log'[/repr.filename]…
Running 'Odb.CheckDesignAntennaProperties' at 'runs/s2cl/52-odb-checkdesignantennaproperties'…
Logging subprocess to [repr.filename]'runs/s2cl/52-odb-checkdesignantennaproperties/odb-checkdesignantennaproperties.log'[/repr.filename]…
[ODB-0186] macro gf180mcu_ef_io__bi_t references unknown site GF_IO_Site
[ODB-0186] macro gf180mcu_fd_io__cor references unknown site GF_COR_Site
[ODB-0186] macro gf180mcu_fd_io__fill1 references unknown site GF_IO_Site
[ODB-0186] macro gf180mcu_fd_io__fillnc references unknown site GF_IO_Site
[ODB-0186] macro gf180mcu_fd_io__bi_t references unknown site GF_IO_Site
[ODB-0186] macro gf180mcu_fd_io__brk5 references unknown site GF_IO_Site
[ODB-0186] macro gf180mcu_fd_io__fill10 references unknown site GF_IO_Site
[ODB-0186] macro gf180mcu_fd_io__brk2 references unknown site GF_IO_Site
[ODB-0186] macro gf180mcu_fd_io__fill5 references unknown site GF_IO_Site
[ODB-0186] macro gf180mcu_fd_io__asig_5p0 references unknown site GF_IO_Site
[ODB-0186] macro gf180mcu_fd_io__dvdd references unknown site GF_IO_Site
[ODB-0186] macro gf180mcu_fd_io__dvss references unknown site GF_IO_Site
[ODB-0186] macro gf180mcu_fd_io__in_c references unknown site GF_IO_Site
[ODB-0186] macro gf180mcu_fd_io__bi_24t references unknown site GF_IO_Site
[ODB-0186] macro gf180mcu_fd_io__in_s references unknown site GF_IO_Site
Running 'KLayout.XOR' at 'runs/s2cl/53-klayout-xor'…
Running XOR with 32 threads…
Logging subprocess to [repr.filename]'runs/s2cl/53-klayout-xor/klayout-xor.log'[/repr.filename]…
Running 'Checker.XOR' at 'runs/s2cl/54-checker-xor'…
Check for XOR differences clear.
Running 'Magic.DRC' at 'runs/s2cl/55-magic-drc'…
Logging subprocess to [repr.filename]'runs/s2cl/55-magic-drc/magic-drc.log'[/repr.filename]…
Running 'KLayout.DRC' at 'runs/s2cl/56-klayout-drc'…
Running KLayout DRC with 32 threads…
Logging subprocess to [repr.filename]'runs/s2cl/56-klayout-drc/klayout-drc.log'[/repr.filename]…
Logging subprocess to [repr.filename]'runs/s2cl/56-klayout-drc/xml_drc_report_to_json.log'[/repr.filename]…
Running 'Checker.MagicDRC' at 'runs/s2cl/57-checker-magicdrc'…
6 Magic DRC errors found. - deferred
Running 'Checker.KLayoutDRC' at 'runs/s2cl/58-checker-klayoutdrc'…
3 KLayout DRC errors found. - deferred
Running 'Magic.SpiceExtraction' at 'runs/s2cl/59-magic-spiceextraction'…
Logging subprocess to [repr.filename]'runs/s2cl/59-magic-spiceextraction/magic-spiceextraction.log'[/repr.filename]…
Running 'Checker.IllegalOverlap' at 'runs/s2cl/60-checker-illegaloverlap'…
Check for Magic Illegal Overlap errors clear.
Running 'Netgen.LVS' at 'runs/s2cl/61-netgen-lvs'…
Logging subprocess to [repr.filename]'runs/s2cl/61-netgen-lvs/netgen-lvs.log'[/repr.filename]…
Running 'Checker.LVS' at 'runs/s2cl/62-checker-lvs'…
Check for LVS errors clear.
Gating variable for step 'Yosys.EQY' set to 'False'- the step will be skipped.
Skipping step 'Equivalence Check'…
Running 'Checker.SetupViolations' at 'runs/s2cl/63-checker-setupviolations'…
No setup violations found
Running 'Checker.HoldViolations' at 'runs/s2cl/64-checker-holdviolations'…
No hold violations found
Running 'Checker.MaxSlewViolations' at 'runs/s2cl/65-checker-maxslewviolations'…
No max slew violations found
Running 'Checker.MaxCapViolations' at 'runs/s2cl/66-checker-maxcapviolations'…
No max cap violations found
Running 'Misc.ReportManufacturability' at 'runs/s2cl/67-misc-reportmanufacturability'…
Saving views to '/tmp/lla/spike/runs/s2cl/final'…
