Reading timing models for corner max_ff_n40C_5v50…
Reading timing library for the 'max_ff_n40C_5v50' corner at '/foss/pdks/ciel/gf180mcu/versions/b344c97eacc2aaf8e14ae7e43e2e9dc0871de2c0/gf180mcuD/libs.ref/gf180mcu_fd_sc_mcu7t5v0/lib/gf180mcu_fd_sc_mcu7t5v0__ff_n40C_5v50.lib'…
Reading timing library for the 'max_ff_n40C_5v50' corner at '/foss/pdks/ciel/gf180mcu/versions/b344c97eacc2aaf8e14ae7e43e2e9dc0871de2c0/gf180mcuD/libs.ref/gf180mcu_fd_io/lib/gf180mcu_fd_io__ff_n40C_5v50.lib'…
Reading timing models for corner max_tt_025C_5v00…
Reading timing library for the 'max_tt_025C_5v00' corner at '/foss/pdks/ciel/gf180mcu/versions/b344c97eacc2aaf8e14ae7e43e2e9dc0871de2c0/gf180mcuD/libs.ref/gf180mcu_fd_sc_mcu7t5v0/lib/gf180mcu_fd_sc_mcu7t5v0__tt_025C_5v00.lib'…
Reading timing library for the 'max_tt_025C_5v00' corner at '/foss/pdks/ciel/gf180mcu/versions/b344c97eacc2aaf8e14ae7e43e2e9dc0871de2c0/gf180mcuD/libs.ref/gf180mcu_fd_io/lib/gf180mcu_fd_io__tt_025C_5v00.lib'…
Reading timing models for corner nom_ff_n40C_5v50…
Reading timing library for the 'nom_ff_n40C_5v50' corner at '/foss/pdks/ciel/gf180mcu/versions/b344c97eacc2aaf8e14ae7e43e2e9dc0871de2c0/gf180mcuD/libs.ref/gf180mcu_fd_sc_mcu7t5v0/lib/gf180mcu_fd_sc_mcu7t5v0__ff_n40C_5v50.lib'…
[WARNING STA-1140] /foss/pdks/ciel/gf180mcu/versions/b344c97eacc2aaf8e14ae7e43e2e9dc0871de2c0/gf180mcuD/libs.ref/gf180mcu_fd_sc_mcu7t5v0/lib/gf180mcu_fd_sc_mcu7t5v0__ff_n40C_5v50.lib line 17, library gf180mcu_fd_sc_mcu7t5v0__ff_n40C_5v50 already exists.
Reading timing library for the 'nom_ff_n40C_5v50' corner at '/foss/pdks/ciel/gf180mcu/versions/b344c97eacc2aaf8e14ae7e43e2e9dc0871de2c0/gf180mcuD/libs.ref/gf180mcu_fd_io/lib/gf180mcu_fd_io__ff_n40C_5v50.lib'…
[WARNING STA-1140] /foss/pdks/ciel/gf180mcu/versions/b344c97eacc2aaf8e14ae7e43e2e9dc0871de2c0/gf180mcuD/libs.ref/gf180mcu_fd_io/lib/gf180mcu_fd_io__ff_n40C_5v50.lib line 17, library gf180mcu_fd_io__ff_n40C_5v50 already exists.
Reading timing models for corner nom_tt_025C_5v00…
Reading timing library for the 'nom_tt_025C_5v00' corner at '/foss/pdks/ciel/gf180mcu/versions/b344c97eacc2aaf8e14ae7e43e2e9dc0871de2c0/gf180mcuD/libs.ref/gf180mcu_fd_sc_mcu7t5v0/lib/gf180mcu_fd_sc_mcu7t5v0__tt_025C_5v00.lib'…
[WARNING STA-1140] /foss/pdks/ciel/gf180mcu/versions/b344c97eacc2aaf8e14ae7e43e2e9dc0871de2c0/gf180mcuD/libs.ref/gf180mcu_fd_sc_mcu7t5v0/lib/gf180mcu_fd_sc_mcu7t5v0__tt_025C_5v00.lib line 17, library gf180mcu_fd_sc_mcu7t5v0__tt_025C_5v00 already exists.
Reading timing library for the 'nom_tt_025C_5v00' corner at '/foss/pdks/ciel/gf180mcu/versions/b344c97eacc2aaf8e14ae7e43e2e9dc0871de2c0/gf180mcuD/libs.ref/gf180mcu_fd_io/lib/gf180mcu_fd_io__tt_025C_5v00.lib'…
[WARNING STA-1140] /foss/pdks/ciel/gf180mcu/versions/b344c97eacc2aaf8e14ae7e43e2e9dc0871de2c0/gf180mcuD/libs.ref/gf180mcu_fd_io/lib/gf180mcu_fd_io__tt_025C_5v00.lib line 17, library gf180mcu_fd_io__tt_025C_5v00 already exists.
Reading timing models for corner min_ss_125C_4v50…
Reading timing library for the 'min_ss_125C_4v50' corner at '/foss/pdks/ciel/gf180mcu/versions/b344c97eacc2aaf8e14ae7e43e2e9dc0871de2c0/gf180mcuD/libs.ref/gf180mcu_fd_sc_mcu7t5v0/lib/gf180mcu_fd_sc_mcu7t5v0__ss_125C_4v50.lib'…
Reading timing library for the 'min_ss_125C_4v50' corner at '/foss/pdks/ciel/gf180mcu/versions/b344c97eacc2aaf8e14ae7e43e2e9dc0871de2c0/gf180mcuD/libs.ref/gf180mcu_fd_io/lib/gf180mcu_fd_io__ss_125C_4v50.lib'…
Reading timing models for corner min_ff_n40C_5v50…
Reading timing library for the 'min_ff_n40C_5v50' corner at '/foss/pdks/ciel/gf180mcu/versions/b344c97eacc2aaf8e14ae7e43e2e9dc0871de2c0/gf180mcuD/libs.ref/gf180mcu_fd_sc_mcu7t5v0/lib/gf180mcu_fd_sc_mcu7t5v0__ff_n40C_5v50.lib'…
[WARNING STA-1140] /foss/pdks/ciel/gf180mcu/versions/b344c97eacc2aaf8e14ae7e43e2e9dc0871de2c0/gf180mcuD/libs.ref/gf180mcu_fd_sc_mcu7t5v0/lib/gf180mcu_fd_sc_mcu7t5v0__ff_n40C_5v50.lib line 17, library gf180mcu_fd_sc_mcu7t5v0__ff_n40C_5v50 already exists.
Reading timing library for the 'min_ff_n40C_5v50' corner at '/foss/pdks/ciel/gf180mcu/versions/b344c97eacc2aaf8e14ae7e43e2e9dc0871de2c0/gf180mcuD/libs.ref/gf180mcu_fd_io/lib/gf180mcu_fd_io__ff_n40C_5v50.lib'…
[WARNING STA-1140] /foss/pdks/ciel/gf180mcu/versions/b344c97eacc2aaf8e14ae7e43e2e9dc0871de2c0/gf180mcuD/libs.ref/gf180mcu_fd_io/lib/gf180mcu_fd_io__ff_n40C_5v50.lib line 17, library gf180mcu_fd_io__ff_n40C_5v50 already exists.
Reading timing models for corner min_tt_025C_5v00…
Reading timing library for the 'min_tt_025C_5v00' corner at '/foss/pdks/ciel/gf180mcu/versions/b344c97eacc2aaf8e14ae7e43e2e9dc0871de2c0/gf180mcuD/libs.ref/gf180mcu_fd_sc_mcu7t5v0/lib/gf180mcu_fd_sc_mcu7t5v0__tt_025C_5v00.lib'…
[WARNING STA-1140] /foss/pdks/ciel/gf180mcu/versions/b344c97eacc2aaf8e14ae7e43e2e9dc0871de2c0/gf180mcuD/libs.ref/gf180mcu_fd_sc_mcu7t5v0/lib/gf180mcu_fd_sc_mcu7t5v0__tt_025C_5v00.lib line 17, library gf180mcu_fd_sc_mcu7t5v0__tt_025C_5v00 already exists.
Reading timing library for the 'min_tt_025C_5v00' corner at '/foss/pdks/ciel/gf180mcu/versions/b344c97eacc2aaf8e14ae7e43e2e9dc0871de2c0/gf180mcuD/libs.ref/gf180mcu_fd_io/lib/gf180mcu_fd_io__tt_025C_5v00.lib'…
[WARNING STA-1140] /foss/pdks/ciel/gf180mcu/versions/b344c97eacc2aaf8e14ae7e43e2e9dc0871de2c0/gf180mcuD/libs.ref/gf180mcu_fd_io/lib/gf180mcu_fd_io__tt_025C_5v00.lib line 17, library gf180mcu_fd_io__tt_025C_5v00 already exists.
Reading timing models for corner max_ss_125C_4v50…
Reading timing library for the 'max_ss_125C_4v50' corner at '/foss/pdks/ciel/gf180mcu/versions/b344c97eacc2aaf8e14ae7e43e2e9dc0871de2c0/gf180mcuD/libs.ref/gf180mcu_fd_sc_mcu7t5v0/lib/gf180mcu_fd_sc_mcu7t5v0__ss_125C_4v50.lib'…
[WARNING STA-1140] /foss/pdks/ciel/gf180mcu/versions/b344c97eacc2aaf8e14ae7e43e2e9dc0871de2c0/gf180mcuD/libs.ref/gf180mcu_fd_sc_mcu7t5v0/lib/gf180mcu_fd_sc_mcu7t5v0__ss_125C_4v50.lib line 17, library gf180mcu_fd_sc_mcu7t5v0__ss_125C_4v50 already exists.
Reading timing library for the 'max_ss_125C_4v50' corner at '/foss/pdks/ciel/gf180mcu/versions/b344c97eacc2aaf8e14ae7e43e2e9dc0871de2c0/gf180mcuD/libs.ref/gf180mcu_fd_io/lib/gf180mcu_fd_io__ss_125C_4v50.lib'…
[WARNING STA-1140] /foss/pdks/ciel/gf180mcu/versions/b344c97eacc2aaf8e14ae7e43e2e9dc0871de2c0/gf180mcuD/libs.ref/gf180mcu_fd_io/lib/gf180mcu_fd_io__ss_125C_4v50.lib line 17, library gf180mcu_fd_io__ss_125C_4v50 already exists.
Reading timing models for corner nom_ss_125C_4v50…
Reading timing library for the 'nom_ss_125C_4v50' corner at '/foss/pdks/ciel/gf180mcu/versions/b344c97eacc2aaf8e14ae7e43e2e9dc0871de2c0/gf180mcuD/libs.ref/gf180mcu_fd_sc_mcu7t5v0/lib/gf180mcu_fd_sc_mcu7t5v0__ss_125C_4v50.lib'…
[WARNING STA-1140] /foss/pdks/ciel/gf180mcu/versions/b344c97eacc2aaf8e14ae7e43e2e9dc0871de2c0/gf180mcuD/libs.ref/gf180mcu_fd_sc_mcu7t5v0/lib/gf180mcu_fd_sc_mcu7t5v0__ss_125C_4v50.lib line 17, library gf180mcu_fd_sc_mcu7t5v0__ss_125C_4v50 already exists.
Reading timing library for the 'nom_ss_125C_4v50' corner at '/foss/pdks/ciel/gf180mcu/versions/b344c97eacc2aaf8e14ae7e43e2e9dc0871de2c0/gf180mcuD/libs.ref/gf180mcu_fd_io/lib/gf180mcu_fd_io__ss_125C_4v50.lib'…
[WARNING STA-1140] /foss/pdks/ciel/gf180mcu/versions/b344c97eacc2aaf8e14ae7e43e2e9dc0871de2c0/gf180mcuD/libs.ref/gf180mcu_fd_io/lib/gf180mcu_fd_io__ss_125C_4v50.lib line 17, library gf180mcu_fd_io__ss_125C_4v50 already exists.
Reading OpenROAD database at '/tmp/calcts_migf30/pos/runs/cal/29-openroad-detailedplacement/cal_two_clock.odb'…
Reading design constraints file at '/tmp/calcts_migf30/pos/pnr.sdc'…
[INFO] No information on clock propagation in input SDC file-- propagating all clocks.
[INFO] Configuring cts characterization…
+ configure_cts_characterization 
[INFO] Performing clock tree synthesis…
[INFO] Looking for the following net(s): clk
[INFO] Running Clock Tree Synthesis…
+ clock_tree_synthesis -buf_list gf180mcu_fd_sc_mcu7t5v0__clkbuf_2 gf180mcu_fd_sc_mcu7t5v0__clkbuf_4 gf180mcu_fd_sc_mcu7t5v0__clkbuf_8 -root_buf gf180mcu_fd_sc_mcu7t5v0__clkbuf_16 -sink_clustering_enable -apply_ndr half
[INFO CTS-0050] Root buffer is gf180mcu_fd_sc_mcu7t5v0__clkbuf_16.
[INFO CTS-0051] Sink buffer is gf180mcu_fd_sc_mcu7t5v0__clkbuf_8.
[INFO CTS-0052] The following clock buffers will be used for CTS:
                    gf180mcu_fd_sc_mcu7t5v0__clkbuf_2
                    gf180mcu_fd_sc_mcu7t5v0__clkbuf_4
                    gf180mcu_fd_sc_mcu7t5v0__clkbuf_8
[INFO CTS-0049] Characterization buffer is gf180mcu_fd_sc_mcu7t5v0__clkbuf_8.
[INFO CTS-0007] Net "clk" found for clock "clk".
[WARNING CTS-0041] Net "clk" has 1 sinks. Skipping...
[WARNING CTS-0083] No clock nets have been found.
[INFO CTS-0008] TritonCTS found 0 clock nets.
[WARNING CTS-0082] No valid clock nets in the design.
[INFO CTS-0500] Runtime: 2.80s
[INFO] Repairing long wires on clock nets…
[INFO RSZ-0058] Using max wire length 265160um.
Setting global connections for newly added cells…
[INFO] Setting global connections...
[INFO ODB-0403] 0 connections made, 0 conflicts skipped.
Updating metrics…
Cell type report:                       Count       Area
  Endcap cell                              34     149.27
  Tap cell                                 38     166.84
  Timing Repair Buffer                      4     140.49
  Sequential cell                           2     127.32
  Total                                    78     583.92
Writing OpenROAD database to '/tmp/calcts_migf30/pos/runs/cal/30-openroad-cts/cal_two_clock.odb'…
Writing netlist to '/tmp/calcts_migf30/pos/runs/cal/30-openroad-cts/cal_two_clock.nl.v'…
Writing powered netlist to '/tmp/calcts_migf30/pos/runs/cal/30-openroad-cts/cal_two_clock.pnl.v'…
Writing layout to '/tmp/calcts_migf30/pos/runs/cal/30-openroad-cts/cal_two_clock.def'…
Writing timing constraints to '/tmp/calcts_migf30/pos/runs/cal/30-openroad-cts/cal_two_clock.sdc'…
[INFO] Legalizing…
+ detailed_placement -max_displacement  500 100 
[INFO DPL-0006] Core area: 5747.03 um^2
[INFO DPL-0007] Movable instances area: 267.81 um^2
[INFO DPL-0008] Fixed instances area within core: 316.11 um^2
[INFO DPL-0009] Utilization: 10.2%
[INFO DPL-0005] Diamond search max displacement: +/- 892 sites horizontally, +/- 25 rows vertically.
[INFO DPL-1102] Legalizing using negotiation legalizer.
[INFO DPL-1103] Negotiation base search window: +/-20 sites horizontally, +/-5 rows vertically 
	Automatic search window extension enabled.
	Search window extendable up to the max displacement cap of +/-892 sites, +/-25 rows near walls.
[INFO DPL-1104] NegotiationLegalizer DRC penalty: 5.
[INFO DPL-0392] Negotiation cell height distribution (1 unique row-count(s)):
[INFO DPL-0393]   height 1 row(s): 78 cells
[INFO DPL-0500] Runtime: 0.00s
Detailed Placement Analysis
---------------------------------
legalizer            negotiation
total moves                   0
total displacement          0.0 u
average displacement        0.0 u
max displacement            0.0 u
original HPWL             209.6 u
legalized HPWL            209.6 u
delta HPWL                    0 %

Setting global connections for newly added cells…
[INFO] Setting global connections...
[INFO ODB-0403] 0 connections made, 0 conflicts skipped.
Updating metrics…
Cell type report:                       Count       Area
  Endcap cell                              34     149.27
  Tap cell                                 38     166.84
  Timing Repair Buffer                      4     140.49
  Sequential cell                           2     127.32
  Total                                    78     583.92
Writing OpenROAD database to '/tmp/calcts_migf30/pos/runs/cal/30-openroad-cts/cal_two_clock.odb'…
Writing netlist to '/tmp/calcts_migf30/pos/runs/cal/30-openroad-cts/cal_two_clock.nl.v'…
Writing powered netlist to '/tmp/calcts_migf30/pos/runs/cal/30-openroad-cts/cal_two_clock.pnl.v'…
Writing layout to '/tmp/calcts_migf30/pos/runs/cal/30-openroad-cts/cal_two_clock.def'…
Writing timing constraints to '/tmp/calcts_migf30/pos/runs/cal/30-openroad-cts/cal_two_clock.sdc'…
%OL_CREATE_REPORT cts.rpt
Total number of Clock Roots: 0.
Total number of Buffers Inserted: 0.
Total number of Clock Subnets: 0.
Total number of Sinks: 0.
Cells used:
%OL_END_REPORT
