2026-09-28 15:56:38 +0200: Memory Usage (675264K) : Starting running GF180MCU Klayout DRC runset on /mnt/ssd2/mainred/u5_eda/phase3/stage4/gds/ant_clean.gds
2026-09-28 15:56:38 +0200: Memory Usage (675264K) : Ruby Version for klayout: 3.2.3
2026-09-28 15:56:38 +0200: Memory Usage (676148K) : Input file: /mnt/ssd2/mainred/u5_eda/phase3/stage4/gds/ant_clean.gds
2026-09-28 15:56:38 +0200: Memory Usage (676148K) : DRC Run Report: /mnt/ssd2/mainred/u5_eda/ant_clean.lyrdb
2026-09-28 15:56:38 +0200: Memory Usage (676148K) : MIM Option selected: B
2026-09-28 15:56:38 +0200: Memory Usage (676148K) : Verbose enabled: false
2026-09-28 15:56:39 +0200: Memory Usage (676148K) : Number of parallel workers: 1
2026-09-28 15:56:39 +0200: Memory Usage (676148K) : Number of threads for DRC functions: 32
2026-09-28 15:56:39 +0200: Memory Usage (676148K) : Run mode: deep
2026-09-28 15:56:39 +0200: Memory Usage (676148K) : metal_top selected: 11K
2026-09-28 15:56:39 +0200: Memory Usage (676148K) : metal_level selected: 5LM
2026-09-28 15:56:39 +0200: Memory Usage (676148K) : Selected decks: antenna_contact, antenna_metal1, antenna_metal2, antenna_metal3, antenna_metal4, antenna_metal5, antenna_metaltop, antenna_poly2, antenna_via1, antenna_via2, antenna_via3, antenna_via4, antenna_via5
2026-09-28 15:56:39 +0200: Memory Usage (676280K) : Total area of the design is 5.0 um^2.
2026-09-28 15:56:39 +0200: Memory Usage (676280K) : Read in polygons from layers
2026-09-28 15:56:39 +0200: Memory Usage (676280K) : comp has 1 polygons
2026-09-28 15:56:39 +0200: Memory Usage (676280K) : dnwell has 0 polygons
2026-09-28 15:56:39 +0200: Memory Usage (676280K) : nwell has 0 polygons
2026-09-28 15:56:39 +0200: Memory Usage (676280K) : lvpwell has 0 polygons
2026-09-28 15:56:39 +0200: Memory Usage (676424K) : dualgate has 0 polygons
2026-09-28 15:56:39 +0200: Memory Usage (676424K) : poly2 has 1 polygons
2026-09-28 15:56:39 +0200: Memory Usage (676424K) : nplus has 0 polygons
2026-09-28 15:56:39 +0200: Memory Usage (676424K) : pplus has 0 polygons
2026-09-28 15:56:39 +0200: Memory Usage (676556K) : sab has 0 polygons
2026-09-28 15:56:39 +0200: Memory Usage (676556K) : esd has 0 polygons
2026-09-28 15:56:39 +0200: Memory Usage (676556K) : resistor has 0 polygons
2026-09-28 15:56:39 +0200: Memory Usage (676692K) : fhres has 0 polygons
2026-09-28 15:56:39 +0200: Memory Usage (676692K) : fusetop has 0 polygons
2026-09-28 15:56:39 +0200: Memory Usage (676692K) : fusewindow_d has 0 polygons
2026-09-28 15:56:39 +0200: Memory Usage (676692K) : polyfuse has 0 polygons
2026-09-28 15:56:39 +0200: Memory Usage (676824K) : mvsd has 0 polygons
2026-09-28 15:56:39 +0200: Memory Usage (676824K) : mvpsd has 0 polygons
2026-09-28 15:56:39 +0200: Memory Usage (676824K) : nat has 0 polygons
2026-09-28 15:56:39 +0200: Memory Usage (676956K) : comp_dummy has 0 polygons
2026-09-28 15:56:39 +0200: Memory Usage (676956K) : poly2_dummy has 0 polygons
2026-09-28 15:56:39 +0200: Memory Usage (676956K) : schottky_diode has 0 polygons
2026-09-28 15:56:39 +0200: Memory Usage (676956K) : zener has 0 polygons
2026-09-28 15:56:39 +0200: Memory Usage (677092K) : res_mk has 0 polygons
2026-09-28 15:56:39 +0200: Memory Usage (677092K) : opc_drc has 0 polygons
2026-09-28 15:56:39 +0200: Memory Usage (677092K) : v5_xtor has 0 polygons
2026-09-28 15:56:39 +0200: Memory Usage (677224K) : cap_mk has 0 polygons
2026-09-28 15:56:39 +0200: Memory Usage (677224K) : mos_cap_mk has 0 polygons
2026-09-28 15:56:39 +0200: Memory Usage (677224K) : ind_mk has 0 polygons
2026-09-28 15:56:39 +0200: Memory Usage (677224K) : diode_mk has 0 polygons
2026-09-28 15:56:39 +0200: Memory Usage (677360K) : drc_bjt has 0 polygons
2026-09-28 15:56:39 +0200: Memory Usage (677360K) : lvs_bjt has 0 polygons
2026-09-28 15:56:39 +0200: Memory Usage (677360K) : mim_l_mk has 0 polygons
2026-09-28 15:56:39 +0200: Memory Usage (677492K) : latchup_mk has 0 polygons
2026-09-28 15:56:39 +0200: Memory Usage (677492K) : guard_ring_mk has 0 polygons
2026-09-28 15:56:39 +0200: Memory Usage (677492K) : otp_mk has 0 polygons
2026-09-28 15:56:39 +0200: Memory Usage (677492K) : mtpmark has 0 polygons
2026-09-28 15:56:39 +0200: Memory Usage (677624K) : neo_ee_mk has 0 polygons
2026-09-28 15:56:39 +0200: Memory Usage (677624K) : sramcore has 0 polygons
2026-09-28 15:56:39 +0200: Memory Usage (677624K) : lvs_rf has 0 polygons
2026-09-28 15:56:39 +0200: Memory Usage (677760K) : lvs_drain has 0 polygons
2026-09-28 15:56:39 +0200: Memory Usage (677760K) : hvpolyrs has 0 polygons
2026-09-28 15:56:39 +0200: Memory Usage (677760K) : lvs_io has 0 polygons
2026-09-28 15:56:39 +0200: Memory Usage (677760K) : probe_mk has 0 polygons
2026-09-28 15:56:39 +0200: Memory Usage (677892K) : esd_mk has 0 polygons
2026-09-28 15:56:39 +0200: Memory Usage (677892K) : lvs_source has 0 polygons
2026-09-28 15:56:39 +0200: Memory Usage (677892K) : well_diode_mk has 0 polygons
2026-09-28 15:56:39 +0200: Memory Usage (678028K) : ldmos_xtor has 0 polygons
2026-09-28 15:56:39 +0200: Memory Usage (678028K) : plfuse has 0 polygons
2026-09-28 15:56:39 +0200: Memory Usage (678028K) : efuse_mk has 0 polygons
2026-09-28 15:56:39 +0200: Memory Usage (678028K) : mcell_feol_mk has 0 polygons
2026-09-28 15:56:39 +0200: Memory Usage (678160K) : ymtp_mk has 0 polygons
2026-09-28 15:56:39 +0200: Memory Usage (678160K) : dev_wf_mk has 0 polygons
2026-09-28 15:56:39 +0200: Memory Usage (678160K) : comp_label has 0 polygons
2026-09-28 15:56:39 +0200: Memory Usage (678292K) : poly2_label has 0 polygons
2026-09-28 15:56:39 +0200: Memory Usage (678292K) : mdiode has 0 polygons
2026-09-28 15:56:39 +0200: Memory Usage (678292K) : ndmy has 0 polygons
2026-09-28 15:56:39 +0200: Memory Usage (678292K) : pmndmy has 0 polygons
2026-09-28 15:56:39 +0200: Memory Usage (678428K) : pad has 0 polygons
2026-09-28 15:56:39 +0200: Memory Usage (678428K) : ubmpperi has 0 polygons
2026-09-28 15:56:39 +0200: Memory Usage (678428K) : ubmparray has 0 polygons
2026-09-28 15:56:39 +0200: Memory Usage (678560K) : ubmeplate has 0 polygons
2026-09-28 15:56:39 +0200: Memory Usage (678560K) : pr_bndry has 0 polygons
2026-09-28 15:56:39 +0200: Memory Usage (678560K) : border has 0 polygons
2026-09-28 15:56:39 +0200: Memory Usage (678624K) : contact has 0 polygons
2026-09-28 15:56:39 +0200: Memory Usage (678756K) : metal1_drawn has 0 polygons
2026-09-28 15:56:39 +0200: Memory Usage (678756K) : metal1_slot has 0 polygons
2026-09-28 15:56:39 +0200: Memory Usage (678756K) : metal1_dummy has 0 polygons
2026-09-28 15:56:39 +0200: Memory Usage (678892K) : metal1_label has 0 polygons
2026-09-28 15:56:39 +0200: Memory Usage (678892K) : metal1_blk has 0 polygons
2026-09-28 15:56:39 +0200: Memory Usage (678892K) : metal1_res has 0 polygons
2026-09-28 15:56:39 +0200: Memory Usage (678892K) : via1 has 0 polygons
2026-09-28 15:56:39 +0200: Memory Usage (679024K) : metal2_drawn has 0 polygons
2026-09-28 15:56:39 +0200: Memory Usage (679024K) : metal2_slot has 0 polygons
2026-09-28 15:56:39 +0200: Memory Usage (679024K) : metal2_dummy has 0 polygons
2026-09-28 15:56:39 +0200: Memory Usage (679160K) : metal2_blk has 0 polygons
2026-09-28 15:56:39 +0200: Memory Usage (679160K) : metal2_label has 0 polygons
2026-09-28 15:56:39 +0200: Memory Usage (679160K) : metal2_res has 0 polygons
2026-09-28 15:56:39 +0200: Memory Usage (679160K) : via2 has 0 polygons
2026-09-28 15:56:39 +0200: Memory Usage (679160K) : metal3_drawn has 0 polygons
2026-09-28 15:56:39 +0200: Memory Usage (679160K) : metal3_slot has 0 polygons
2026-09-28 15:56:39 +0200: Memory Usage (679160K) : metal3_dummy has 0 polygons
2026-09-28 15:56:39 +0200: Memory Usage (679160K) : metal3_blk has 0 polygons
2026-09-28 15:56:39 +0200: Memory Usage (679160K) : metal3_label has 0 polygons
2026-09-28 15:56:39 +0200: Memory Usage (679160K) : metal3_res has 0 polygons
2026-09-28 15:56:39 +0200: Memory Usage (679160K) : via3 has 0 polygons
2026-09-28 15:56:39 +0200: Memory Usage (679160K) : metal4_drawn has 0 polygons
2026-09-28 15:56:39 +0200: Memory Usage (679160K) : metal4_slot has 0 polygons
2026-09-28 15:56:39 +0200: Memory Usage (679160K) : metal4_dummy has 0 polygons
2026-09-28 15:56:39 +0200: Memory Usage (679160K) : metal4_blk has 0 polygons
2026-09-28 15:56:39 +0200: Memory Usage (679160K) : metal4_label has 0 polygons
2026-09-28 15:56:39 +0200: Memory Usage (679160K) : metal4_res has 0 polygons
2026-09-28 15:56:39 +0200: Memory Usage (679160K) : via4 has 0 polygons
2026-09-28 15:56:39 +0200: Memory Usage (679160K) : metal5_drawn has 0 polygons
2026-09-28 15:56:39 +0200: Memory Usage (679160K) : metal5_slot has 0 polygons
2026-09-28 15:56:39 +0200: Memory Usage (679160K) : metal5_dummy has 0 polygons
2026-09-28 15:56:39 +0200: Memory Usage (679160K) : metal5_blk has 0 polygons
2026-09-28 15:56:39 +0200: Memory Usage (679160K) : metal5_label has 0 polygons
2026-09-28 15:56:39 +0200: Memory Usage (679160K) : metal5_res has 0 polygons
2026-09-28 15:56:39 +0200: Memory Usage (4906380K) : No rules requiring connectivity, skipping connectivity generation.
2026-09-28 15:56:39 +0200: Memory Usage (4906380K) : # Setup took 0.663473461 seconds
2026-09-28 15:56:39 +0200: Memory Usage (4906380K) : Starting GF180MCU DRC rules.
2026-09-28 15:56:39 +0200: Memory Usage (4906380K) : Starting DRC: executing 13 deck(s).
2026-09-28 15:56:39 +0200: Memory Usage (4906380K) : Executing deck antenna_contact from /pdk/gf180mcuD/libs.tech/klayout/tech/drc/rule_decks/antenna.rb
2026-09-28 15:56:39 +0200: Memory Usage (4906380K) : Executing rule ANT.8
2026-09-28 15:56:39 +0200: Memory Usage (4906512K) : Executing deck antenna_metal1 from /pdk/gf180mcuD/libs.tech/klayout/tech/drc/rule_decks/antenna.rb
2026-09-28 15:56:39 +0200: Memory Usage (4906512K) : Executing rule ANT.16_i_ANT.2
2026-09-28 15:56:39 +0200: Memory Usage (4906648K) : Executing rule ANT.16_ii_ANT.2
2026-09-28 15:56:39 +0200: Memory Usage (4906648K) : Executing deck antenna_metal2 from /pdk/gf180mcuD/libs.tech/klayout/tech/drc/rule_decks/antenna.rb
2026-09-28 15:56:39 +0200: Memory Usage (4906648K) : Executing rule ANT.16_i_ANT.3
2026-09-28 15:56:39 +0200: Memory Usage (4906780K) : Executing rule ANT.16_ii_ANT.3
2026-09-28 15:56:39 +0200: Memory Usage (4906916K) : Executing deck antenna_metal3 from /pdk/gf180mcuD/libs.tech/klayout/tech/drc/rule_decks/antenna.rb
2026-09-28 15:56:39 +0200: Memory Usage (4906916K) : Executing rule ANT.16_i_ANT.4
2026-09-28 15:56:39 +0200: Memory Usage (4907048K) : Executing rule ANT.16_ii_ANT.4
2026-09-28 15:56:39 +0200: Memory Usage (4907048K) : Executing deck antenna_metal4 from /pdk/gf180mcuD/libs.tech/klayout/tech/drc/rule_decks/antenna.rb
2026-09-28 15:56:39 +0200: Memory Usage (4907048K) : Executing rule ANT.16_i_ANT.5
2026-09-28 15:56:39 +0200: Memory Usage (4907180K) : Executing rule ANT.16_ii_ANT.5
2026-09-28 15:56:39 +0200: Memory Usage (4907316K) : Executing rule ANT.16_iii_ANT.15_M4_MIMB
2026-09-28 15:56:39 +0200: Memory Usage (4907316K) : Executing deck antenna_metal5 from /pdk/gf180mcuD/libs.tech/klayout/tech/drc/rule_decks/antenna.rb
2026-09-28 15:56:39 +0200: Memory Usage (4907316K) : Executing rule ANT.16_i_ANT.6
2026-09-28 15:56:39 +0200: Memory Usage (4907448K) : Executing rule ANT.16_ii_ANT.6
2026-09-28 15:56:39 +0200: Memory Usage (4907580K) : Executing rule ANT.16_iii_ANT.15_M5_MIMB
2026-09-28 15:56:39 +0200: Memory Usage (4907580K) : Executing deck antenna_metaltop from /pdk/gf180mcuD/libs.tech/klayout/tech/drc/rule_decks/antenna.rb
2026-09-28 15:56:39 +0200: Memory Usage (4907580K) : Executing deck antenna_poly2 from /pdk/gf180mcuD/libs.tech/klayout/tech/drc/rule_decks/antenna.rb
2026-09-28 15:56:39 +0200: Memory Usage (4907580K) : Executing rule ANT.1
2026-09-28 15:56:39 +0200: Memory Usage (4907716K) : Executing deck antenna_via1 from /pdk/gf180mcuD/libs.tech/klayout/tech/drc/rule_decks/antenna.rb
2026-09-28 15:56:39 +0200: Memory Usage (4907716K) : Executing rule ANT.16_i_ANT.9
2026-09-28 15:56:39 +0200: Memory Usage (4907848K) : Executing rule ANT.16_ii_ANT.9
2026-09-28 15:56:39 +0200: Memory Usage (4907984K) : Executing deck antenna_via2 from /pdk/gf180mcuD/libs.tech/klayout/tech/drc/rule_decks/antenna.rb
2026-09-28 15:56:39 +0200: Memory Usage (4907984K) : Executing rule ANT.16_i_ANT.10
2026-09-28 15:56:39 +0200: Memory Usage (4907984K) : Executing rule ANT.16_ii_ANT.10
2026-09-28 15:56:39 +0200: Memory Usage (4908116K) : Executing deck antenna_via3 from /pdk/gf180mcuD/libs.tech/klayout/tech/drc/rule_decks/antenna.rb
2026-09-28 15:56:39 +0200: Memory Usage (4908116K) : Executing rule ANT.16_i_ANT.11
2026-09-28 15:56:39 +0200: Memory Usage (4908248K) : Executing rule ANT.16_ii_ANT.11
2026-09-28 15:56:39 +0200: Memory Usage (4908248K) : Executing rule ANT.16_iii_ANT.15_V3_MIMB
2026-09-28 15:56:39 +0200: Memory Usage (4908384K) : Executing deck antenna_via4 from /pdk/gf180mcuD/libs.tech/klayout/tech/drc/rule_decks/antenna.rb
2026-09-28 15:56:39 +0200: Memory Usage (4908384K) : Executing rule ANT.16_i_ANT.12
2026-09-28 15:56:39 +0200: Memory Usage (4908516K) : Executing rule ANT.16_ii_ANT.12
2026-09-28 15:56:39 +0200: Memory Usage (4908516K) : Executing rule ANT.16_iii_ANT.15_V4_MIMB
2026-09-28 15:56:39 +0200: Memory Usage (4908652K) : Executing deck antenna_via5 from /pdk/gf180mcuD/libs.tech/klayout/tech/drc/rule_decks/antenna.rb
2026-09-28 15:56:39 +0200: Memory Usage (4908652K) :
2026-09-28 15:56:39 +0200: Memory Usage (4908652K) : DRC RESULT: SUCCESS (0 violations)
2026-09-28 15:56:39 +0200: Memory Usage (4908652K) : # DRC Total Run time 0.889738179 seconds
