2026-09-28 15:56:35 +0200: Memory Usage (675248K) : Starting running GF180MCU Klayout DRC runset on /mnt/ssd2/mainred/u5_eda/phase3/stage4/gds/ant_cal.gds
2026-09-28 15:56:35 +0200: Memory Usage (675248K) : Ruby Version for klayout: 3.2.3
2026-09-28 15:56:35 +0200: Memory Usage (676132K) : Input file: /mnt/ssd2/mainred/u5_eda/phase3/stage4/gds/ant_cal.gds
2026-09-28 15:56:35 +0200: Memory Usage (676132K) : DRC Run Report: /mnt/ssd2/mainred/u5_eda/ant_cal.lyrdb
2026-09-28 15:56:35 +0200: Memory Usage (676132K) : MIM Option selected: B
2026-09-28 15:56:35 +0200: Memory Usage (676132K) : Verbose enabled: false
2026-09-28 15:56:35 +0200: Memory Usage (676132K) : Number of parallel workers: 1
2026-09-28 15:56:35 +0200: Memory Usage (676132K) : Number of threads for DRC functions: 32
2026-09-28 15:56:35 +0200: Memory Usage (676132K) : Run mode: deep
2026-09-28 15:56:35 +0200: Memory Usage (676132K) : metal_top selected: 11K
2026-09-28 15:56:35 +0200: Memory Usage (676132K) : metal_level selected: 5LM
2026-09-28 15:56:35 +0200: Memory Usage (676132K) : Selected decks: antenna_contact, antenna_metal1, antenna_metal2, antenna_metal3, antenna_metal4, antenna_metal5, antenna_metaltop, antenna_poly2, antenna_via1, antenna_via2, antenna_via3, antenna_via4, antenna_via5
2026-09-28 15:56:35 +0200: Memory Usage (676264K) : Total area of the design is 1000.0 um^2.
2026-09-28 15:56:35 +0200: Memory Usage (676264K) : Read in polygons from layers
2026-09-28 15:56:35 +0200: Memory Usage (676264K) : comp has 1 polygons
2026-09-28 15:56:35 +0200: Memory Usage (676264K) : dnwell has 0 polygons
2026-09-28 15:56:35 +0200: Memory Usage (676264K) : nwell has 0 polygons
2026-09-28 15:56:35 +0200: Memory Usage (676264K) : lvpwell has 0 polygons
2026-09-28 15:56:35 +0200: Memory Usage (676264K) : dualgate has 0 polygons
2026-09-28 15:56:35 +0200: Memory Usage (676408K) : poly2 has 1 polygons
2026-09-28 15:56:35 +0200: Memory Usage (676408K) : nplus has 0 polygons
2026-09-28 15:56:35 +0200: Memory Usage (676408K) : pplus has 0 polygons
2026-09-28 15:56:35 +0200: Memory Usage (676544K) : sab has 0 polygons
2026-09-28 15:56:35 +0200: Memory Usage (676544K) : esd has 0 polygons
2026-09-28 15:56:35 +0200: Memory Usage (676544K) : resistor has 0 polygons
2026-09-28 15:56:35 +0200: Memory Usage (676544K) : fhres has 0 polygons
2026-09-28 15:56:35 +0200: Memory Usage (676676K) : fusetop has 0 polygons
2026-09-28 15:56:35 +0200: Memory Usage (676676K) : fusewindow_d has 0 polygons
2026-09-28 15:56:35 +0200: Memory Usage (676676K) : polyfuse has 0 polygons
2026-09-28 15:56:35 +0200: Memory Usage (676808K) : mvsd has 0 polygons
2026-09-28 15:56:35 +0200: Memory Usage (676808K) : mvpsd has 0 polygons
2026-09-28 15:56:35 +0200: Memory Usage (676808K) : nat has 0 polygons
2026-09-28 15:56:35 +0200: Memory Usage (676808K) : comp_dummy has 0 polygons
2026-09-28 15:56:35 +0200: Memory Usage (676944K) : poly2_dummy has 0 polygons
2026-09-28 15:56:35 +0200: Memory Usage (676944K) : schottky_diode has 0 polygons
2026-09-28 15:56:35 +0200: Memory Usage (676944K) : zener has 0 polygons
2026-09-28 15:56:35 +0200: Memory Usage (677076K) : res_mk has 0 polygons
2026-09-28 15:56:35 +0200: Memory Usage (677076K) : opc_drc has 0 polygons
2026-09-28 15:56:35 +0200: Memory Usage (677076K) : v5_xtor has 0 polygons
2026-09-28 15:56:35 +0200: Memory Usage (677076K) : cap_mk has 0 polygons
2026-09-28 15:56:35 +0200: Memory Usage (677212K) : mos_cap_mk has 0 polygons
2026-09-28 15:56:35 +0200: Memory Usage (677212K) : ind_mk has 0 polygons
2026-09-28 15:56:35 +0200: Memory Usage (677212K) : diode_mk has 0 polygons
2026-09-28 15:56:35 +0200: Memory Usage (677344K) : drc_bjt has 0 polygons
2026-09-28 15:56:35 +0200: Memory Usage (677344K) : lvs_bjt has 0 polygons
2026-09-28 15:56:35 +0200: Memory Usage (677344K) : mim_l_mk has 0 polygons
2026-09-28 15:56:35 +0200: Memory Usage (677344K) : latchup_mk has 0 polygons
2026-09-28 15:56:35 +0200: Memory Usage (677476K) : guard_ring_mk has 0 polygons
2026-09-28 15:56:35 +0200: Memory Usage (677476K) : otp_mk has 0 polygons
2026-09-28 15:56:36 +0200: Memory Usage (677476K) : mtpmark has 0 polygons
2026-09-28 15:56:36 +0200: Memory Usage (677612K) : neo_ee_mk has 0 polygons
2026-09-28 15:56:36 +0200: Memory Usage (677612K) : sramcore has 0 polygons
2026-09-28 15:56:36 +0200: Memory Usage (677612K) : lvs_rf has 0 polygons
2026-09-28 15:56:36 +0200: Memory Usage (677612K) : lvs_drain has 0 polygons
2026-09-28 15:56:36 +0200: Memory Usage (677744K) : hvpolyrs has 0 polygons
2026-09-28 15:56:36 +0200: Memory Usage (677744K) : lvs_io has 0 polygons
2026-09-28 15:56:36 +0200: Memory Usage (677744K) : probe_mk has 0 polygons
2026-09-28 15:56:36 +0200: Memory Usage (677880K) : esd_mk has 0 polygons
2026-09-28 15:56:36 +0200: Memory Usage (677880K) : lvs_source has 0 polygons
2026-09-28 15:56:36 +0200: Memory Usage (677880K) : well_diode_mk has 0 polygons
2026-09-28 15:56:36 +0200: Memory Usage (677880K) : ldmos_xtor has 0 polygons
2026-09-28 15:56:36 +0200: Memory Usage (678012K) : plfuse has 0 polygons
2026-09-28 15:56:36 +0200: Memory Usage (678012K) : efuse_mk has 0 polygons
2026-09-28 15:56:36 +0200: Memory Usage (678012K) : mcell_feol_mk has 0 polygons
2026-09-28 15:56:36 +0200: Memory Usage (678144K) : ymtp_mk has 0 polygons
2026-09-28 15:56:36 +0200: Memory Usage (678144K) : dev_wf_mk has 0 polygons
2026-09-28 15:56:36 +0200: Memory Usage (678144K) : comp_label has 0 polygons
2026-09-28 15:56:36 +0200: Memory Usage (678144K) : poly2_label has 0 polygons
2026-09-28 15:56:36 +0200: Memory Usage (678280K) : mdiode has 0 polygons
2026-09-28 15:56:36 +0200: Memory Usage (678280K) : ndmy has 0 polygons
2026-09-28 15:56:36 +0200: Memory Usage (678280K) : pmndmy has 0 polygons
2026-09-28 15:56:36 +0200: Memory Usage (678412K) : pad has 0 polygons
2026-09-28 15:56:36 +0200: Memory Usage (678412K) : ubmpperi has 0 polygons
2026-09-28 15:56:36 +0200: Memory Usage (678412K) : ubmparray has 0 polygons
2026-09-28 15:56:36 +0200: Memory Usage (678412K) : ubmeplate has 0 polygons
2026-09-28 15:56:36 +0200: Memory Usage (678548K) : pr_bndry has 0 polygons
2026-09-28 15:56:36 +0200: Memory Usage (678548K) : border has 0 polygons
2026-09-28 15:56:36 +0200: Memory Usage (678612K) : contact has 0 polygons
2026-09-28 15:56:36 +0200: Memory Usage (678744K) : metal1_drawn has 0 polygons
2026-09-28 15:56:36 +0200: Memory Usage (678744K) : metal1_slot has 0 polygons
2026-09-28 15:56:36 +0200: Memory Usage (678744K) : metal1_dummy has 0 polygons
2026-09-28 15:56:36 +0200: Memory Usage (678744K) : metal1_label has 0 polygons
2026-09-28 15:56:36 +0200: Memory Usage (678876K) : metal1_blk has 0 polygons
2026-09-28 15:56:36 +0200: Memory Usage (678876K) : metal1_res has 0 polygons
2026-09-28 15:56:36 +0200: Memory Usage (678876K) : via1 has 0 polygons
2026-09-28 15:56:36 +0200: Memory Usage (678876K) : metal2_drawn has 0 polygons
2026-09-28 15:56:36 +0200: Memory Usage (679016K) : metal2_slot has 0 polygons
2026-09-28 15:56:36 +0200: Memory Usage (679016K) : metal2_dummy has 0 polygons
2026-09-28 15:56:36 +0200: Memory Usage (679016K) : metal2_blk has 0 polygons
2026-09-28 15:56:36 +0200: Memory Usage (679148K) : metal2_label has 0 polygons
2026-09-28 15:56:36 +0200: Memory Usage (679148K) : metal2_res has 0 polygons
2026-09-28 15:56:36 +0200: Memory Usage (679148K) : via2 has 0 polygons
2026-09-28 15:56:36 +0200: Memory Usage (679148K) : metal3_drawn has 0 polygons
2026-09-28 15:56:36 +0200: Memory Usage (679280K) : metal3_slot has 0 polygons
2026-09-28 15:56:36 +0200: Memory Usage (679280K) : metal3_dummy has 0 polygons
2026-09-28 15:56:36 +0200: Memory Usage (679280K) : metal3_blk has 0 polygons
2026-09-28 15:56:36 +0200: Memory Usage (679280K) : metal3_label has 0 polygons
2026-09-28 15:56:36 +0200: Memory Usage (679280K) : metal3_res has 0 polygons
2026-09-28 15:56:36 +0200: Memory Usage (679280K) : via3 has 0 polygons
2026-09-28 15:56:36 +0200: Memory Usage (679280K) : metal4_drawn has 0 polygons
2026-09-28 15:56:36 +0200: Memory Usage (679280K) : metal4_slot has 0 polygons
2026-09-28 15:56:36 +0200: Memory Usage (679280K) : metal4_dummy has 0 polygons
2026-09-28 15:56:36 +0200: Memory Usage (679280K) : metal4_blk has 0 polygons
2026-09-28 15:56:36 +0200: Memory Usage (679280K) : metal4_label has 0 polygons
2026-09-28 15:56:36 +0200: Memory Usage (679280K) : metal4_res has 0 polygons
2026-09-28 15:56:36 +0200: Memory Usage (679280K) : via4 has 0 polygons
2026-09-28 15:56:36 +0200: Memory Usage (679280K) : metal5_drawn has 0 polygons
2026-09-28 15:56:36 +0200: Memory Usage (679280K) : metal5_slot has 0 polygons
2026-09-28 15:56:36 +0200: Memory Usage (679280K) : metal5_dummy has 0 polygons
2026-09-28 15:56:36 +0200: Memory Usage (679280K) : metal5_blk has 0 polygons
2026-09-28 15:56:36 +0200: Memory Usage (679280K) : metal5_label has 0 polygons
2026-09-28 15:56:36 +0200: Memory Usage (679280K) : metal5_res has 0 polygons
2026-09-28 15:56:36 +0200: Memory Usage (4906368K) : No rules requiring connectivity, skipping connectivity generation.
2026-09-28 15:56:36 +0200: Memory Usage (4906368K) : # Setup took 0.626988214 seconds
2026-09-28 15:56:36 +0200: Memory Usage (4906368K) : Starting GF180MCU DRC rules.
2026-09-28 15:56:36 +0200: Memory Usage (4906368K) : Starting DRC: executing 13 deck(s).
2026-09-28 15:56:36 +0200: Memory Usage (4906368K) : Executing deck antenna_contact from /pdk/gf180mcuD/libs.tech/klayout/tech/drc/rule_decks/antenna.rb
2026-09-28 15:56:36 +0200: Memory Usage (4906368K) : Executing rule ANT.8
2026-09-28 15:56:36 +0200: Memory Usage (4906368K) : Executing deck antenna_metal1 from /pdk/gf180mcuD/libs.tech/klayout/tech/drc/rule_decks/antenna.rb
2026-09-28 15:56:36 +0200: Memory Usage (4906368K) : Executing rule ANT.16_i_ANT.2
2026-09-28 15:56:36 +0200: Memory Usage (4906500K) : Executing rule ANT.16_ii_ANT.2
2026-09-28 15:56:36 +0200: Memory Usage (4906500K) : Executing deck antenna_metal2 from /pdk/gf180mcuD/libs.tech/klayout/tech/drc/rule_decks/antenna.rb
2026-09-28 15:56:36 +0200: Memory Usage (4906500K) : Executing rule ANT.16_i_ANT.3
2026-09-28 15:56:36 +0200: Memory Usage (4906632K) : Executing rule ANT.16_ii_ANT.3
2026-09-28 15:56:36 +0200: Memory Usage (4906768K) : Executing deck antenna_metal3 from /pdk/gf180mcuD/libs.tech/klayout/tech/drc/rule_decks/antenna.rb
2026-09-28 15:56:36 +0200: Memory Usage (4906768K) : Executing rule ANT.16_i_ANT.4
2026-09-28 15:56:36 +0200: Memory Usage (4906900K) : Executing rule ANT.16_ii_ANT.4
2026-09-28 15:56:36 +0200: Memory Usage (4906900K) : Executing deck antenna_metal4 from /pdk/gf180mcuD/libs.tech/klayout/tech/drc/rule_decks/antenna.rb
2026-09-28 15:56:36 +0200: Memory Usage (4906900K) : Executing rule ANT.16_i_ANT.5
2026-09-28 15:56:36 +0200: Memory Usage (4907036K) : Executing rule ANT.16_ii_ANT.5
2026-09-28 15:56:36 +0200: Memory Usage (4907168K) : Executing rule ANT.16_iii_ANT.15_M4_MIMB
2026-09-28 15:56:36 +0200: Memory Usage (4907168K) : Executing deck antenna_metal5 from /pdk/gf180mcuD/libs.tech/klayout/tech/drc/rule_decks/antenna.rb
2026-09-28 15:56:36 +0200: Memory Usage (4907168K) : Executing rule ANT.16_i_ANT.6
2026-09-28 15:56:36 +0200: Memory Usage (4907300K) : Executing rule ANT.16_ii_ANT.6
2026-09-28 15:56:36 +0200: Memory Usage (4907436K) : Executing rule ANT.16_iii_ANT.15_M5_MIMB
2026-09-28 15:56:36 +0200: Memory Usage (4907436K) : Executing deck antenna_metaltop from /pdk/gf180mcuD/libs.tech/klayout/tech/drc/rule_decks/antenna.rb
2026-09-28 15:56:36 +0200: Memory Usage (4907436K) : Executing deck antenna_poly2 from /pdk/gf180mcuD/libs.tech/klayout/tech/drc/rule_decks/antenna.rb
2026-09-28 15:56:36 +0200: Memory Usage (4907436K) : Executing rule ANT.1
2026-09-28 15:56:36 +0200: Memory Usage (4907568K) : Executing deck antenna_via1 from /pdk/gf180mcuD/libs.tech/klayout/tech/drc/rule_decks/antenna.rb
2026-09-28 15:56:36 +0200: Memory Usage (4907568K) : Executing rule ANT.16_i_ANT.9
2026-09-28 15:56:36 +0200: Memory Usage (4907704K) : Executing rule ANT.16_ii_ANT.9
2026-09-28 15:56:36 +0200: Memory Usage (4907704K) : Executing deck antenna_via2 from /pdk/gf180mcuD/libs.tech/klayout/tech/drc/rule_decks/antenna.rb
2026-09-28 15:56:36 +0200: Memory Usage (4907704K) : Executing rule ANT.16_i_ANT.10
2026-09-28 15:56:36 +0200: Memory Usage (4907836K) : Executing rule ANT.16_ii_ANT.10
2026-09-28 15:56:36 +0200: Memory Usage (4907968K) : Executing deck antenna_via3 from /pdk/gf180mcuD/libs.tech/klayout/tech/drc/rule_decks/antenna.rb
2026-09-28 15:56:36 +0200: Memory Usage (4907968K) : Executing rule ANT.16_i_ANT.11
2026-09-28 15:56:36 +0200: Memory Usage (4908104K) : Executing rule ANT.16_ii_ANT.11
2026-09-28 15:56:36 +0200: Memory Usage (4908104K) : Executing rule ANT.16_iii_ANT.15_V3_MIMB
2026-09-28 15:56:36 +0200: Memory Usage (4908236K) : Executing deck antenna_via4 from /pdk/gf180mcuD/libs.tech/klayout/tech/drc/rule_decks/antenna.rb
2026-09-28 15:56:36 +0200: Memory Usage (4908236K) : Executing rule ANT.16_i_ANT.12
2026-09-28 15:56:36 +0200: Memory Usage (4908368K) : Executing rule ANT.16_ii_ANT.12
2026-09-28 15:56:36 +0200: Memory Usage (4908368K) : Executing rule ANT.16_iii_ANT.15_V4_MIMB
2026-09-28 15:56:36 +0200: Memory Usage (4908504K) : Executing deck antenna_via5 from /pdk/gf180mcuD/libs.tech/klayout/tech/drc/rule_decks/antenna.rb
2026-09-28 15:56:36 +0200: Memory Usage (4908504K) :
2026-09-28 15:56:36 +0200: Memory Usage (4908504K) : DRC RESULT: FAILURE (1 violation(s))
2026-09-28 15:56:36 +0200: Memory Usage (4908504K) : Violated Rules:
2026-09-28 15:56:36 +0200: Memory Usage (4908504K) :   'ANT.1'              :     1 violation(s)
2026-09-28 15:56:36 +0200: Memory Usage (4908504K) : # DRC Total Run time 0.860489122 seconds
