Startpoint: f0 (rising edge-triggered flip-flop clocked by clk)
Endpoint: f1 (rising edge-triggered flip-flop clocked by clk)
Path Group: clk
Path Type: max

  Delay    Time   Description
---------------------------------------------------------
   0.00    0.00   clock clk (rise edge)
   0.00    0.00   clock network delay (ideal)
   0.00    0.00 ^ f0/CLK (gf180mcu_fd_sc_mcu7t5v0__dffq_1)
   1.34    1.34 ^ f0/Q (gf180mcu_fd_sc_mcu7t5v0__dffq_1)
   0.11    1.46 v i0/ZN (gf180mcu_fd_sc_mcu7t5v0__inv_1)
   0.00    1.46 v f1/D (gf180mcu_fd_sc_mcu7t5v0__dffq_1)
           1.46   data arrival time

   0.10    0.10   clock clk (rise edge)
   0.00    0.10   clock network delay (ideal)
   0.00    0.10   clock reconvergence pessimism
           0.10 ^ f1/CLK (gf180mcu_fd_sc_mcu7t5v0__dffq_1)
  -0.50   -0.40   library setup time
          -0.40   data required time
---------------------------------------------------------
          -0.40   data required time
          -1.46   data arrival time
---------------------------------------------------------
          -1.86   slack (VIOLATED)



STA_BASIS: PRE_LAYOUT_ESTIMATE
