Startpoint: f1 (rising edge-triggered flip-flop clocked by clk)
Endpoint: y (output port clocked by clk)
Path Group: clk
Path Type: max

  Delay    Time   Description
---------------------------------------------------------
   0.00    0.00   clock clk (rise edge)
   0.00    0.00   clock network delay (ideal)
   0.00    0.00 ^ f1/CLK (gf180mcu_fd_sc_mcu7t5v0__dffq_1)
   1.25    1.25 ^ f1/Q (gf180mcu_fd_sc_mcu7t5v0__dffq_1)
   0.00    1.25 ^ y (out)
           1.25   data arrival time

  10.00   10.00   clock clk (rise edge)
   0.00   10.00   clock network delay (ideal)
   0.00   10.00   clock reconvergence pessimism
  -2.00    8.00   output external delay
           8.00   data required time
---------------------------------------------------------
           8.00   data required time
          -1.25   data arrival time
---------------------------------------------------------
           6.75   slack (MET)



STA_BASIS: PRE_LAYOUT_ESTIMATE
