OpenROAD 26Q3-3002-gda11f47e14 
Features included (+) or not (-): -GPU +GUI -Python
This program is licensed under the BSD-3 license. See the LICENSE file for details.
Components of this program may be licensed under more restrictive licenses which must be honored.
[INFO ODB-0388] unsupported LEF58_EOLENCLOSURE property for layer Via1 :"
  	EOLENCLOSURE 0.34 0.06 ;"
[INFO ODB-0388] unsupported LEF58_EOLENCLOSURE property for layer Via2 :" EOLENCLOSURE 0.34 0.06 ; "
[INFO ODB-0388] unsupported LEF58_EOLENCLOSURE property for layer Via3 :" EOLENCLOSURE 0.34 0.06 ; "
[INFO ODB-0388] unsupported LEF58_EOLENCLOSURE property for layer Via4 :" EOLENCLOSURE 0.34 0.06 ; "
[INFO ODB-0227] LEF file: /foss/pdks/gf180mcuD/libs.ref/gf180mcu_fd_sc_mcu7t5v0/techlef/gf180mcu_fd_sc_mcu7t5v0__nom.tlef, created 15 layers, 56 vias
[WARNING ODB-0220] WARNING (LEFPARS-2008): NOWIREEXTENSIONATPIN statement is obsolete in version 5.6 or later.
The NOWIREEXTENSIONATPIN statement will be ignored. See file /foss/pdks/gf180mcuD/libs.ref/gf180mcu_fd_sc_mcu7t5v0/lef/gf180mcu_fd_sc_mcu7t5v0.lef at line 2.

[INFO ODB-0227] LEF file: /foss/pdks/gf180mcuD/libs.ref/gf180mcu_fd_sc_mcu7t5v0/lef/gf180mcu_fd_sc_mcu7t5v0.lef, created 229 library cells
[WARNING IFP-0028] Core area lower left (10.000, 10.000) snapped to (10.080, 11.760).
[INFO IFP-0001] Added 9 rows of 71 site GF018hv5v_mcu_sc7.
[INFO IFP-0100] Die BBox:  (  0.000  0.000 ) ( 60.000 60.000 ) um
[INFO IFP-0101] Core BBox: ( 10.080 11.760 ) ( 49.840 47.040 ) um
[INFO IFP-0102] Core area:                         1402.733 um^2
[INFO IFP-0103] Total instances area:                17.562 um^2
[INFO IFP-0104] Effective utilization:                0.013
[INFO IFP-0105] Number of instances:                      2
Found 0 macro blocks.
Using 2 tracks default min distance between IO pins.
[INFO PPL-0001] Number of available slots 204
[INFO PPL-0002] Number of I/O             2
[INFO PPL-0003] Number of I/O w/sink      2
[INFO PPL-0004] Number of I/O w/o sink    0
[INFO PPL-0005] Slots per section         200
[INFO PPL-0008] Successfully assigned pins to sections.
[INFO PPL-0012] I/O nets HPWL: 61.12 um.
[INFO PDN-0001] Inserting grid: grid
[INFO PDN-0500] Runtime: 0.00s
[INFO GPL-0001] ---- Initialize GPL Main Data Structures
[INFO GPL-0002] DBU: 2000
[INFO GPL-0003] SiteSize: (  0.560  3.920 ) um
[INFO GPL-0004] CoreBBox: ( 10.080 11.760 ) ( 49.840 47.040 ) um
[INFO GPL-0016] Core area:                    1402.733 um^2
[INFO GPL-0036] Movable instances area:         17.562 um^2
[INFO GPL-0037] Total instances area:           17.562 um^2
[INFO GPL-0035] Pin density area adjust:         0.000 um^2
[INFO GPL-0032] ---- Initialize Region: Top-level
[INFO GPL-0006] Number of instances:                 2
[INFO GPL-0007] Movable instances:                   2
[INFO GPL-0008] Fixed instances:                     0
[INFO GPL-0009] Dummy instances:                     0
[INFO GPL-0010] Number of nets:                      3
[INFO GPL-0011] Number of pins:                      4
[INFO GPL-0012] Die BBox:       (  0.000  0.000 ) ( 60.000 60.000 ) um
[INFO GPL-0013] Placement BBox: ( 10.080 11.760 ) ( 49.840 47.040 ) um
[INFO GPL-0014] Region name: top-level.
[INFO GPL-0015] Region area:                  1402.733 um^2
[INFO GPL-0017] Fixed instances area:            0.000 um^2
[INFO GPL-0018] Movable instances area:         17.562 um^2
[INFO GPL-0019] Utilization:                     1.252 %
[INFO GPL-0020] Standard cells area:            17.562 um^2
[INFO GPL-0021] Large instances area:            0.000 um^2
[INFO GPL-0005] ---- Execute Conjugate Gradient Initial Placement.
[INFO GPL-0051] Source of initial instance position counters:
	Odb location = 0	Core center = 2	Region center = 0
[INFO GPL-0033] ---- Initialize Nesterov Region: Top-level
[INFO GPL-0023] Placement target density:       0.3000
[INFO GPL-0024] Movable insts average area:      8.781 um^2
[INFO GPL-0025] Ideal bin area:                 29.269 um^2
[INFO GPL-0026] Ideal bin count:                    47
[INFO GPL-0027] Total bin area:               1402.733 um^2
[INFO GPL-0028] Bin count (X, Y):           4 ,      4
[INFO GPL-0029] Bin size (W * H):       9.940 *  8.820 um
[INFO GPL-0030] Number of bins:                     16
[INFO GPL-0084] ---- Execute Nesterov Global Placement.
[INFO GPL-0031] HPWL: Half-Perimeter Wirelength
Iteration | Overflow |     HPWL (um) |  HPWL(%) |   Penalty | Group
---------------------------------------------------------------
        0 |   0.0000 |  2.500000e-03 |   +0.00% |  1.30e-13 |      
        0 |   0.0000 |  2.500000e-03 |          |  1.36e-13 |      
---------------------------------------------------------------
[INFO GPL-1001] Global placement finished at iteration 0
[INFO GPL-1002] Placed Cell Area               17.5616
[INFO GPL-1003] Available Free Area          1402.7328
[INFO GPL-1004] Minimum Feasible Density        0.0200 (cell_area / free_area)
[INFO GPL-1006]   Suggested Target Densities:
[INFO GPL-1007]     - For 90% usage of free space: 0.0139
[INFO GPL-1008]     - For 80% usage of free space: 0.0156
[INFO GPL-1009]     - For 50% usage of free space: 0.0250
[INFO GPL-1014] Final placement area: 17.56 (+0.00%)
[INFO GPL-1018] Final HPWL (um): 60.19
[INFO DPL-0006] Core area: 1402.73 um^2
[INFO DPL-0007] Movable instances area: 17.56 um^2
[INFO DPL-0008] Fixed instances area within core: 0.00 um^2
[INFO DPL-0009] Utilization: 1.3%
[INFO DPL-0005] Diamond search max displacement: +/- 500 sites horizontally, +/- 100 rows vertically.
[INFO DPL-1102] Legalizing using negotiation legalizer.
[INFO DPL-1103] Negotiation base search window: +/-20 sites horizontally, +/-5 rows vertically 
	Automatic search window extension enabled.
	Search window extendable up to the max displacement cap of +/-500 sites, +/-100 rows near walls.
[INFO DPL-1104] NegotiationLegalizer DRC penalty: 5.
[INFO DPL-0392] Negotiation cell height distribution (1 unique row-count(s)):
[INFO DPL-0393]   height 1 row(s): 2 cells
          |      Total |  Illegal |  Illegal
Iteration | Violations |    Cells |    Sites
---------------------------------------------
        0 |          0 |         0 |         0
Negotiation phase 1 converged at iteration 0.
[INFO DPL-0500] Runtime: 0.00s
Detailed Placement Analysis
---------------------------------
legalizer            negotiation
total moves                   2
total displacement          2.3 u
average displacement        1.1 u
max displacement            2.0 u
original HPWL              60.2 u
legalized HPWL             63.9 u
delta HPWL                    6 %

OPENROAD_VERSION 26Q3-3002-gda11f47e14
[INFO PSM-0040] All shapes on net VDD are connected.
########## IR report #################
Net              : VDD
Corner           : default
Total power      : 1.58e-05 W
Supply voltage   : 5.00e+00 V
Worstcase voltage: 5.00e+00 V
Average voltage  : 5.00e+00 V
Average IR drop  : 1.17e-06 V
Worstcase IR drop: 8.59e-06 V
Percentage drop  : 0.00 %
######################################
