Reading timing models for corner max_ff_n40C_5v50…
Reading timing library for the 'max_ff_n40C_5v50' corner at '/pdk/gf180mcuD/libs.ref/gf180mcu_fd_sc_mcu7t5v0/lib/gf180mcu_fd_sc_mcu7t5v0__ff_n40C_5v50.lib'…
Reading timing library for the 'max_ff_n40C_5v50' corner at '/pdk/gf180mcuD/libs.ref/gf180mcu_fd_io/lib/gf180mcu_fd_io__ff_n40C_5v50.lib'…
Reading timing models for corner max_tt_025C_5v00…
Reading timing library for the 'max_tt_025C_5v00' corner at '/pdk/gf180mcuD/libs.ref/gf180mcu_fd_sc_mcu7t5v0/lib/gf180mcu_fd_sc_mcu7t5v0__tt_025C_5v00.lib'…
Reading timing library for the 'max_tt_025C_5v00' corner at '/pdk/gf180mcuD/libs.ref/gf180mcu_fd_io/lib/gf180mcu_fd_io__tt_025C_5v00.lib'…
Reading timing models for corner nom_ff_n40C_5v50…
Reading timing library for the 'nom_ff_n40C_5v50' corner at '/pdk/gf180mcuD/libs.ref/gf180mcu_fd_sc_mcu7t5v0/lib/gf180mcu_fd_sc_mcu7t5v0__ff_n40C_5v50.lib'…
[WARNING STA-1140] /pdk/gf180mcuD/libs.ref/gf180mcu_fd_sc_mcu7t5v0/lib/gf180mcu_fd_sc_mcu7t5v0__ff_n40C_5v50.lib line 17, library gf180mcu_fd_sc_mcu7t5v0__ff_n40C_5v50 already exists.
Reading timing library for the 'nom_ff_n40C_5v50' corner at '/pdk/gf180mcuD/libs.ref/gf180mcu_fd_io/lib/gf180mcu_fd_io__ff_n40C_5v50.lib'…
[WARNING STA-1140] /pdk/gf180mcuD/libs.ref/gf180mcu_fd_io/lib/gf180mcu_fd_io__ff_n40C_5v50.lib line 17, library gf180mcu_fd_io__ff_n40C_5v50 already exists.
Reading timing models for corner nom_tt_025C_5v00…
Reading timing library for the 'nom_tt_025C_5v00' corner at '/pdk/gf180mcuD/libs.ref/gf180mcu_fd_sc_mcu7t5v0/lib/gf180mcu_fd_sc_mcu7t5v0__tt_025C_5v00.lib'…
[WARNING STA-1140] /pdk/gf180mcuD/libs.ref/gf180mcu_fd_sc_mcu7t5v0/lib/gf180mcu_fd_sc_mcu7t5v0__tt_025C_5v00.lib line 17, library gf180mcu_fd_sc_mcu7t5v0__tt_025C_5v00 already exists.
Reading timing library for the 'nom_tt_025C_5v00' corner at '/pdk/gf180mcuD/libs.ref/gf180mcu_fd_io/lib/gf180mcu_fd_io__tt_025C_5v00.lib'…
[WARNING STA-1140] /pdk/gf180mcuD/libs.ref/gf180mcu_fd_io/lib/gf180mcu_fd_io__tt_025C_5v00.lib line 17, library gf180mcu_fd_io__tt_025C_5v00 already exists.
Reading timing models for corner min_ss_125C_4v50…
Reading timing library for the 'min_ss_125C_4v50' corner at '/pdk/gf180mcuD/libs.ref/gf180mcu_fd_sc_mcu7t5v0/lib/gf180mcu_fd_sc_mcu7t5v0__ss_125C_4v50.lib'…
Reading timing library for the 'min_ss_125C_4v50' corner at '/pdk/gf180mcuD/libs.ref/gf180mcu_fd_io/lib/gf180mcu_fd_io__ss_125C_4v50.lib'…
Reading timing models for corner min_ff_n40C_5v50…
Reading timing library for the 'min_ff_n40C_5v50' corner at '/pdk/gf180mcuD/libs.ref/gf180mcu_fd_sc_mcu7t5v0/lib/gf180mcu_fd_sc_mcu7t5v0__ff_n40C_5v50.lib'…
[WARNING STA-1140] /pdk/gf180mcuD/libs.ref/gf180mcu_fd_sc_mcu7t5v0/lib/gf180mcu_fd_sc_mcu7t5v0__ff_n40C_5v50.lib line 17, library gf180mcu_fd_sc_mcu7t5v0__ff_n40C_5v50 already exists.
Reading timing library for the 'min_ff_n40C_5v50' corner at '/pdk/gf180mcuD/libs.ref/gf180mcu_fd_io/lib/gf180mcu_fd_io__ff_n40C_5v50.lib'…
[WARNING STA-1140] /pdk/gf180mcuD/libs.ref/gf180mcu_fd_io/lib/gf180mcu_fd_io__ff_n40C_5v50.lib line 17, library gf180mcu_fd_io__ff_n40C_5v50 already exists.
Reading timing models for corner min_tt_025C_5v00…
Reading timing library for the 'min_tt_025C_5v00' corner at '/pdk/gf180mcuD/libs.ref/gf180mcu_fd_sc_mcu7t5v0/lib/gf180mcu_fd_sc_mcu7t5v0__tt_025C_5v00.lib'…
[WARNING STA-1140] /pdk/gf180mcuD/libs.ref/gf180mcu_fd_sc_mcu7t5v0/lib/gf180mcu_fd_sc_mcu7t5v0__tt_025C_5v00.lib line 17, library gf180mcu_fd_sc_mcu7t5v0__tt_025C_5v00 already exists.
Reading timing library for the 'min_tt_025C_5v00' corner at '/pdk/gf180mcuD/libs.ref/gf180mcu_fd_io/lib/gf180mcu_fd_io__tt_025C_5v00.lib'…
[WARNING STA-1140] /pdk/gf180mcuD/libs.ref/gf180mcu_fd_io/lib/gf180mcu_fd_io__tt_025C_5v00.lib line 17, library gf180mcu_fd_io__tt_025C_5v00 already exists.
Reading timing models for corner max_ss_125C_4v50…
Reading timing library for the 'max_ss_125C_4v50' corner at '/pdk/gf180mcuD/libs.ref/gf180mcu_fd_sc_mcu7t5v0/lib/gf180mcu_fd_sc_mcu7t5v0__ss_125C_4v50.lib'…
[WARNING STA-1140] /pdk/gf180mcuD/libs.ref/gf180mcu_fd_sc_mcu7t5v0/lib/gf180mcu_fd_sc_mcu7t5v0__ss_125C_4v50.lib line 17, library gf180mcu_fd_sc_mcu7t5v0__ss_125C_4v50 already exists.
Reading timing library for the 'max_ss_125C_4v50' corner at '/pdk/gf180mcuD/libs.ref/gf180mcu_fd_io/lib/gf180mcu_fd_io__ss_125C_4v50.lib'…
[WARNING STA-1140] /pdk/gf180mcuD/libs.ref/gf180mcu_fd_io/lib/gf180mcu_fd_io__ss_125C_4v50.lib line 17, library gf180mcu_fd_io__ss_125C_4v50 already exists.
Reading timing models for corner nom_ss_125C_4v50…
Reading timing library for the 'nom_ss_125C_4v50' corner at '/pdk/gf180mcuD/libs.ref/gf180mcu_fd_sc_mcu7t5v0/lib/gf180mcu_fd_sc_mcu7t5v0__ss_125C_4v50.lib'…
[WARNING STA-1140] /pdk/gf180mcuD/libs.ref/gf180mcu_fd_sc_mcu7t5v0/lib/gf180mcu_fd_sc_mcu7t5v0__ss_125C_4v50.lib line 17, library gf180mcu_fd_sc_mcu7t5v0__ss_125C_4v50 already exists.
Reading timing library for the 'nom_ss_125C_4v50' corner at '/pdk/gf180mcuD/libs.ref/gf180mcu_fd_io/lib/gf180mcu_fd_io__ss_125C_4v50.lib'…
[WARNING STA-1140] /pdk/gf180mcuD/libs.ref/gf180mcu_fd_io/lib/gf180mcu_fd_io__ss_125C_4v50.lib line 17, library gf180mcu_fd_io__ss_125C_4v50 already exists.
Reading OpenROAD database at '/mnt/ssd2/mainred/cut_19/A_s15/02-sizing/chip_top.odb'…
Reading design constraints file at '/mnt/ssd2/mainred/cut_19/sdc_s15/19-config.sdc'…
VIBEIC_INPUT_DELAY_PORTS 34 of 35 (clock port(s) excluded — OpenSTA rejects set_input_delay on the port its own clock is defined on)
[INFO] R8 driving cell gf180mcu_fd_sc_mcu7t5v0__inv_1 not applied to off-die input port(s): clk rst {x[0]} {x[10]} {x[11]} {x[12]} {x[13]} {x[14]} {x[15]} {x[16]} {x[17]} {x[18]} {x[19]} {x[1]} {x[20]} {x[21]} {x[22]} {x[23]} {x[24]} {x[25]} {x[26]} {x[27]} {x[28]} {x[29]} {x[2]} {x[30]} {x[31]} {x[3]} {x[4]} {x[5]} {x[6]} {x[7]} {x[8]} {x[9]} y
[INFO] No information on clock propagation in input SDC file-- propagating all clocks.
VIC_RETAP margin=0.75 candidates=1
VIC_RETAP reject u_core/_416_ reason=HOLD_REGRESSED local=-2.638286->1.940293 setup=-2.638286108700385->-2.3228228886693856 tns=-2.638286108700385->-2.3228228886693856 hold=-2.7190805932010607->-2.8882608233702842
CLKPATH_CTS_TREE: created_instances=78 max_fanout=3
Setting global connections for newly added cells…
[INFO] Setting global connections...
[INFO ODB-0403] 0 connections made, 0 conflicts skipped.
Updating metrics…
Cell type report:                       Count         Area
  Input pad                                35    918750.00
  Input/output pad                          1     26250.00
  Power pad                                 2     52500.00
  Pad spacer                              689   2362500.00
  Endcap cell                            1206    509377.26
  Tap cell                              36186    158871.01
  Tie cell                                 82       720.03
  Clock buffer                             78      4465.04
  Timing Repair Buffer                     87      1567.37
  Inverter                                  2        17.56
  Sequential cell                          66      4210.39
  Multi-Input combinational cell          211      4809.68
  Total                                 38645   4044038.35
Writing OpenROAD database to '/mnt/ssd2/mainred/cut_19/A_s15/03-retap/chip_top.odb'…
Writing netlist to '/mnt/ssd2/mainred/cut_19/A_s15/03-retap/chip_top.nl.v'…
Writing powered netlist to '/mnt/ssd2/mainred/cut_19/A_s15/03-retap/chip_top.pnl.v'…
Writing layout to '/mnt/ssd2/mainred/cut_19/A_s15/03-retap/chip_top.def'…
Writing timing constraints to '/mnt/ssd2/mainred/cut_19/A_s15/03-retap/chip_top.sdc'…
