SBY  3:57:21 [formal_ctr_safety] Removing directory '/w/unknown/formal_ctr_safety'.
SBY  3:57:21 [formal_ctr_safety] Copy '/w/unknown/ctr.v' to '/w/unknown/formal_ctr_safety/src/ctr.v'.
SBY  3:57:21 [formal_ctr_safety] Copy '/w/unknown/formal_ctr.sv' to '/w/unknown/formal_ctr_safety/src/formal_ctr.sv'.
SBY  3:57:21 [formal_ctr_safety] engine_0: abc pdr
SBY  3:57:21 [formal_ctr_safety_kind] Removing directory '/w/unknown/formal_ctr_safety_kind'.
SBY  3:57:21 [formal_ctr_safety_kind] Copy '/w/unknown/ctr.v' to '/w/unknown/formal_ctr_safety_kind/src/ctr.v'.
SBY  3:57:21 [formal_ctr_safety_kind] Copy '/w/unknown/formal_ctr.sv' to '/w/unknown/formal_ctr_safety_kind/src/formal_ctr.sv'.
SBY  3:57:21 [formal_ctr_safety_kind] engine_0: smtbmc yices
SBY  3:57:21 [formal_ctr_bmc] Removing directory '/w/unknown/formal_ctr_bmc'.
SBY  3:57:21 [formal_ctr_bmc] Copy '/w/unknown/ctr.v' to '/w/unknown/formal_ctr_bmc/src/ctr.v'.
SBY  3:57:21 [formal_ctr_bmc] Copy '/w/unknown/formal_ctr.sv' to '/w/unknown/formal_ctr_bmc/src/formal_ctr.sv'.
SBY  3:57:21 [formal_ctr_bmc] engine_0: abc bmc3
SBY  3:57:21 [formal_ctr_safety] base: starting process "cd formal_ctr_safety/src; yosys -ql ../model/design.log ../model/design.ys"
SBY  3:57:21 [formal_ctr_safety_kind] base: starting process "cd formal_ctr_safety_kind/src; yosys -ql ../model/design.log ../model/design.ys"
SBY  3:57:21 [formal_ctr_bmc] base: starting process "cd formal_ctr_bmc/src; yosys -ql ../model/design.log ../model/design.ys"
SBY  3:57:22 [formal_ctr_safety] base: finished (returncode=0)
SBY  3:57:22 [formal_ctr_safety] prep: starting process "cd formal_ctr_safety/model; yosys -ql design_prep.log design_prep.ys"
SBY  3:57:22 [formal_ctr_safety_kind] base: finished (returncode=0)
SBY  3:57:22 [formal_ctr_bmc] base: finished (returncode=0)
SBY  3:57:22 [formal_ctr_safety_kind] prep: starting process "cd formal_ctr_safety_kind/model; yosys -ql design_prep.log design_prep.ys"
SBY  3:57:22 [formal_ctr_bmc] prep: starting process "cd formal_ctr_bmc/model; yosys -ql design_prep.log design_prep.ys"
SBY  3:57:22 [formal_ctr_safety] prep: finished (returncode=0)
SBY  3:57:22 [formal_ctr_safety] aig: starting process "cd formal_ctr_safety/model; yosys -ql design_aiger.log design_aiger.ys"
SBY  3:57:22 [formal_ctr_safety_kind] prep: finished (returncode=0)
SBY  3:57:22 [formal_ctr_safety_kind] smt2: starting process "cd formal_ctr_safety_kind/model; yosys -ql design_smt2.log design_smt2.ys"
SBY  3:57:22 [formal_ctr_bmc] prep: finished (returncode=0)
SBY  3:57:22 [formal_ctr_bmc] aig: starting process "cd formal_ctr_bmc/model; yosys -ql design_aiger.log design_aiger.ys"
SBY  3:57:22 [formal_ctr_safety_kind] smt2: finished (returncode=0)
SBY  3:57:22 [formal_ctr_safety_kind] engine_0.basecase: starting process "cd formal_ctr_safety_kind; yosys-smtbmc -s yices --presat --unroll --noprogress -t 20  --append 0 --dump-vcd engine_0/trace.vcd --dump-yw engine_0/trace.yw --dump-vlogtb engine_0/trace_tb.v --dump-smtc engine_0/trace.smtc model/design_smt2.smt2"
SBY  3:57:22 [formal_ctr_safety] aig: Warning: Treating undriven bit formal_ctr.\clk like $anyseq.
SBY  3:57:22 [formal_ctr_safety] aig: Warning: Treating undriven bit formal_ctr.\rst like $anyseq.
SBY  3:57:22 [formal_ctr_safety] aig: Warning: Treating a total of 2 undriven bits in formal_ctr like $anyseq.
SBY  3:57:22 [formal_ctr_safety_kind] engine_0.induction: starting process "cd formal_ctr_safety_kind; yosys-smtbmc -s yices --presat --unroll -i --noprogress -t 20  --append 0 --dump-vcd engine_0/trace_induct.vcd --dump-yw engine_0/trace_induct.yw --dump-vlogtb engine_0/trace_induct_tb.v --dump-smtc engine_0/trace_induct.smtc model/design_smt2.smt2"
SBY  3:57:22 [formal_ctr_bmc] aig: Warning: Treating undriven bit formal_ctr.\clk like $anyseq.
SBY  3:57:22 [formal_ctr_bmc] aig: Warning: Treating undriven bit formal_ctr.\rst like $anyseq.
SBY  3:57:22 [formal_ctr_bmc] aig: Warning: Treating a total of 2 undriven bits in formal_ctr like $anyseq.
SBY  3:57:22 [formal_ctr_safety] aig: finished (returncode=0)
SBY  3:57:22 [formal_ctr_safety] engine_0: starting process "cd formal_ctr_safety; yosys-abc -c 'read_aiger model/design_aiger.aig; fold; strash; pdr -v -l; write_cex -a engine_0/trace.aiw'"
SBY  3:57:22 [formal_ctr_bmc] aig: finished (returncode=0)
SBY  3:57:22 [formal_ctr_bmc] engine_0: starting process "cd formal_ctr_bmc; yosys-abc -c 'read_aiger model/design_aiger.aig; fold; strash; bmc3 -F 12 -v; write_cex -a engine_0/trace.aiw'"
SBY  3:57:22 [formal_ctr_safety] engine_0: ======== ABC command line "read_aiger model/design_aiger.aig; fold; strash; pdr -v -l; write_cex -a engine_0/trace.aiw"
SBY  3:57:22 [formal_ctr_safety] engine_0: Warning: The last output is interpreted as a constraint.
SBY  3:57:22 [formal_ctr_safety] engine_0: VarMax = 300. FrameMax = 10000. QueMax = 0. TimeMax = 119. MonoCNF = no. SkipGen = no. SolveAll = no.
SBY  3:57:22 [formal_ctr_bmc] engine_0: ======== ABC command line "read_aiger model/design_aiger.aig; fold; strash; bmc3 -F 12 -v; write_cex -a engine_0/trace.aiw"
SBY  3:57:22 [formal_ctr_bmc] engine_0: Warning: The last output is interpreted as a constraint.
SBY  3:57:22 [formal_ctr_safety] engine_0: Frame Clauses                                                     Max Queue Flops Time
SBY  3:57:22 [formal_ctr_safety] engine_0: 1 : 0 2                                                                 1     3      0.00 sec  T/O =  0  PRV =  0
SBY  3:57:22 [formal_ctr_safety] engine_0: 2 : 0 2 3                                                               1     6      0.00 sec  T/O =  0  PRV =  0
SBY  3:57:22 [formal_ctr_bmc] engine_0: Running "bmc3". PI/PO/Reg = 10/1/20. And =    100. Lev =    11. ObjNums =    93.
SBY  3:57:22 [formal_ctr_bmc] engine_0: Params: FramesMax = 12. Start = 0. ConfLimit = 0. TimeOut = 0. SolveAll = 0.
SBY  3:57:22 [formal_ctr_bmc] engine_0: 0 + : Var =       1. Cla =        0. Conf =      0. Learn =      0.    0 MB   4 MB     0.01 sec
SBY  3:57:22 [formal_ctr_bmc] engine_0: 1 + : Var =      51. Cla =      125. Conf =      0. Learn =      0.    0 MB   4 MB     0.01 sec
SBY  3:57:22 [formal_ctr_bmc] engine_0: 2 + : Var =      94. Cla =      257. Conf =      2. Learn =      1.    0 MB   4 MB     0.01 sec
SBY  3:57:22 [formal_ctr_bmc] engine_0: 3 + : Var =     137. Cla =      389. Conf =      5. Learn =      3.    0 MB   4 MB     0.01 sec
SBY  3:57:22 [formal_ctr_bmc] engine_0: 4 + : Var =     180. Cla =      521. Conf =      9. Learn =      6.    0 MB   4 MB     0.01 sec
SBY  3:57:22 [formal_ctr_safety] engine_0: 3 : 0 3 3 5 ~1                                                           4    10      0.01 sec  T/O =  0  PRV =  0
SBY  3:57:22 [formal_ctr_bmc] engine_0: 5 + : Var =     223. Cla =      653. Conf =     20. Learn =     16.    0 MB   4 MB     0.01 sec
SBY  3:57:22 [formal_ctr_bmc] engine_0: 6 + : Var =     266. Cla =      785. Conf =     31. Learn =     26.    0 MB   4 MB     0.01 sec
SBY  3:57:22 [formal_ctr_bmc] engine_0: 7 + : Var =     309. Cla =      917. Conf =     51. Learn =     45.    0 MB   4 MB     0.01 sec
SBY  3:57:22 [formal_ctr_bmc] engine_0: 8 + : Var =     352. Cla =     1049. Conf =     72. Learn =     65.    0 MB   4 MB     0.01 sec
SBY  3:57:22 [formal_ctr_bmc] engine_0: 9 + : Var =     395. Cla =     1181. Conf =     92. Learn =     84.    0 MB   4 MB     0.01 sec
SBY  3:57:22 [formal_ctr_bmc] engine_0: 10 + : Var =     438. Cla =     1313. Conf =    121. Learn =    112.    0 MB   4 MB     0.01 sec
SBY  3:57:22 [formal_ctr_bmc] engine_0: 11 + : Var =     481. Cla =     1445. Conf =    164. Learn =    154.    0 MB   4 MB     0.01 sec
SBY  3:57:22 [formal_ctr_bmc] engine_0: Runtime:  CNF = 0.0 sec (1.4 %)  UNSAT = 0.0 sec (6.3 %)  SAT = 0.0 sec (0.0 %)  UNDEC = 0.0 sec (0.0 %)
SBY  3:57:22 [formal_ctr_bmc] engine_0: LStart(P) = 10000  LDelta(Q) = 2000  LRatio(R) = 80  ReduceDB = 0  Vars = 1000  Used = 987 (98.70 %)
SBY  3:57:22 [formal_ctr_bmc] engine_0: Buffs = 106. Dups = 0.   Hash hits = 0.  Hash misses = 361.  UniProps = 0.
SBY  3:57:22 [formal_ctr_bmc] engine_0: No output asserted in 12 frames. Resource limit reached (conf limit 0). Time =     0.01 sec
SBY  3:57:22 [formal_ctr_bmc] engine_0: Counter-example is not available.
SBY  3:57:22 [formal_ctr_safety] engine_0: 4 : 0 2 1 2 3 ~1                                                         0    10      0.01 sec  T/O =  0  PRV =  0
SBY  3:57:22 [formal_ctr_bmc] engine_0: finished (returncode=0)
SBY  3:57:22 [formal_ctr_bmc] engine_0: Status returned by engine: PASS
SBY  3:57:22 [formal_ctr_bmc] summary: Elapsed clock time [H:MM:SS (secs)]: 0:00:00 (0)
SBY  3:57:22 [formal_ctr_bmc] summary: Elapsed process time [H:MM:SS (secs)]: 0:00:00 (0)
SBY  3:57:22 [formal_ctr_bmc] summary: engine_0 (abc bmc3) returned PASS
SBY  3:57:22 [formal_ctr_bmc] summary: engine_0 did not produce any traces
SBY  3:57:22 [formal_ctr_bmc] DONE (PASS, rc=0)
SBY  3:57:22 [formal_ctr_safety] engine_0: 5 : 0 2 1 2 2 2 ~1                                                       1    10      0.01 sec  T/O =  0  PRV =  0
SBY  3:57:22 [formal_ctr_safety] engine_0: 6 : 0 2 1 2 3 3 4 ~1                                                     3    10      0.01 sec  T/O =  0  PRV =  0
SBY  3:57:22 [formal_ctr_safety] engine_0: 7 : 0 2 1 2 1 2 1 3 ~1                                                   0    10      0.01 sec  T/O =  0  PRV =  0
SBY  3:57:22 [formal_ctr_safety_kind] engine_0.basecase: ##   0:00:00  Solver: yices
SBY  3:57:22 [formal_ctr_safety] engine_0: 8 : 0 2 1 2 1 2 1 2 2 ~1                                                 1    10      0.01 sec  T/O =  0  PRV =  0
SBY  3:57:22 [formal_ctr_safety_kind] engine_0.basecase: ##   0:00:00  Checking assumptions in step 0..
SBY  3:57:22 [formal_ctr_safety_kind] engine_0.basecase: ##   0:00:00  Checking assertions in step 0..
SBY  3:57:22 [formal_ctr_safety_kind] engine_0.basecase: ##   0:00:00  Checking assumptions in step 1..
SBY  3:57:22 [formal_ctr_safety_kind] engine_0.basecase: ##   0:00:00  Checking assertions in step 1..
SBY  3:57:22 [formal_ctr_safety_kind] engine_0.basecase: ##   0:00:00  Checking assumptions in step 2..
SBY  3:57:22 [formal_ctr_safety_kind] engine_0.basecase: ##   0:00:00  Checking assertions in step 2..
SBY  3:57:22 [formal_ctr_safety] engine_0: 9 : 0 2 3 4 3 4 3 5 3 4 ~1                                              10    14      0.02 sec  T/O =  0  PRV =  0
SBY  3:57:22 [formal_ctr_safety_kind] engine_0.basecase: ##   0:00:00  Checking assumptions in step 3..
SBY  3:57:22 [formal_ctr_safety_kind] engine_0.basecase: ##   0:00:00  Checking assertions in step 3..
SBY  3:57:22 [formal_ctr_safety_kind] engine_0.basecase: ##   0:00:00  Checking assumptions in step 4..
SBY  3:57:22 [formal_ctr_safety_kind] engine_0.basecase: ##   0:00:00  Checking assertions in step 4..
SBY  3:57:22 [formal_ctr_safety_kind] engine_0.basecase: ##   0:00:00  Checking assumptions in step 5..
SBY  3:57:22 [formal_ctr_safety_kind] engine_0.basecase: ##   0:00:00  Checking assertions in step 5..
SBY  3:57:22 [formal_ctr_safety] engine_0: 10 : 0 2 1 2 1 2 1 2 1 2 4 ~1                                             0    14      0.02 sec  T/O =  0  PRV =  0
SBY  3:57:22 [formal_ctr_safety_kind] engine_0.basecase: ##   0:00:00  Checking assumptions in step 6..
SBY  3:57:22 [formal_ctr_safety_kind] engine_0.basecase: ##   0:00:00  Checking assertions in step 6..
SBY  3:57:22 [formal_ctr_safety] engine_0: 11 : 0 2 1 2 1 2 1 2 1 2 1 3 ~1                                           0    14      0.02 sec  T/O =  0  PRV =  0
SBY  3:57:22 [formal_ctr_safety_kind] engine_0.basecase: ##   0:00:00  Checking assumptions in step 7..
SBY  3:57:22 [formal_ctr_safety_kind] engine_0.basecase: ##   0:00:00  Checking assertions in step 7..
SBY  3:57:22 [formal_ctr_safety_kind] engine_0.induction: ##   0:00:00  Solver: yices
SBY  3:57:22 [formal_ctr_safety_kind] engine_0.basecase: ##   0:00:00  Checking assumptions in step 8..
SBY  3:57:22 [formal_ctr_safety_kind] engine_0.basecase: ##   0:00:00  Checking assertions in step 8..
SBY  3:57:22 [formal_ctr_safety] engine_0: 12 : 0 2 1 2 1 2 1 2 1 2 1 2 2 ~1                                         1    14      0.02 sec  T/O =  0  PRV =  0
SBY  3:57:22 [formal_ctr_safety_kind] engine_0.basecase: ##   0:00:00  Checking assumptions in step 9..
SBY  3:57:22 [formal_ctr_safety_kind] engine_0.basecase: ##   0:00:00  Checking assertions in step 9..
SBY  3:57:22 [formal_ctr_safety_kind] engine_0.induction: ##   0:00:00  Trying induction in step 20..
SBY  3:57:22 [formal_ctr_safety_kind] engine_0.basecase: ##   0:00:00  Checking assumptions in step 10..
SBY  3:57:22 [formal_ctr_safety_kind] engine_0.basecase: ##   0:00:00  Checking assertions in step 10..
SBY  3:57:22 [formal_ctr_safety_kind] engine_0.induction: ##   0:00:00  Trying induction in step 19..
SBY  3:57:22 [formal_ctr_safety] engine_0: 13 : 0 2 1 2 1 2 1 2 1 2 1 2 2 2 ~1                                       1    14      0.02 sec  T/O =  0  PRV =  0
SBY  3:57:22 [formal_ctr_safety_kind] engine_0.basecase: ##   0:00:00  Checking assumptions in step 11..
SBY  3:57:22 [formal_ctr_safety_kind] engine_0.basecase: ##   0:00:00  Checking assertions in step 11..
SBY  3:57:22 [formal_ctr_safety_kind] engine_0.induction: ##   0:00:00  Trying induction in step 18..
SBY  3:57:22 [formal_ctr_safety_kind] engine_0.basecase: ##   0:00:00  Checking assumptions in step 12..
SBY  3:57:22 [formal_ctr_safety_kind] engine_0.induction: ##   0:00:00  Trying induction in step 17..
SBY  3:57:22 [formal_ctr_safety_kind] engine_0.basecase: ##   0:00:00  Checking assertions in step 12..
SBY  3:57:22 [formal_ctr_safety_kind] engine_0.induction: ##   0:00:00  Trying induction in step 16..
SBY  3:57:22 [formal_ctr_safety_kind] engine_0.basecase: ##   0:00:00  Checking assumptions in step 13..
SBY  3:57:22 [formal_ctr_safety_kind] engine_0.basecase: ##   0:00:00  Checking assertions in step 13..
SBY  3:57:22 [formal_ctr_safety] engine_0: 14 : 0 2 1 2 1 2 1 2 1 2 1 2 3 3 5 ~1                                     4    14      0.03 sec  T/O =  0  PRV =  0
SBY  3:57:22 [formal_ctr_safety_kind] engine_0.induction: ##   0:00:00  Trying induction in step 15..
SBY  3:57:22 [formal_ctr_safety_kind] engine_0.basecase: ##   0:00:00  Checking assumptions in step 14..
SBY  3:57:22 [formal_ctr_safety_kind] engine_0.induction: ##   0:00:00  Trying induction in step 14..
SBY  3:57:22 [formal_ctr_safety_kind] engine_0.basecase: ##   0:00:00  Checking assertions in step 14..
SBY  3:57:22 [formal_ctr_safety_kind] engine_0.induction: ##   0:00:00  Trying induction in step 13..
SBY  3:57:22 [formal_ctr_safety_kind] engine_0.basecase: ##   0:00:00  Checking assumptions in step 15..
SBY  3:57:22 [formal_ctr_safety] engine_0: 15 : 0 2 1 2 1 2 1 2 1 2 1 2 2 1 2 3 ~1                                   0    14      0.03 sec  T/O =  0  PRV =  0
SBY  3:57:22 [formal_ctr_safety_kind] engine_0.basecase: ##   0:00:00  Checking assertions in step 15..
SBY  3:57:22 [formal_ctr_safety_kind] engine_0.induction: ##   0:00:00  Trying induction in step 12..
SBY  3:57:22 [formal_ctr_safety_kind] engine_0.induction: ##   0:00:00  Trying induction in step 11..
SBY  3:57:22 [formal_ctr_safety_kind] engine_0.basecase: ##   0:00:00  Checking assumptions in step 16..
SBY  3:57:22 [formal_ctr_safety_kind] engine_0.basecase: ##   0:00:00  Checking assertions in step 16..
SBY  3:57:22 [formal_ctr_safety] engine_0: 16 : 0 2 1 2 1 2 1 2 1 2 1 2 2 1 2 2 2 ~1                                 1    14      0.03 sec  T/O =  0  PRV =  0
SBY  3:57:22 [formal_ctr_safety_kind] engine_0.induction: ##   0:00:00  Trying induction in step 10..
SBY  3:57:22 [formal_ctr_safety_kind] engine_0.basecase: ##   0:00:00  Checking assumptions in step 17..
SBY  3:57:22 [formal_ctr_safety_kind] engine_0.basecase: ##   0:00:00  Checking assertions in step 17..
SBY  3:57:22 [formal_ctr_safety_kind] engine_0.induction: ##   0:00:00  Trying induction in step 9..
SBY  3:57:22 [formal_ctr_safety_kind] engine_0.basecase: ##   0:00:00  Checking assumptions in step 18..
SBY  3:57:22 [formal_ctr_safety_kind] engine_0.induction: ##   0:00:00  Trying induction in step 8..
SBY  3:57:22 [formal_ctr_safety_kind] engine_0.basecase: ##   0:00:00  Checking assertions in step 18..
SBY  3:57:22 [formal_ctr_safety] engine_0: 17 : 0 2 1 2 1 2 1 2 1 2 1 2 2 1 2 3 3 4 ~1                               3    14      0.03 sec  T/O =  0  PRV =  0
SBY  3:57:22 [formal_ctr_safety_kind] engine_0.induction: ##   0:00:00  Trying induction in step 7..
SBY  3:57:22 [formal_ctr_safety_kind] engine_0.induction: ##   0:00:00  Trying induction in step 6..
SBY  3:57:22 [formal_ctr_safety_kind] engine_0.basecase: ##   0:00:00  Checking assumptions in step 19..
SBY  3:57:22 [formal_ctr_safety_kind] engine_0.induction: ##   0:00:00  Trying induction in step 5..
SBY  3:57:22 [formal_ctr_safety_kind] engine_0.basecase: ##   0:00:00  Checking assertions in step 19..
SBY  3:57:22 [formal_ctr_safety_kind] engine_0.induction: ##   0:00:00  Trying induction in step 4..
SBY  3:57:22 [formal_ctr_safety_kind] engine_0.basecase: ##   0:00:00  Status: passed
SBY  3:57:22 [formal_ctr_safety] engine_0: 18 : 0 2 1 2 1 2 1 2 1 2 1 2 2 1 2 1 2 1 3 ~1                             0    14      0.03 sec  T/O =  0  PRV =  0
SBY  3:57:22 [formal_ctr_safety_kind] engine_0.induction: ##   0:00:00  Trying induction in step 3..
SBY  3:57:22 [formal_ctr_safety_kind] engine_0.induction: ##   0:00:00  Trying induction in step 2..
SBY  3:57:22 [formal_ctr_safety] engine_0: 19 : 0 2 1 2 1 2 1 2 1 2 1 2 2 1 2 1 2 1 2 2 ~1                           1    14      0.04 sec  T/O =  0  PRV =  0
SBY  3:57:22 [formal_ctr_safety_kind] engine_0.induction: ##   0:00:00  Trying induction in step 1..
SBY  3:57:22 [formal_ctr_safety_kind] engine_0.induction: ##   0:00:00  Trying induction in step 0..
SBY  3:57:22 [formal_ctr_safety_kind] engine_0.induction: ##   0:00:00  Temporal induction failed!
SBY  3:57:22 [formal_ctr_safety_kind] engine_0.induction: ##   0:00:00  Assert failed in formal_ctr: formal_ctr.sv:7.26-7.45 (_witness_.check_assert_formal_ctr_sv_7_6)
SBY  3:57:22 [formal_ctr_safety_kind] engine_0.induction: ##   0:00:00  Writing trace to VCD file: engine_0/trace_induct.vcd
SBY  3:57:22 [formal_ctr_safety_kind] engine_0.induction: ##   0:00:00  Writing trace to Verilog testbench: engine_0/trace_induct_tb.v
SBY  3:57:22 [formal_ctr_safety_kind] engine_0.basecase: finished (returncode=0)
SBY  3:57:22 [formal_ctr_safety_kind] engine_0.basecase: Status returned by engine for basecase: pass
SBY  3:57:22 [formal_ctr_safety_kind] engine_0.induction: ##   0:00:00  Writing trace to constraints file: engine_0/trace_induct.smtc
SBY  3:57:22 [formal_ctr_safety] engine_0: 20 : 0 2 1 2 1 2 1 2 1 3 3 6 8 9 7 7 7 4 4 2 2 ~1                        21    14      0.04 sec  T/O =  0  PRV =  0
SBY  3:57:22 [formal_ctr_safety_kind] engine_0.induction: ##   0:00:00  Writing trace to Yosys witness file: engine_0/trace_induct.yw
SBY  3:57:22 [formal_ctr_safety_kind] engine_0.induction: ##   0:00:00  Status: failed
SBY  3:57:22 [formal_ctr_safety] engine_0: 20 : 0 2 2 3 2 3 2 3 2 4 4 7 9 10 8 8 8 8 8 6 8 ~1                       31    16      0.05 sec  T/O =  0  PRV =  0
SBY  3:57:22 [formal_ctr_safety] engine_0: 21 : 0 2 1 2 1 2 1 2 1 2 1 2 1 2 2 3 2 2 1 2 1 5 ~1                       0    16      0.05 sec  T/O =  0  PRV =  0
SBY  3:57:22 [formal_ctr_safety] engine_0: 22 : 0 2 1 2 1 2 1 2 1 2 1 2 1 2 2 2 2 2 1 2 1 2 3 ~1                     0    16      0.05 sec  T/O =  0  PRV =  0
SBY  3:57:22 [formal_ctr_safety] engine_0: 23 : 0 2 1 2 1 2 1 2 1 2 1 2 1 2 2 2 2 2 1 2 1 2 2 2 ~1                   1    16      0.05 sec  T/O =  0  PRV =  0
SBY  3:57:22 [formal_ctr_safety] engine_0: 24 : 0 2 1 2 1 2 1 2 1 2 1 2 1 2 2 2 2 2 1 2 1 2 2 2 2 ~1                 1    16      0.05 sec  T/O =  0  PRV =  0
SBY  3:57:22 [formal_ctr_safety_kind] engine_0.induction: finished (returncode=1)
SBY  3:57:22 [formal_ctr_safety_kind] engine_0.induction: Status returned by engine for induction: FAIL
SBY  3:57:22 [formal_ctr_safety_kind] summary: Elapsed clock time [H:MM:SS (secs)]: 0:00:00 (0)
SBY  3:57:22 [formal_ctr_safety_kind] summary: Elapsed process time [H:MM:SS (secs)]: 0:00:00 (0)
SBY  3:57:22 [formal_ctr_safety_kind] summary: engine_0 (smtbmc yices) returned pass for basecase
SBY  3:57:22 [formal_ctr_safety_kind] summary: engine_0 (smtbmc yices) returned FAIL for induction
SBY  3:57:22 [formal_ctr_safety_kind] summary: counterexample trace [induction]: formal_ctr_safety_kind/engine_0/trace_induct.vcd
SBY  3:57:22 [formal_ctr_safety_kind] summary:   failed assertion formal_ctr._witness_.check_assert_formal_ctr_sv_7_6 at formal_ctr.sv:7.26-7.45
SBY  3:57:22 [formal_ctr_safety_kind] DONE (UNKNOWN, rc=4)
SBY  3:57:22 [formal_ctr_safety] engine_0: 25 : 0 2 1 2 1 2 1 2 1 2 1 2 1 2 2 2 2 2 1 2 1 2 2 3 3 5 ~1               4    16      0.06 sec  T/O =  0  PRV =  0
SBY  3:57:22 [formal_ctr_safety] engine_0: 26 : 0 2 1 2 1 2 1 2 1 2 1 2 1 2 2 2 2 2 1 2 1 2 2 2 1 2 3 ~1             0    16      0.06 sec  T/O =  0  PRV =  0
SBY  3:57:22 [formal_ctr_safety] engine_0: 27 : 0 2 1 2 1 2 1 2 1 2 1 2 1 2 2 2 2 2 1 2 1 2 2 2 1 2 2 2 ~1           1    16      0.06 sec  T/O =  0  PRV =  0
SBY  3:57:22 [formal_ctr_safety] engine_0: 28 : ... 2 1 2 1 2 1 2 1 2 1 2 1 2 2 2 2 2 1 2 1 2 2 2 1 2 3 3 4 ~1       3    16      0.06 sec  T/O =  0  PRV =  0
SBY  3:57:22 [formal_ctr_safety] engine_0: 29 : ... 1 2 1 2 1 2 1 2 1 2 1 2 2 2 2 2 1 2 1 2 2 2 1 2 1 2 1 3 ~1       0    16      0.07 sec  T/O =  0  PRV =  0
SBY  3:57:22 [formal_ctr_safety] engine_0: 30 : ... 2 1 2 1 2 1 2 1 2 1 2 2 2 2 2 1 2 1 2 2 2 1 2 1 2 1 2 2 ~1       1    16      0.07 sec  T/O =  0  PRV =  0
SBY  3:57:22 [formal_ctr_safety] engine_0: 31 : ... 1 2 1 2 1 2 1 2 1 2 2 2 2 2 1 2 1 2 3 5 8 10 7 9 7 9 2 2 ~1     16    16      0.07 sec  T/O =  0  PRV =  0
SBY  3:57:22 [formal_ctr_safety] engine_0: 31 : ... 2 1 2 1 2 1 2 1 2 2 2 2 2 1 2 1 2 3 5 8 10 7 9 7 10 6 8 ~1       8    16      0.08 sec  T/O =  0  PRV =  0
SBY  3:57:22 [formal_ctr_safety] engine_0: 32 : ... 2 1 2 1 2 1 2 1 2 2 2 2 2 1 2 1 2 1 2 1 2 1 2 1 2 2 1 5 ~1       0    16      0.08 sec  T/O =  0  PRV =  0
SBY  3:57:22 [formal_ctr_safety] engine_0: 33 : ... 1 2 1 2 1 2 1 2 2 2 2 2 1 2 1 2 1 2 1 2 1 2 1 2 2 1 2 3 ~1       0    16      0.08 sec  T/O =  0  PRV =  0
SBY  3:57:22 [formal_ctr_safety] engine_0: 34 : ... 2 1 2 1 2 1 2 2 2 2 2 1 2 1 2 1 2 1 2 1 2 1 2 2 1 2 2 2 ~1       1    16      0.08 sec  T/O =  0  PRV =  0
SBY  3:57:22 [formal_ctr_safety] engine_0: 35 : ... 1 2 1 2 1 2 2 2 2 2 1 2 1 2 1 2 1 2 1 2 1 2 2 1 2 2 2 2 ~1       1    16      0.08 sec  T/O =  0  PRV =  0
SBY  3:57:22 [formal_ctr_safety] engine_0: 36 : ... 2 1 2 1 2 2 2 2 2 1 2 1 2 1 2 1 2 1 2 1 2 2 1 2 2 3 3 5 ~1       4    16      0.09 sec  T/O =  0  PRV =  0
SBY  3:57:22 [formal_ctr_safety] engine_0: 37 : ... 1 2 1 2 2 2 2 2 1 2 1 2 1 2 1 2 1 2 1 2 2 1 2 2 2 1 2 3 ~1       0    16      0.09 sec  T/O =  0  PRV =  0
SBY  3:57:22 [formal_ctr_safety] engine_0: 38 : ... 2 1 2 2 2 2 2 1 2 1 2 1 2 1 2 1 2 1 2 2 1 2 2 2 1 2 2 2 ~1       1    16      0.09 sec  T/O =  0  PRV =  0
SBY  3:57:22 [formal_ctr_safety] engine_0: 39 : ... 1 2 2 2 2 2 1 2 1 2 1 2 1 2 1 2 1 2 2 1 2 2 2 1 2 3 3 4 ~1       3    16      0.09 sec  T/O =  0  PRV =  0
SBY  3:57:22 [formal_ctr_safety] engine_0: 40 : ... 2 2 2 2 2 1 2 1 2 1 2 1 2 1 2 1 2 2 1 2 2 2 1 2 1 2 1 3 ~1       0    16      0.10 sec  T/O =  0  PRV =  0
SBY  3:57:22 [formal_ctr_safety] engine_0: 41 : ... 2 2 2 2 1 2 1 2 1 2 1 2 1 2 1 2 2 1 2 2 2 1 2 1 2 1 2 2 ~1       1    16      0.10 sec  T/O =  0  PRV =  0
SBY  3:57:22 [formal_ctr_safety] engine_0: 42 : ... 2 2 2 1 2 1 2 1 2 1 2 1 2 1 2 3 3 4 4 5 7 9 6 8 6 7 2 2 ~1      20    16      0.11 sec  T/O =  0  PRV =  0
SBY  3:57:22 [formal_ctr_safety] engine_0: 42 : ... 4 5 5 2 3 2 4 2 3 1 2 1 2 1 2 3 3 5 4 6 7 9 6 8 6 7 2 2 ~1      60    18      0.11 sec  T/O =  0  PRV =  0
SBY  3:57:22 [formal_ctr_safety] engine_0: 42 : ... 4 5 5 2 3 3 5 3 4 2 3 2 3 2 3 4 4 6 5 7 8 10 7 9 7 9 7 8 ~1     38    18      0.12 sec  T/O =  0  PRV =  0
SBY  3:57:22 [formal_ctr_safety] engine_0: 43 : ... 2 1 2 2 1 1 2 1 2 1 1 2 1 1 2 1 2 3 2 1 1 2 1 2 1 2 2 5 ~1       0    18      0.12 sec  T/O =  0  PRV =  0
SBY  3:57:22 [formal_ctr_safety] engine_0: 44 : ... 1 2 2 1 1 2 1 2 1 1 2 1 1 2 1 2 2 2 1 1 2 1 2 1 2 2 2 3 ~1       0    18      0.12 sec  T/O =  0  PRV =  0
SBY  3:57:22 [formal_ctr_safety] engine_0: 45 : ... 2 2 1 1 2 1 2 1 1 2 1 1 2 1 2 2 2 1 1 2 1 2 1 2 2 2 2 2 ~1       1    18      0.12 sec  T/O =  0  PRV =  0
SBY  3:57:22 [formal_ctr_safety] engine_0: 46 : ... 2 1 1 2 1 2 1 1 2 1 1 2 1 2 2 2 1 1 2 1 2 1 2 2 2 2 2 2 ~1       1    18      0.13 sec  T/O =  0  PRV =  0
SBY  3:57:22 [formal_ctr_safety] engine_0: 47 : ... 1 1 2 1 2 1 1 2 1 1 2 1 2 2 2 1 1 2 1 2 1 2 2 2 2 3 3 5 ~1       4    18      0.13 sec  T/O =  0  PRV =  0
SBY  3:57:22 [formal_ctr_safety] engine_0: 48 : ... 1 2 1 2 1 1 2 1 1 2 1 2 2 2 1 1 2 1 2 1 2 2 2 2 2 1 2 3 ~1       0    18      0.13 sec  T/O =  0  PRV =  0
SBY  3:57:22 [formal_ctr_safety] engine_0: 49 : ... 2 1 2 1 1 2 1 1 2 1 2 2 2 1 1 2 1 2 1 2 2 2 2 2 1 2 2 2 ~1       1    18      0.13 sec  T/O =  0  PRV =  0
SBY  3:57:22 [formal_ctr_safety] engine_0: 50 : ... 1 2 1 1 2 1 1 2 1 2 2 2 1 1 2 1 2 1 2 2 2 2 2 1 2 3 3 4 ~1       3    18      0.14 sec  T/O =  0  PRV =  0
SBY  3:57:22 [formal_ctr_safety] engine_0: 51 : ... 2 1 1 2 1 1 2 1 2 2 2 1 1 2 1 2 1 2 2 2 2 2 1 2 1 2 1 3 ~1       0    18      0.14 sec  T/O =  0  PRV =  0
SBY  3:57:22 [formal_ctr_safety] engine_0: 52 : ... 1 1 2 1 1 2 1 2 2 2 1 1 2 1 2 1 2 2 2 2 2 1 2 1 2 1 2 2 ~1       1    18      0.14 sec  T/O =  0  PRV =  0
SBY  3:57:22 [formal_ctr_safety] engine_0: 53 : ... 1 2 1 1 2 1 2 2 2 1 1 2 1 2 1 2 2 2 3 7 8 8 8 8 7 7 2 2 ~1      17    18      0.15 sec  T/O =  0  PRV =  0
SBY  3:57:22 [formal_ctr_safety] engine_0: 53 : ... 1 2 1 1 2 1 2 2 2 1 1 2 1 2 1 2 2 2 3 7 8 8 8 8 8 8 6 8 ~1      10    18      0.15 sec  T/O =  0  PRV =  0
SBY  3:57:22 [formal_ctr_safety] engine_0: 54 : ... 2 1 1 2 1 2 2 2 1 1 2 1 2 1 2 2 2 2 1 2 1 2 1 2 1 2 1 5 ~1       0    18      0.15 sec  T/O =  0  PRV =  0
SBY  3:57:22 [formal_ctr_safety] engine_0: 55 : ... 1 1 2 1 2 2 2 1 1 2 1 2 1 2 2 2 2 1 2 1 2 1 2 1 2 1 2 3 ~1       0    18      0.16 sec  T/O =  0  PRV =  0
SBY  3:57:22 [formal_ctr_safety] engine_0: 56 : ... 1 2 1 2 2 2 1 1 2 1 2 1 2 2 2 2 1 2 1 2 1 2 1 2 1 2 2 2 ~1       1    18      0.16 sec  T/O =  0  PRV =  0
SBY  3:57:22 [formal_ctr_safety] engine_0: 57 : ... 2 1 2 2 2 1 1 2 1 2 1 2 2 2 2 1 2 1 2 1 2 1 2 1 2 2 2 2 ~1       1    18      0.16 sec  T/O =  0  PRV =  0
SBY  3:57:22 [formal_ctr_safety] engine_0: 58 : ... 1 2 2 2 1 1 2 1 2 1 2 2 2 2 1 2 1 2 1 2 1 2 1 2 2 3 3 5 ~1       4    18      0.17 sec  T/O =  0  PRV =  0
SBY  3:57:22 [formal_ctr_safety] engine_0: 59 : ... 2 2 2 1 1 2 1 2 1 2 2 2 2 1 2 1 2 1 2 1 2 1 2 2 2 1 2 3 ~1       0    18      0.17 sec  T/O =  0  PRV =  0
SBY  3:57:22 [formal_ctr_safety] engine_0: 60 : ... 2 2 1 1 2 1 2 1 2 2 2 2 1 2 1 2 1 2 1 2 1 2 2 2 1 2 2 2 ~1       1    18      0.17 sec  T/O =  0  PRV =  0
SBY  3:57:22 [formal_ctr_safety] engine_0: 61 : ... 2 1 1 2 1 2 1 2 2 2 2 1 2 1 2 1 2 1 2 1 2 2 2 1 2 3 3 4 ~1       3    18      0.17 sec  T/O =  0  PRV =  0
SBY  3:57:22 [formal_ctr_safety] engine_0: 62 : ... 1 1 2 1 2 1 2 2 2 2 1 2 1 2 1 2 1 2 1 2 2 2 1 2 1 2 1 3 ~1       0    18      0.18 sec  T/O =  0  PRV =  0
SBY  3:57:22 [formal_ctr_safety] engine_0: 63 : ... 1 2 1 2 1 2 2 2 2 1 2 1 2 1 2 1 2 1 2 2 2 1 2 1 2 1 2 2 ~1       1    18      0.18 sec  T/O =  0  PRV =  0
SBY  3:57:22 [formal_ctr_safety] engine_0: 64 : ... 2 1 2 1 2 2 2 2 1 2 1 2 1 2 1 2 2 4 4 6 7 9 6 8 6 7 2 2 ~1      20    18      0.19 sec  T/O =  0  PRV =  0
SBY  3:57:22 [formal_ctr_safety] engine_0: 64 : ... 1 2 1 2 2 2 2 2 3 2 3 2 3 2 3 3 5 5 7 8 10 7 9 7 10 6 8 ~1      30    18      0.19 sec  T/O =  0  PRV =  0
SBY  3:57:22 [formal_ctr_safety] engine_0: 65 : ... 1 2 1 2 2 2 2 1 2 1 2 1 2 1 2 1 2 1 2 2 1 2 2 1 2 2 1 5 ~1       0    18      0.20 sec  T/O =  0  PRV =  0
SBY  3:57:22 [formal_ctr_safety] engine_0: 66 : ... 2 1 2 2 2 2 1 2 1 2 1 2 1 2 1 2 1 2 2 1 2 2 1 2 2 1 2 3 ~1       0    18      0.20 sec  T/O =  0  PRV =  0
SBY  3:57:22 [formal_ctr_safety] engine_0: 67 : ... 1 2 2 2 2 1 2 1 2 1 2 1 2 1 2 1 2 2 1 2 2 1 2 2 1 2 2 2 ~1       1    18      0.20 sec  T/O =  0  PRV =  0
SBY  3:57:22 [formal_ctr_safety] engine_0: 68 : ... 2 2 2 2 1 2 1 2 1 2 1 2 1 2 1 2 2 1 2 2 1 2 2 1 2 2 2 2 ~1       1    18      0.21 sec  T/O =  0  PRV =  0
SBY  3:57:22 [formal_ctr_safety] engine_0: 69 : ... 2 2 2 1 2 1 2 1 2 1 2 1 2 1 2 2 1 2 2 1 2 2 1 2 2 3 3 5 ~1       4    18      0.21 sec  T/O =  0  PRV =  0
SBY  3:57:22 [formal_ctr_safety] engine_0: 70 : ... 2 2 1 2 1 2 1 2 1 2 1 2 1 2 2 1 2 2 1 2 2 1 2 2 2 1 2 3 ~1       0    18      0.21 sec  T/O =  0  PRV =  0
SBY  3:57:22 [formal_ctr_safety] engine_0: 71 : ... 2 1 2 1 2 1 2 1 2 1 2 1 2 2 1 2 2 1 2 2 1 2 2 2 1 2 2 2 ~1       1    18      0.22 sec  T/O =  0  PRV =  0
SBY  3:57:22 [formal_ctr_safety] engine_0: 72 : ... 1 2 1 2 1 2 1 2 1 2 1 2 2 1 2 2 1 2 2 1 2 2 2 1 2 3 3 4 ~1       3    18      0.22 sec  T/O =  0  PRV =  0
SBY  3:57:22 [formal_ctr_safety] engine_0: 73 : ... 2 1 2 1 2 1 2 1 2 1 2 2 1 2 2 1 2 2 1 2 2 2 1 2 1 2 1 3 ~1       0    18      0.22 sec  T/O =  0  PRV =  0
SBY  3:57:22 [formal_ctr_safety] engine_0: 74 : ... 1 2 1 2 1 2 1 2 1 2 2 1 2 2 1 2 2 1 2 2 2 1 2 1 2 1 2 2 ~1       1    18      0.23 sec  T/O =  0  PRV =  0
SBY  3:57:22 [formal_ctr_safety] engine_0: 75 : ... 2 1 2 1 2 1 2 1 2 2 1 2 2 1 2 2 1 2 3 5 8 10 7 9 7 9 2 2 ~1     16    18      0.24 sec  T/O =  0  PRV =  0
SBY  3:57:22 [formal_ctr_safety] engine_0: 75 : ... 1 2 1 2 1 2 1 2 2 1 2 2 1 2 2 1 2 3 5 8 10 7 9 7 10 6 8 ~1       8    18      0.24 sec  T/O =  0  PRV =  0
SBY  3:57:22 [formal_ctr_safety] engine_0: 76 : ... 1 2 1 2 1 2 1 2 2 1 2 2 1 2 2 1 2 1 2 1 2 1 2 1 2 2 1 5 ~1       0    18      0.24 sec  T/O =  0  PRV =  0
SBY  3:57:22 [formal_ctr_safety] engine_0: 77 : ... 2 1 2 1 2 1 2 2 1 2 2 1 2 2 1 2 1 2 1 2 1 2 1 2 2 1 2 3 ~1       0    18      0.24 sec  T/O =  0  PRV =  0
SBY  3:57:22 [formal_ctr_safety] engine_0: 78 : ... 1 2 1 2 1 2 2 1 2 2 1 2 2 1 2 1 2 1 2 1 2 1 2 2 1 2 2 2 ~1       1    18      0.25 sec  T/O =  0  PRV =  0
SBY  3:57:22 [formal_ctr_safety] engine_0: 79 : ... 2 1 2 1 2 2 1 2 2 1 2 2 1 2 1 2 1 2 1 2 1 2 2 1 2 2 2 2 ~1       1    18      0.25 sec  T/O =  0  PRV =  0
SBY  3:57:22 [formal_ctr_safety] engine_0: 80 : ... 1 2 1 2 2 1 2 2 1 2 2 1 2 1 2 1 2 1 2 1 2 2 1 2 2 3 3 5 ~1       4    18      0.25 sec  T/O =  0  PRV =  0
SBY  3:57:22 [formal_ctr_safety] engine_0: 81 : ... 2 1 2 2 1 2 2 1 2 2 1 2 1 2 1 2 1 2 1 2 2 1 2 2 2 1 2 3 ~1       0    18      0.26 sec  T/O =  0  PRV =  0
SBY  3:57:22 [formal_ctr_safety] engine_0: 82 : ... 1 2 2 1 2 2 1 2 2 1 2 1 2 1 2 1 2 1 2 2 1 2 2 2 1 2 2 2 ~1       1    18      0.26 sec  T/O =  0  PRV =  0
SBY  3:57:22 [formal_ctr_safety] engine_0: 83 : ... 2 2 1 2 2 1 2 2 1 2 1 2 1 2 1 2 1 2 2 1 2 2 2 1 2 3 3 4 ~1       3    18      0.26 sec  T/O =  0  PRV =  0
SBY  3:57:22 [formal_ctr_safety] engine_0: 84 : ... 2 1 2 2 1 2 2 1 2 1 2 1 2 1 2 1 2 2 1 2 2 2 1 2 1 2 1 3 ~1       0    18      0.27 sec  T/O =  0  PRV =  0
SBY  3:57:22 [formal_ctr_safety] engine_0: 85 : ... 1 2 2 1 2 2 1 2 1 2 1 2 1 2 1 2 2 1 2 2 2 1 2 1 2 1 2 2 ~1       1    18      0.27 sec  T/O =  0  PRV =  0
SBY  3:57:22 [formal_ctr_safety] engine_0: 86 : ... 2 2 1 2 2 1 2 1 2 1 2 1 2 1 2 2 2 4 4 6 7 9 6 8 6 7 2 2 ~1      20    18      0.28 sec  T/O =  0  PRV =  0
SBY  3:57:22 [formal_ctr_safety] engine_0: 86 : ... 2 3 1 2 3 2 4 2 3 1 2 1 2 1 2 3 2 4 4 6 7 9 6 8 6 7 2 2 ~1      79    18      0.29 sec  T/O =  0  PRV =  0
SBY  3:57:22 [formal_ctr_safety] engine_0: 86 : ... 2 3 1 2 3 2 4 2 3 1 2 1 2 1 2 3 2 4 4 6 7 9 6 8 6 7 2 2 ~1     122    20      0.29 sec  T/O =  0  PRV =  0
SBY  3:57:22 [formal_ctr_safety] engine_0: 86 : ... 3 4 2 3 3 2 4 2 3 1 2 1 2 1 2 3 2 4 4 6 7 9 6 8 6 7 2 2 ~1      99    20      0.30 sec  T/O =  0  PRV =  0
SBY  3:57:22 [formal_ctr_safety] engine_0: 86 : ... 3 4 2 3 4 3 5 3 4 2 3 2 3 2 3 4 3 5 5 7 8 10 7 9 7 8 3 4 ~1     40    20      0.30 sec  T/O =  0  PRV =  0
SBY  3:57:22 [formal_ctr_safety] engine_0: 87 : ... 1 2 2 1 2 1 2 1 2 1 1 2 1 0 0 0 0 0 0 0 0 0 0 0 0 0 0 12 ~1      0    20      0.30 sec  T/O =  0  PRV =  0
SBY  3:57:22 [formal_ctr_safety] engine_0: Proved output 0 in frame 376294496 (converged).
SBY  3:57:22 [formal_ctr_safety] engine_0: Block =   66  Oblig =  1681  Clause =   777  Call = 14087 (sat=68.7%)  Cex =   0  Start =   0
SBY  3:57:22 [formal_ctr_safety] engine_0: SAT solving =     0.15 sec ( 48.63 %)
SBY  3:57:22 [formal_ctr_safety] engine_0: unsat     =     0.01 sec (  3.28 %)
SBY  3:57:22 [formal_ctr_safety] engine_0: sat       =     0.14 sec ( 45.35 %)
SBY  3:57:22 [formal_ctr_safety] engine_0: Generalize  =     0.06 sec ( 18.00 %)
SBY  3:57:22 [formal_ctr_safety] engine_0: Push clause =     0.09 sec ( 29.32 %)
SBY  3:57:22 [formal_ctr_safety] engine_0: Ternary sim =     0.00 sec (  0.98 %)
SBY  3:57:22 [formal_ctr_safety] engine_0: Containment =     0.00 sec (  0.09 %)
SBY  3:57:22 [formal_ctr_safety] engine_0: CNF compute =     0.00 sec (  1.40 %)
SBY  3:57:22 [formal_ctr_safety] engine_0: Refinement  =     0.00 sec (  0.00 %)
SBY  3:57:22 [formal_ctr_safety] engine_0: TOTAL       =     0.31 sec (100.00 %)
SBY  3:57:22 [formal_ctr_safety] engine_0: Property proved.  Time =     0.32 sec
SBY  3:57:22 [formal_ctr_safety] engine_0: Counter-example is not available.
SBY  3:57:22 [formal_ctr_safety] engine_0: finished (returncode=0)
SBY  3:57:22 [formal_ctr_safety] engine_0: Status returned by engine: PASS
SBY  3:57:22 [formal_ctr_safety] summary: Elapsed clock time [H:MM:SS (secs)]: 0:00:00 (0)
SBY  3:57:22 [formal_ctr_safety] summary: Elapsed process time [H:MM:SS (secs)]: 0:00:01 (1)
SBY  3:57:22 [formal_ctr_safety] summary: engine_0 (abc pdr) returned PASS
SBY  3:57:22 [formal_ctr_safety] summary: engine_0 did not produce any traces
SBY  3:57:22 [formal_ctr_safety] DONE (PASS, rc=0)
SBY  3:57:22 The following tasks failed: ['safety_kind']
