
===========================================================================
report_checks -unconstrained
===========================================================================
======================= nom_tt_025C_5v00 Corner ===================================

Startpoint: f0 (rising edge-triggered flip-flop clocked by clk)
Endpoint: f1 (rising edge-triggered flip-flop clocked by clk)
Path Group: clk
Path Type: max

Fanout         Cap        Slew       Delay        Time   Description
---------------------------------------------------------------------------------------------
                      0.000000    0.000000    0.000000   clock clk (rise edge)
                                  0.000000    0.000000   clock network delay (ideal)
                      0.000000    0.000000    0.000000 ^ f0/CLK (gf180mcu_fd_sc_mcu7t5v0__dffq_1)
     1    0.004736    0.147525    0.710817    0.710817 ^ f0/Q (gf180mcu_fd_sc_mcu7t5v0__dffq_1)
                                                         q0 (net)
                      0.147525    0.000000    0.710817 ^ i0/I (gf180mcu_fd_sc_mcu7t5v0__inv_1)
     1    0.002389    0.074603    0.063569    0.774386 v i0/ZN (gf180mcu_fd_sc_mcu7t5v0__inv_1)
                                                         n0 (net)
                      0.074603    0.000000    0.774386 v f1/D (gf180mcu_fd_sc_mcu7t5v0__dffq_1)
                                              0.774386   data arrival time

                      0.000000   10.000000   10.000000   clock clk (rise edge)
                                  0.000000   10.000000   clock network delay (ideal)
                                  0.000000   10.000000   clock reconvergence pessimism
                                             10.000000 ^ f1/CLK (gf180mcu_fd_sc_mcu7t5v0__dffq_1)
                                 -0.239365    9.760635   library setup time
                                              9.760635   data required time
---------------------------------------------------------------------------------------------
                                              9.760635   data required time
                                             -0.774386   data arrival time
---------------------------------------------------------------------------------------------
                                              8.986249   slack (MET)




===========================================================================
report_checks --slack_max -0.01
============================================================================
======================= nom_tt_025C_5v00 Corner ===================================

No paths found.


===========================================================================
 report_check_types -max_slew -max_cap -max_fanout -violators
============================================================================
======================= nom_tt_025C_5v00 Corner ===================================



===========================================================================
report_parasitic_annotation -report_unannotated
============================================================================
Found 5 unannotated drivers.
 a
 clk
 f0/Q
 f1/Q
 i0/ZN
Found 0 partially unannotated drivers.

===========================================================================
max slew violation count 0
max fanout violation count 0
max cap violation count 0
============================================================================

===========================================================================
check_setup -verbose -unconstrained_endpoints -multiple_clock -no_clock -no_input_delay -loops -generated_clocks
===========================================================================
Warning: There is 1 input port missing set_input_delay.
  a
Warning: There are 2 unconstrained endpoints.
  y
  f0/D
