OpenSTA 3.1.0 cdd8ae4d66 Copyright (c) 2026, Parallax Software, Inc.
License GPLv3: GNU GPL version 3 <http://gnu.org/licenses/gpl.html>

This is free software, and you are free to change and redistribute it
under certain conditions; type `show_copying' for details. 
This program comes with ABSOLUTELY NO WARRANTY; for details type `show_warranty'.
Startpoint: f0 (rising edge-triggered flip-flop clocked by clk)
Endpoint: f1 (rising edge-triggered flip-flop clocked by clk)
Path Group: clk
Path Type: max

  Delay    Time   Description
---------------------------------------------------------
   0.00    0.00   clock clk (rise edge)
   0.00    0.00   clock network delay (ideal)
   0.00    0.00 ^ f0/CLK (gf180mcu_fd_sc_mcu7t5v0__dffq_1)
   0.71    0.71 ^ f0/Q (gf180mcu_fd_sc_mcu7t5v0__dffq_1)
   0.06    0.77 v i0/ZN (gf180mcu_fd_sc_mcu7t5v0__inv_1)
   0.00    0.77 v f1/D (gf180mcu_fd_sc_mcu7t5v0__dffq_1)
           0.77   data arrival time

  10.00   10.00   clock clk (rise edge)
   0.00   10.00   clock network delay (ideal)
   0.00   10.00   clock reconvergence pessimism
          10.00 ^ f1/CLK (gf180mcu_fd_sc_mcu7t5v0__dffq_1)
  -0.24    9.76   library setup time
           9.76   data required time
---------------------------------------------------------
           9.76   data required time
          -0.77   data arrival time
---------------------------------------------------------
           8.99   slack (MET)


tns max 0.00
wns max 0.00
worst slack max 8.99
