
===========================================================================
report_checks -path_delay min (Hold)
============================================================================
======================= max_ff_n40C_5v50 Corner ===================================

Startpoint: _375_ (rising edge-triggered flip-flop clocked by clk)
Endpoint: _375_ (rising edge-triggered flip-flop clocked by clk)
Path Group: clk
Path Type: min

Fanout         Cap        Slew       Delay        Time   Description
---------------------------------------------------------------------------------------------
                                  0.000000    0.000000   clock clk (rise edge)
                                  0.000000    0.000000   clock source latency
     1    0.031616    0.106128    0.053981    0.053981 ^ clk (in)
                                                         clk (net)
                      0.106132    0.000000    0.053981 ^ clkbuf_0_clk/I (gf180mcu_fd_sc_mcu7t5v0__clkbuf_16)
    16    0.230549    0.180516    0.236009    0.289991 ^ clkbuf_0_clk/Z (gf180mcu_fd_sc_mcu7t5v0__clkbuf_16)
                                                         clknet_0_clk (net)
                      0.180733    0.005207    0.295197 ^ clkbuf_4_0_0_clk/I (gf180mcu_fd_sc_mcu7t5v0__clkbuf_8)
     2    0.051487    0.102828    0.199456    0.494653 ^ clkbuf_4_0_0_clk/Z (gf180mcu_fd_sc_mcu7t5v0__clkbuf_8)
                                                         clknet_4_0_0_clk (net)
                      0.102832    0.001159    0.495812 ^ clkbuf_5_0__f_clk/I (gf180mcu_fd_sc_mcu7t5v0__clkbuf_16)
     2    0.012201    0.051684    0.146540    0.642352 ^ clkbuf_5_0__f_clk/Z (gf180mcu_fd_sc_mcu7t5v0__clkbuf_16)
                                                         clknet_5_0__leaf_clk (net)
                      0.051684    0.000225    0.642577 ^ _375_/CLK (gf180mcu_fd_sc_mcu7t5v0__dffrnq_1)
     1    0.004722    0.072732    0.424878    1.067455 v _375_/Q (gf180mcu_fd_sc_mcu7t5v0__dffrnq_1)
                                                         dsa[30].last_carry (net)
                      0.072732    0.000048    1.067503 v _237_/I (gf180mcu_fd_sc_mcu7t5v0__clkinv_1)
     2    0.011570    0.151628    0.110819    1.178322 ^ _237_/ZN (gf180mcu_fd_sc_mcu7t5v0__clkinv_1)
                                                         _003_ (net)
                      0.151628    0.000172    1.178495 ^ _260_/A1 (gf180mcu_fd_sc_mcu7t5v0__oai21_1)
     1    0.004358    0.096656    0.077768    1.256263 v _260_/ZN (gf180mcu_fd_sc_mcu7t5v0__oai21_1)
                                                         dsa[30].last_carry_next (net)
                      0.096656    0.000081    1.256344 v _375_/D (gf180mcu_fd_sc_mcu7t5v0__dffrnq_1)
                                              1.256344   data arrival time

                                  0.000000    0.000000   clock clk (rise edge)
                                  0.000000    0.000000   clock source latency
     1    0.031616    0.106128    0.053981    0.053981 ^ clk (in)
                                                         clk (net)
                      0.106132    0.000000    0.053981 ^ clkbuf_0_clk/I (gf180mcu_fd_sc_mcu7t5v0__clkbuf_16)
    16    0.230549    0.180516    0.236009    0.289991 ^ clkbuf_0_clk/Z (gf180mcu_fd_sc_mcu7t5v0__clkbuf_16)
                                                         clknet_0_clk (net)
                      0.180733    0.005207    0.295197 ^ clkbuf_4_0_0_clk/I (gf180mcu_fd_sc_mcu7t5v0__clkbuf_8)
     2    0.051487    0.102828    0.199456    0.494653 ^ clkbuf_4_0_0_clk/Z (gf180mcu_fd_sc_mcu7t5v0__clkbuf_8)
                                                         clknet_4_0_0_clk (net)
                      0.102832    0.001159    0.495812 ^ clkbuf_5_0__f_clk/I (gf180mcu_fd_sc_mcu7t5v0__clkbuf_16)
     2    0.012201    0.051684    0.146540    0.642352 ^ clkbuf_5_0__f_clk/Z (gf180mcu_fd_sc_mcu7t5v0__clkbuf_16)
                                                         clknet_5_0__leaf_clk (net)
                      0.051684    0.000225    0.642577 ^ _375_/CLK (g