
===========================================================================
 report_power
============================================================================
======================= max_ff_n40C_5v50 Corner ===================================

Group                    Internal    Switching      Leakage        Total
                            Power        Power        Power        Power (Watts)
------------------------------------------------------------------------
Sequential           3.800276e-03 5.275421e-04 3.511789e-08 4.327853e-03  26.3%
Combinational        1.798377e-03 1.011212e-03 4.943838e-08 2.809639e-03  17.1%
Clock                7.502500e-03 1.787534e-03 6.741728e-08 9.290101e-03  56.6%
Macro                0.000000e+00 0.000000e+00 0.000000e+00 0.000000e+00   0.0%
Pad                  0.000000e+00 0.000000e+00 0.000000e+00 0.000000e+00   0.0%
------------------------------------------------------------------------
Total                1.310115e-02 3.326288e-03 1.519744e-07 1.642759e-02 100.0%
                            79.8%        20.2%         0.0%

