
===========================================================================
report_checks -path_delay max (Setup)
============================================================================
======================= nom_ss_125C_4v50 Corner ===================================

Startpoint: rst (input port clocked by clk)
Endpoint: _314_ (recovery check against rising-edge clock clk)
Path Group: asynchronous
Path Type: max

Fanout         Cap        Slew       Delay        Time   Description
---------------------------------------------------------------------------------------------
                      0.150000    0.000000    0.000000   clock clk (rise edge)
                                  0.000000    0.000000   clock network delay (ideal)
                                  4.800000    4.800000 ^ input external delay
    64    0.474240   13.388106    7.384605   12.184606 ^ rst (in)
                                                         rst (net)
                     13.388106    0.000000   12.184606 ^ _314_/RN (gf180mcu_fd_sc_mcu7t5v0__dffrnq_1)
                                             12.184606   data arrival time

                      0.150000   24.000000   24.000000   clock clk (rise edge)
                                  0.000000   24.000000   clock network delay (ideal)
                                 -0.250000   23.750000   clock uncertainty
                                  0.000000   23.750000   clock reconvergence pessimism
                                             23.750000 ^ _314_/CLK (gf180mcu_fd_sc_mcu7t5v0__dffrnq_1)
                                 -4.783031   18.966969   library recovery time
                                             18.966969   data required time
---------------------------------------------------------------------------------------------
                                             18.966969   data required time
                                            -12.184606   data arrival time
---------------------------------------------------------------------------------------------
                                              6.782363   slack (MET)


Startpoint: rst (input port clocked by clk)
Endpoint: _315_ (recovery check against rising-edge clock clk)
Path Group: asynchronous
Path Type: max

Fanout         Cap        Slew       Delay        Time   Description
---------------------------------------------------------------------------------------------
                      0.150000    0.000000    0.000000   clock clk (rise edge)
                                  0.000000    0.000000   clock network delay (ideal)
                                  4.800000    4.800000 ^ input external delay
    64    0.474240   13.388106    7.384605   12.184606 ^ rst (in)
                                                         rst (net)
                     13.388106    0.000000   12.184606 ^ _315_/RN (gf180mcu_fd_sc_mcu7t5v0__dffrnq_1)
                                             12.184606   data arrival time

                      0.150000   24.000000   24.000000   clock clk (rise edge)
                                  0.000000   24.000000   clock network delay (ideal)
                                 -0.250000   23.750000   clock uncertainty
                                  0.000000   23.750000   clock reconvergence pessimism
                                             23.750000 ^ _315_/CLK (gf180mcu_fd_sc_mcu7t5v0__dffrnq_1)
                                 -4.783031   18.966969   library recovery time
                                             18.966969   data required time
---------------------------------------------------------------------------------------------
                                             18.966969   data required time
                                            -12.184606   data arrival time
---------------------------------------------------------------------------------------------
                                              6.782363   slack (MET)


Startpoint: rst (input port clocked by clk)
Endpoint: _316_ (recovery check against rising-edge clock c