
===========================================================================
 report_power
============================================================================
======================= nom_ss_125C_4v50 Corner ===================================

Group                    Internal    Switching      Leakage        Total
                            Power        Power        Power        Power (Watts)
------------------------------------------------------------------------
Sequential           2.637890e-03 2.517376e-04 7.967510e-08 2.889707e-03  66.6%
Combinational        1.134414e-03 3.114482e-04 1.211897e-07 1.445983e-03  33.4%
Clock                0.000000e+00 0.000000e+00 0.000000e+00 0.000000e+00   0.0%
Macro                0.000000e+00 0.000000e+00 0.000000e+00 0.000000e+00   0.0%
Pad                  0.000000e+00 0.000000e+00 0.000000e+00 0.000000e+00   0.0%
------------------------------------------------------------------------
Total                3.772305e-03 5.631855e-04 2.008648e-07 4.335691e-03 100.0%
                            87.0%        13.0%         0.0%

