Clock: clk
Sources: clk 
Generated: no
Virtual: yes
Propagated: no
Period: 24.000000

===========================================================================
report_clock_properties
============================================================================
Clock                   Period          Waveform
----------------------------------------------------
clk                  24.000000    0.000000 12.000000

===========================================================================
report_clock_latency
============================================================================
Clock clk
rise -> rise
    min     max
0.000000 0.000000 source latency
0.624469         network latency _350_/CLK
        0.636043 network latency _317_/CLK
---------------
0.624469 0.636043 latency
        0.011574 skew

fall -> fall
    min     max
0.000000 0.000000 source latency
0.611719         network latency _350_/CLK
        0.624534 network latency _317_/CLK
---------------
0.611719 0.624534 latency
        0.012816 skew



===========================================================================
report_clock_min_period
============================================================================
clk period_min = 1.61 fmax = 620.28
