
===========================================================================
report_checks -unconstrained
===========================================================================
======================= nom_tt_025C_5v00 Corner ===================================

Startpoint: rst (input port clocked by clk)
Endpoint: _314_ (recovery check against rising-edge clock clk)
Path Group: asynchronous
Path Type: max

Fanout         Cap        Slew       Delay        Time   Description
---------------------------------------------------------------------------------------------
                      0.150000    0.000000    0.000000   clock clk (rise edge)
                                  0.000000    0.000000   clock network delay (ideal)
                                  4.800000    4.800000 ^ input external delay
    64    0.463744    7.701215    4.324244    9.124245 ^ rst (in)
                                                         rst (net)
                      7.701215    0.000000    9.124245 ^ _314_/RN (gf180mcu_fd_sc_mcu7t5v0__dffrnq_1)
                                              9.124245   data arrival time

                      0.150000   24.000000   24.000000   clock clk (rise edge)
                                  0.000000   24.000000   clock network delay (ideal)
                                 -0.250000   23.750000   clock uncertainty
                                  0.000000   23.750000   clock reconvergence pessimism
                                             23.750000 ^ _314_/CLK (gf180mcu_fd_sc_mcu7t5v0__dffrnq_1)
                                 -2.665516   21.084484   library recovery time
                                             21.084484   data required time
---------------------------------------------------------------------------------------------
                                             21.084484   data required time
                                             -9.124245   data arrival time
---------------------------------------------------------------------------------------------
                                             11.960239   slack (MET)


Startpoint: x (input port clocked by clk)
Endpoint: _315_ (rising edge-triggered flip-flop clocked by clk)
Path Group: clk
Path Type: max

Fanout         Cap        Slew       Delay        Time   Description
---------------------------------------------------------------------------------------------
                      0.150000    0.000000    0.000000   clock clk (rise edge)
                                  0.000000    0.000000   clock network delay (ideal)
                                  4.800000    4.800000 ^ input external delay
    95    0.443451    7.366809    4.135086    8.935086 ^ x (in)
                                                         x (net)
                      7.366809    0.000000    8.935086 ^ _261_/A1 (gf180mcu_fd_sc_mcu7t5v0__and3_1)
     2    0.007491    0.351010    0.755946    9.691032 ^ _261_/Z (gf180mcu_fd_sc_mcu7t5v0__and3_1)
                                                         dsa[0].last_carry_next (net)
                      0.351010    0.000000    9.691032 ^ _315_/D (gf180mcu_fd_sc_mcu7t5v0__dffrnq_1)
                                              9.691032   data arrival time

                      0.150000   24.000000   24.000000   clock clk (rise edge)
                                  0.000000   24.000000   clock network delay (ideal)
                                 -0.250000   23.750000   clock uncertainty
                                  0.000000   23.750000   clock reconvergence pessimism
                                             23.750000 ^ _315_/CLK (gf180mcu_fd_sc_mcu7t5v0__dffrnq_1)
                                 -0.337899   23.412102   library setup time
                                             23.412102   data required time
---------------------------------------------------------------------------------------------
                                             23.412102   data required time
                                             -9.691032   data arrival time
----------