
===========================================================================
 report_power
============================================================================
======================= nom_tt_025C_5v00 Corner ===================================

Group                    Internal    Switching      Leakage        Total
                            Power        Power        Power        Power (Watts)
------------------------------------------------------------------------
Sequential           3.301803e-03 3.056175e-04 2.958673e-08 3.607450e-03  66.5%
Combinational        1.438490e-03 3.793454e-04 2.493141e-08 1.817860e-03  33.5%
Clock                0.000000e+00 0.000000e+00 0.000000e+00 0.000000e+00   0.0%
Macro                0.000000e+00 0.000000e+00 0.000000e+00 0.000000e+00   0.0%
Pad                  0.000000e+00 0.000000e+00 0.000000e+00 0.000000e+00   0.0%
------------------------------------------------------------------------
Total                4.740295e-03 6.849637e-04 5.451815e-08 5.425313e-03 100.0%
                            87.4%        12.6%         0.0%

