Clock: clk
Sources: clk 
Generated: no
Virtual: yes
Propagated: no
Period: 24.000000

===========================================================================
report_clock_properties
============================================================================
Clock                   Period          Waveform
----------------------------------------------------
clk                  24.000000    0.000000 12.000000

===========================================================================
report_clock_latency
============================================================================
Clock clk
rise -> rise
    min     max
0.000000 0.000000 source latency
1.721111         network latency _364_/CLK
        1.748447 network latency _317_/CLK
---------------
1.721111 1.748447 latency
        0.027336 skew

fall -> fall
    min     max
0.000000 0.000000 source latency
1.704271         network latency _364_/CLK
        1.736630 network latency _317_/CLK
---------------
1.704271 1.736630 latency
        0.032359 skew



===========================================================================
report_clock_min_period
============================================================================
clk period_min = 4.77 fmax = 209.55
