Clock: clk
Sources: clk 
Generated: no
Virtual: yes
Propagated: no
Period: 24.000000

===========================================================================
report_clock_properties
============================================================================
Clock                   Period          Waveform
----------------------------------------------------
clk                  24.000000    0.000000 12.000000

===========================================================================
report_clock_latency
============================================================================
Clock clk
rise -> rise
    min     max
0.000000 0.000000 source latency
1.731195         network latency _364_/CLK
        1.762488 network latency _317_/CLK
---------------
1.731195 1.762488 latency
        0.031294 skew

fall -> fall
    min     max
0.000000 0.000000 source latency
1.713683         network latency _364_/CLK
        1.750727 network latency _317_/CLK
---------------
1.713683 1.750727 latency
        0.037043 skew



===========================================================================
report_clock_min_period
============================================================================
clk period_min = 4.82 fmax = 207.35
