
===========================================================================
report_checks -path_delay min (Hold)
============================================================================
======================= nom_ss_125C_4v50 Corner ===================================

Startpoint: _375_ (rising edge-triggered flip-flop clocked by clk)
Endpoint: _375_ (rising edge-triggered flip-flop clocked by clk)
Path Group: clk
Path Type: min

Fanout         Cap        Slew       Delay        Time   Description
---------------------------------------------------------------------------------------------
                                  0.000000    0.000000   clock clk (rise edge)
                                  0.000000    0.000000   clock source latency
     1    0.031016    0.274098    0.126533    0.126533 ^ clk (in)
                                                         clk (net)
                      0.274099    0.000000    0.126533 ^ clkbuf_0_clk/I (gf180mcu_fd_sc_mcu7t5v0__clkbuf_16)
    16    0.226334    0.476887    0.649817    0.776350 ^ clkbuf_0_clk/Z (gf180mcu_fd_sc_mcu7t5v0__clkbuf_16)
                                                         clknet_0_clk (net)
                      0.476909    0.004846    0.781196 ^ clkbuf_4_0_0_clk/I (gf180mcu_fd_sc_mcu7t5v0__clkbuf_8)
     2    0.051262    0.279919    0.555187    1.336383 ^ clkbuf_4_0_0_clk/Z (gf180mcu_fd_sc_mcu7t5v0__clkbuf_8)
                                                         clknet_4_0_0_clk (net)
                      0.279919    0.001093    1.337475 ^ clkbuf_5_0__f_clk/I (gf180mcu_fd_sc_mcu7t5v0__clkbuf_16)
     2    0.011708    0.144991    0.411899    1.749375 ^ clkbuf_5_0__f_clk/Z (gf180mcu_fd_sc_mcu7t5v0__clkbuf_16)
                                                         clknet_5_0__leaf_clk (net)
                      0.144991    0.000212    1.749587 ^ _375_/CLK (gf180mcu_fd_sc_mcu7t5v0__dffrnq_1)
     1    0.004813    0.196692    1.275206    3.024793 v _375_/Q (gf180mcu_fd_sc_mcu7t5v0__dffrnq_1)
                                                         dsa[30].last_carry (net)
                      0.196692    0.000048    3.024841 v _237_/I (gf180mcu_fd_sc_mcu7t5v0__clkinv_1)
     2    0.011842    0.401712    0.296448    3.321289 ^ _237_/ZN (gf180mcu_fd_sc_mcu7t5v0__clkinv_1)
                                                         _003_ (net)
                      0.401712    0.000174    3.321463 ^ _260_/A1 (gf180mcu_fd_sc_mcu7t5v0__oai21_1)
     1    0.004175    0.267260    0.226384    3.547847 v _260_/ZN (gf180mcu_fd_sc_mcu7t5v0__oai21_1)
                                                         dsa[30].last_carry_next (net)
                      0.267260    0.000078    3.547925 v _375_/D (gf180mcu_fd_sc_mcu7t5v0__dffrnq_1)
                                              3.547925   data arrival time

                                  0.000000    0.000000   clock clk (rise edge)
                                  0.000000    0.000000   clock source latency
     1    0.031016    0.274098    0.126533    0.126533 ^ clk (in)
                                                         clk (net)
                      0.274099    0.000000    0.126533 ^ clkbuf_0_clk/I (gf180mcu_fd_sc_mcu7t5v0__clkbuf_16)
    16    0.226334    0.476887    0.649817    0.776350 ^ clkbuf_0_clk/Z (gf180mcu_fd_sc_mcu7t5v0__clkbuf_16)
                                                         clknet_0_clk (net)
                      0.476909    0.004846    0.781196 ^ clkbuf_4_0_0_clk/I (gf180mcu_fd_sc_mcu7t5v0__clkbuf_8)
     2    0.051262    0.279919    0.555187    1.336383 ^ clkbuf_4_0_0_clk/Z (gf180mcu_fd_sc_mcu7t5v0__clkbuf_8)
                                                         clknet_4_0_0_clk (net)
                      0.279919    0.001093    1.337475 ^ clkbuf_5_0__f_clk/I (gf180mcu_fd_sc_mcu7t5v0__clkbuf_16)
     2    0.011708    0.144991    0.411899    1.749375 ^ clkbuf_5_0__f_clk/Z (gf180mcu_fd_sc_mcu7t5v0__clkbuf_16)
                                                         clknet_5_0__leaf_clk (net)
                      0.144991    0.000212    1.749587 ^ _375_/CLK (g