
===========================================================================
 report_power
============================================================================
======================= nom_ss_125C_4v50 Corner ===================================

Group                    Internal    Switching      Leakage        Total
                            Power        Power        Power        Power (Watts)
------------------------------------------------------------------------
Sequential           2.493960e-03 3.429940e-04 7.967510e-08 2.837033e-03  27.2%
Combinational        1.171662e-03 6.510658e-04 1.990736e-07 1.822927e-03  17.5%
Clock                4.583857e-03 1.178386e-03 3.647031e-07 5.762607e-03  55.3%
Macro                0.000000e+00 0.000000e+00 0.000000e+00 0.000000e+00   0.0%
Pad                  0.000000e+00 0.000000e+00 0.000000e+00 0.000000e+00   0.0%
------------------------------------------------------------------------
Total                8.249477e-03 2.172445e-03 6.434548e-07 1.042257e-02 100.0%
                            79.2%        20.8%         0.0%

