
===========================================================================
report_checks -unconstrained
===========================================================================
======================= nom_ss_125C_4v50 Corner ===================================

Startpoint: rst (input port clocked by clk)
Endpoint: _376_ (recovery check against rising-edge clock clk)
Path Group: asynchronous
Path Type: max

Fanout         Cap        Slew       Delay        Time   Description
---------------------------------------------------------------------------------------------
                                  0.000000    0.000000   clock clk (rise edge)
                                  0.000000    0.000000   clock network delay (propagated)
                                  4.800000    4.800000 ^ input external delay
     1    0.004376    0.211152    0.070367    4.870367 ^ rst (in)
                                                         rst (net)
                      0.211152    0.000000    4.870367 ^ input33/I (gf180mcu_fd_sc_mcu7t5v0__dlyb_1)
     1    0.008359    0.387188    1.752494    6.622861 ^ input33/Z (gf180mcu_fd_sc_mcu7t5v0__dlyb_1)
                                                         net33 (net)
                      0.387188    0.000206    6.623067 ^ fanout104/I (gf180mcu_fd_sc_mcu7t5v0__dlyb_1)
     2    0.016698    0.593059    1.915856    8.538922 ^ fanout104/Z (gf180mcu_fd_sc_mcu7t5v0__dlyb_1)
                                                         net104 (net)
                      0.593059    0.000501    8.539424 ^ fanout90/I (gf180mcu_fd_sc_mcu7t5v0__dlyb_1)
     2    0.014813    0.546221    1.910465   10.449888 ^ fanout90/Z (gf180mcu_fd_sc_mcu7t5v0__dlyb_1)
                                                         net90 (net)
                      0.546221    0.000277   10.450166 ^ fanout82/I (gf180mcu_fd_sc_mcu7t5v0__dlyb_1)
     4    0.028658    0.897920    2.127043   12.577209 ^ fanout82/Z (gf180mcu_fd_sc_mcu7t5v0__dlyb_1)
                                                         net82 (net)
                      0.897920    0.000691   12.577899 ^ fanout79/I (gf180mcu_fd_sc_mcu7t5v0__dlyb_1)
     4    0.034126    1.038971    2.232610   14.810509 ^ fanout79/Z (gf180mcu_fd_sc_mcu7t5v0__dlyb_1)
                                                         net79 (net)
                      1.038971    0.000173   14.810682 ^ fanout78/I (gf180mcu_fd_sc_mcu7t5v0__dlyb_1)
     4    0.035031    1.062471    2.254241   17.064922 ^ fanout78/Z (gf180mcu_fd_sc_mcu7t5v0__dlyb_1)
                                                         net78 (net)
                      1.062471    0.000878   17.065800 ^ _376_/RN (gf180mcu_fd_sc_mcu7t5v0__dffrnq_1)
                                             17.065800   data arrival time

                                 24.000000   24.000000   clock clk (rise edge)
                                  0.000000   24.000000   clock source latency
     1    0.031016    0.274098    0.126532   24.126532 ^ clk (in)
                                                         clk (net)
                      0.274099    0.000000   24.126532 ^ clkbuf_0_clk/I (gf180mcu_fd_sc_mcu7t5v0__clkbuf_16)
    16    0.226334    0.476887    0.649818   24.776348 ^ clkbuf_0_clk/Z (gf180mcu_fd_sc_mcu7t5v0__clkbuf_16)
                                                         clknet_0_clk (net)
                      0.476909    0.004846   24.781195 ^ clkbuf_4_0_0_clk/I (gf180mcu_fd_sc_mcu7t5v0__clkbuf_8)
     2    0.051262    0.279919    0.555188   25.336382 ^ clkbuf_4_0_0_clk/Z (gf180mcu_fd_sc_mcu7t5v0__clkbuf_8)
                                                         clknet_4_0_0_clk (net)
                      0.279920    0.001176   25.337559 ^ clkbuf_5_1__f_clk/I (gf180mcu_fd_sc_mcu7t5v0__clkbuf_16)
     2    0.008723    0.140039    0.407450   25.745008 ^ clkbuf_5_1__f_clk/Z (gf180mcu_fd_sc_mcu7t5v0__clkbuf_16)
                                                         clknet_5_1__leaf_clk (net)
                      0.140039    0.000178   25.745186 ^ _376_/CLK (gf180mcu_fd_sc_mcu7t5v0__dffrnq_1)
                  